Apr  3 14:50:18 Gentoo-Desktop kernel: [    0.000000] Initializing cgroup subsys cpuset
Apr  3 14:50:18 Gentoo-Desktop kernel: [    0.000000] Linux version 3.2.1-gentoo-r2 (root@Gentoo-Desktop) (gcc version 4.5.3 (Gentoo 4.5.3-r2 p1.1, pie-0.4.7) ) #42 SMP Wed Mar 28 16:26:50 CEST 2012
Apr  3 14:50:18 Gentoo-Desktop kernel: [    0.000000] Command line: BOOT_IMAGE=/boot/bzImage-clean root=/dev/sda7 fastboot
Apr  3 14:50:18 Gentoo-Desktop kernel: [    0.000000] BIOS-provided physical RAM map:
Apr  3 14:50:18 Gentoo-Desktop kernel: [    0.000000]  BIOS-e820: 0000000000000000 - 000000000009e800 (usable)
Apr  3 14:50:18 Gentoo-Desktop kernel: [    0.000000]  BIOS-e820: 000000000009e800 - 00000000000a0000 (reserved)
Apr  3 14:50:18 Gentoo-Desktop kernel: [    0.000000]  BIOS-e820: 00000000000d2000 - 00000000000d4000 (reserved)
Apr  3 14:50:18 Gentoo-Desktop kernel: [    0.000000]  BIOS-e820: 00000000000dc000 - 0000000000100000 (reserved)
Apr  3 14:50:18 Gentoo-Desktop kernel: [    0.000000]  BIOS-e820: 0000000000100000 - 00000000bba7c000 (usable)
Apr  3 14:50:18 Gentoo-Desktop kernel: [    0.000000]  BIOS-e820: 00000000bba7c000 - 00000000bba82000 (reserved)
Apr  3 14:50:18 Gentoo-Desktop kernel: [    0.000000]  BIOS-e820: 00000000bba82000 - 00000000bbb49000 (usable)
Apr  3 14:50:18 Gentoo-Desktop kernel: [    0.000000]  BIOS-e820: 00000000bbb49000 - 00000000bbb5c000 (reserved)
Apr  3 14:50:18 Gentoo-Desktop kernel: [    0.000000]  BIOS-e820: 00000000bbb5c000 - 00000000bbbdd000 (ACPI NVS)
Apr  3 14:50:18 Gentoo-Desktop kernel: [    0.000000]  BIOS-e820: 00000000bbbdd000 - 00000000bbc0f000 (reserved)
Apr  3 14:50:18 Gentoo-Desktop kernel: [    0.000000]  BIOS-e820: 00000000bbc0f000 - 00000000bbc5d000 (usable)
Apr  3 14:50:18 Gentoo-Desktop kernel: [    0.000000]  BIOS-e820: 00000000bbc5d000 - 00000000bbe68000 (reserved)
Apr  3 14:50:18 Gentoo-Desktop kernel: [    0.000000]  BIOS-e820: 00000000bbe68000 - 00000000bbee8000 (ACPI NVS)
Apr  3 14:50:18 Gentoo-Desktop kernel: [    0.000000]  BIOS-e820: 00000000bbee8000 - 00000000bbf0f000 (reserved)
Apr  3 14:50:18 Gentoo-Desktop kernel: [    0.000000]  BIOS-e820: 00000000bbf0f000 - 00000000bbf18000 (usable)
Apr  3 14:50:18 Gentoo-Desktop kernel: [    0.000000]  BIOS-e820: 00000000bbf18000 - 00000000bbf1f000 (reserved)
Apr  3 14:50:18 Gentoo-Desktop kernel: [    0.000000]  BIOS-e820: 00000000bbf1f000 - 00000000bbf6c000 (usable)
Apr  3 14:50:18 Gentoo-Desktop kernel: [    0.000000]  BIOS-e820: 00000000bbf6c000 - 00000000bbf7a000 (ACPI NVS)
Apr  3 14:50:18 Gentoo-Desktop kernel: [    0.000000]  BIOS-e820: 00000000bbf7a000 - 00000000bbf7d000 (ACPI data)
Apr  3 14:50:18 Gentoo-Desktop kernel: [    0.000000]  BIOS-e820: 00000000bbf7d000 - 00000000bbf81000 (ACPI NVS)
Apr  3 14:50:18 Gentoo-Desktop kernel: [    0.000000]  BIOS-e820: 00000000bbf81000 - 00000000bbf82000 (ACPI data)
Apr  3 14:50:18 Gentoo-Desktop kernel: [    0.000000]  BIOS-e820: 00000000bbf82000 - 00000000bbf8b000 (ACPI NVS)
Apr  3 14:50:18 Gentoo-Desktop kernel: [    0.000000]  BIOS-e820: 00000000bbf8b000 - 00000000bbf8c000 (ACPI data)
Apr  3 14:50:18 Gentoo-Desktop kernel: [    0.000000]  BIOS-e820: 00000000bbf8c000 - 00000000bbf9f000 (ACPI NVS)
Apr  3 14:50:18 Gentoo-Desktop kernel: [    0.000000]  BIOS-e820: 00000000bbf9f000 - 00000000bbfff000 (ACPI data)
Apr  3 14:50:18 Gentoo-Desktop kernel: [    0.000000]  BIOS-e820: 00000000bbfff000 - 00000000bc000000 (usable)
Apr  3 14:50:18 Gentoo-Desktop kernel: [    0.000000]  BIOS-e820: 00000000bc000000 - 00000000be000000 (reserved)
Apr  3 14:50:18 Gentoo-Desktop kernel: [    0.000000]  BIOS-e820: 00000000bf800000 - 00000000c0000000 (reserved)
Apr  3 14:50:18 Gentoo-Desktop kernel: [    0.000000]  BIOS-e820: 00000000e0000000 - 00000000f0000000 (reserved)
Apr  3 14:50:18 Gentoo-Desktop kernel: [    0.000000]  BIOS-e820: 00000000feaff000 - 00000000feb00000 (reserved)
Apr  3 14:50:18 Gentoo-Desktop kernel: [    0.000000]  BIOS-e820: 00000000fec00000 - 00000000fec10000 (reserved)
Apr  3 14:50:18 Gentoo-Desktop kernel: [    0.000000]  BIOS-e820: 00000000fed00000 - 00000000fed00400 (reserved)
Apr  3 14:50:18 Gentoo-Desktop kernel: [    0.000000]  BIOS-e820: 00000000fed1c000 - 00000000fed90000 (reserved)
Apr  3 14:50:18 Gentoo-Desktop kernel: [    0.000000]  BIOS-e820: 00000000fee00000 - 00000000fee01000 (reserved)
Apr  3 14:50:18 Gentoo-Desktop kernel: [    0.000000]  BIOS-e820: 00000000ff000000 - 0000000100000000 (reserved)
Apr  3 14:50:18 Gentoo-Desktop kernel: [    0.000000]  BIOS-e820: 0000000100000000 - 00000002c0000000 (usable)
Apr  3 14:50:18 Gentoo-Desktop kernel: [    0.000000] NX (Execute Disable) protection: active
Apr  3 14:50:18 Gentoo-Desktop kernel: [    0.000000] DMI present.
Apr  3 14:50:18 Gentoo-Desktop kernel: [    0.000000] DMI: LENOVO 4876A54/4876A54, BIOS 6NET74WW (1.34 ) 10/27/2010
Apr  3 14:50:18 Gentoo-Desktop kernel: [    0.000000] e820 update range: 0000000000000000 - 0000000000010000 (usable) ==> (reserved)
Apr  3 14:50:18 Gentoo-Desktop kernel: [    0.000000] e820 remove range: 00000000000a0000 - 0000000000100000 (usable)
Apr  3 14:50:18 Gentoo-Desktop kernel: [    0.000000] No AGP bridge found
Apr  3 14:50:18 Gentoo-Desktop kernel: [    0.000000] last_pfn = 0x2c0000 max_arch_pfn = 0x400000000
Apr  3 14:50:18 Gentoo-Desktop kernel: [    0.000000] MTRR default type: uncachable
Apr  3 14:50:18 Gentoo-Desktop kernel: [    0.000000] MTRR fixed ranges enabled:
Apr  3 14:50:18 Gentoo-Desktop kernel: [    0.000000]   00000-9FFFF write-back
Apr  3 14:50:18 Gentoo-Desktop kernel: [    0.000000]   A0000-BFFFF uncachable
Apr  3 14:50:18 Gentoo-Desktop kernel: [    0.000000]   C0000-D3FFF write-protect
Apr  3 14:50:18 Gentoo-Desktop kernel: [    0.000000]   D4000-DBFFF uncachable
Apr  3 14:50:18 Gentoo-Desktop kernel: [    0.000000]   DC000-FFFFF write-protect
Apr  3 14:50:18 Gentoo-Desktop kernel: [    0.000000] MTRR variable ranges enabled:
Apr  3 14:50:18 Gentoo-Desktop kernel: [    0.000000]   0 disabled
Apr  3 14:50:18 Gentoo-Desktop kernel: [    0.000000]   1 base 000000000 mask F80000000 write-back
Apr  3 14:50:18 Gentoo-Desktop kernel: [    0.000000]   2 base 080000000 mask FC0000000 write-back
Apr  3 14:50:18 Gentoo-Desktop kernel: [    0.000000]   3 base 100000000 mask F00000000 write-back
Apr  3 14:50:18 Gentoo-Desktop kernel: [    0.000000]   4 base 200000000 mask F80000000 write-back
Apr  3 14:50:18 Gentoo-Desktop kernel: [    0.000000]   5 base 280000000 mask FC0000000 write-back
Apr  3 14:50:18 Gentoo-Desktop kernel: [    0.000000]   6 base 0BC000000 mask FFE000000 uncachable
Apr  3 14:50:18 Gentoo-Desktop kernel: [    0.000000]   7 disabled
Apr  3 14:50:18 Gentoo-Desktop kernel: [    0.000000] x86 PAT enabled: cpu 0, old 0x7040600070406, new 0x7010600070106
Apr  3 14:50:18 Gentoo-Desktop kernel: [    0.000000] e820 update range: 00000000bc000000 - 00000000be000000 (usable) ==> (reserved)
Apr  3 14:50:18 Gentoo-Desktop kernel: [    0.000000] e820 update range: 00000000c0000000 - 0000000100000000 (usable) ==> (reserved)
Apr  3 14:50:18 Gentoo-Desktop kernel: [    0.000000] last_pfn = 0xbc000 max_arch_pfn = 0x400000000
Apr  3 14:50:18 Gentoo-Desktop kernel: [    0.000000] found SMP MP-table at [ffff8800000f68c0] f68c0
Apr  3 14:50:18 Gentoo-Desktop kernel: [    0.000000] initial memory mapped : 0 - 20000000
Apr  3 14:50:18 Gentoo-Desktop kernel: [    0.000000] Base memory trampoline at [ffff880000099000] 99000 size 20480
Apr  3 14:50:18 Gentoo-Desktop kernel: [    0.000000] init_memory_mapping: 0000000000000000-00000000bc000000
Apr  3 14:50:18 Gentoo-Desktop kernel: [    0.000000]  0000000000 - 00bc000000 page 2M
Apr  3 14:50:18 Gentoo-Desktop kernel: [    0.000000] kernel direct mapping tables up to bc000000 @ 1fffc000-20000000
Apr  3 14:50:18 Gentoo-Desktop kernel: [    0.000000] init_memory_mapping: 0000000100000000-00000002c0000000
Apr  3 14:50:18 Gentoo-Desktop kernel: [    0.000000]  0100000000 - 02c0000000 page 2M
Apr  3 14:50:18 Gentoo-Desktop kernel: [    0.000000] kernel direct mapping tables up to 2c0000000 @ bbf60000-bbf6c000
Apr  3 14:50:18 Gentoo-Desktop kernel: [    0.000000] ACPI: RSDP 00000000000f6890 00024 (v02 LENOVO)
Apr  3 14:50:18 Gentoo-Desktop kernel: [    0.000000] ACPI: XSDT 00000000bbff1c59 00094 (v01 LENOVO TP-6N    00001340  LTP 00000000)
Apr  3 14:50:18 Gentoo-Desktop kernel: [    0.000000] ACPI: FACP 00000000bbff1e00 000F4 (v04 LENOVO TP-6N    00001340 LNVO 00000001)
Apr  3 14:50:18 Gentoo-Desktop kernel: [    0.000000] ACPI: DSDT 00000000bbff209b 0CC8B (v01 LENOVO TP-6N    00001340 MSFT 03000001)
Apr  3 14:50:18 Gentoo-Desktop kernel: [    0.000000] ACPI: FACS 00000000bbee7000 00040
Apr  3 14:50:18 Gentoo-Desktop kernel: [    0.000000] ACPI: SSDT 00000000bbff1fb4 000E7 (v01 LENOVO TP-6N    00001340 MSFT 03000001)
Apr  3 14:50:18 Gentoo-Desktop kernel: [    0.000000] ACPI: ECDT 00000000bbffed26 00052 (v01 LENOVO TP-6N    00001340 LNVO 00000001)
Apr  3 14:50:18 Gentoo-Desktop kernel: [    0.000000] ACPI: APIC 00000000bbffed78 000BC (v01 LENOVO TP-6N    00001340 LNVO 00000001)
Apr  3 14:50:18 Gentoo-Desktop kernel: [    0.000000] ACPI: MCFG 00000000bbffee34 0003C (v01 LENOVO TP-6N    00001340 LNVO 00000001)
Apr  3 14:50:18 Gentoo-Desktop kernel: [    0.000000] ACPI: HPET 00000000bbffee70 00038 (v01 LENOVO TP-6N    00001340 LNVO 00000001)
Apr  3 14:50:18 Gentoo-Desktop kernel: [    0.000000] ACPI: ASF! 00000000bbffef34 000A4 (v16 LENOVO TP-6N    00001340 PTL  00000001)
Apr  3 14:50:18 Gentoo-Desktop kernel: [    0.000000] ACPI: BOOT 00000000bbffefd8 00028 (v01 LENOVO TP-6N    00001340  LTP 00000001)
Apr  3 14:50:18 Gentoo-Desktop kernel: [    0.000000] ACPI: SSDT 00000000bbee591a 0084B (v01 LENOVO TP-6N    00001340 INTL 20050513)
Apr  3 14:50:18 Gentoo-Desktop kernel: [    0.000000] ACPI: TCPA 00000000bbf8b000 00032 (v02    PTL  CRESTLN 06040000      00005A52)
Apr  3 14:50:18 Gentoo-Desktop kernel: [    0.000000] ACPI: DMAR 00000000bbf81000 00068 (v01 INTEL  CP_FIELD 00000001 INTL 00000001)
Apr  3 14:50:18 Gentoo-Desktop kernel: [    0.000000] ACPI: SSDT 00000000bbf7c000 009F1 (v01  PmRef    CpuPm 00003000 INTL 20060912)
Apr  3 14:50:18 Gentoo-Desktop kernel: [    0.000000] ACPI: SSDT 00000000bbf7b000 00259 (v01  PmRef  Cpu0Tst 00003000 INTL 20060912)
Apr  3 14:50:18 Gentoo-Desktop kernel: [    0.000000] ACPI: SSDT 00000000bbf7a000 0049F (v01  PmRef    ApTst 00003000 INTL 20060912)
Apr  3 14:50:18 Gentoo-Desktop kernel: [    0.000000] ACPI: Local APIC address 0xfee00000
Apr  3 14:50:18 Gentoo-Desktop kernel: [    0.000000]  [ffffea0000000000-ffffea00099fffff] PMD -> [ffff8802b5600000-ffff8802be1fffff] on node 0
Apr  3 14:50:18 Gentoo-Desktop kernel: [    0.000000] Zone PFN ranges:
Apr  3 14:50:18 Gentoo-Desktop kernel: [    0.000000]   DMA      0x00000010 -> 0x00001000
Apr  3 14:50:18 Gentoo-Desktop kernel: [    0.000000]   DMA32    0x00001000 -> 0x00100000
Apr  3 14:50:18 Gentoo-Desktop kernel: [    0.000000]   Normal   0x00100000 -> 0x002c0000
Apr  3 14:50:18 Gentoo-Desktop kernel: [    0.000000] Movable zone start PFN for each node
Apr  3 14:50:18 Gentoo-Desktop kernel: [    0.000000] early_node_map[8] active PFN ranges
Apr  3 14:50:18 Gentoo-Desktop kernel: [    0.000000]     0: 0x00000010 -> 0x0000009e
Apr  3 14:50:18 Gentoo-Desktop kernel: [    0.000000]     0: 0x00000100 -> 0x000bba7c
Apr  3 14:50:18 Gentoo-Desktop kernel: [    0.000000]     0: 0x000bba82 -> 0x000bbb49
Apr  3 14:50:18 Gentoo-Desktop kernel: [    0.000000]     0: 0x000bbc0f -> 0x000bbc5d
Apr  3 14:50:18 Gentoo-Desktop kernel: [    0.000000]     0: 0x000bbf0f -> 0x000bbf18
Apr  3 14:50:18 Gentoo-Desktop kernel: [    0.000000]     0: 0x000bbf1f -> 0x000bbf6c
Apr  3 14:50:18 Gentoo-Desktop kernel: [    0.000000]     0: 0x000bbfff -> 0x000bc000
Apr  3 14:50:18 Gentoo-Desktop kernel: [    0.000000]     0: 0x00100000 -> 0x002c0000
Apr  3 14:50:18 Gentoo-Desktop kernel: [    0.000000] On node 0 totalpages: 2603894
Apr  3 14:50:18 Gentoo-Desktop kernel: [    0.000000]   DMA zone: 56 pages used for memmap
Apr  3 14:50:18 Gentoo-Desktop kernel: [    0.000000]   DMA zone: 5 pages reserved
Apr  3 14:50:18 Gentoo-Desktop kernel: [    0.000000]   DMA zone: 3921 pages, LIFO batch:0
Apr  3 14:50:18 Gentoo-Desktop kernel: [    0.000000]   DMA32 zone: 14280 pages used for memmap
Apr  3 14:50:18 Gentoo-Desktop kernel: [    0.000000]   DMA32 zone: 750624 pages, LIFO batch:31
Apr  3 14:50:18 Gentoo-Desktop kernel: [    0.000000]   Normal zone: 25088 pages used for memmap
Apr  3 14:50:18 Gentoo-Desktop kernel: [    0.000000]   Normal zone: 1809920 pages, LIFO batch:31
Apr  3 14:50:18 Gentoo-Desktop kernel: [    0.000000] ACPI: PM-Timer IO Port: 0x1008
Apr  3 14:50:18 Gentoo-Desktop kernel: [    0.000000] ACPI: Local APIC address 0xfee00000
Apr  3 14:50:18 Gentoo-Desktop kernel: [    0.000000] ACPI: LAPIC (acpi_id[0x00] lapic_id[0x00] enabled)
Apr  3 14:50:18 Gentoo-Desktop kernel: [    0.000000] ACPI: LAPIC (acpi_id[0x01] lapic_id[0x01] enabled)
Apr  3 14:50:18 Gentoo-Desktop kernel: [    0.000000] ACPI: LAPIC (acpi_id[0x02] lapic_id[0x02] enabled)
Apr  3 14:50:18 Gentoo-Desktop kernel: [    0.000000] ACPI: LAPIC (acpi_id[0x03] lapic_id[0x03] enabled)
Apr  3 14:50:18 Gentoo-Desktop kernel: [    0.000000] ACPI: LAPIC (acpi_id[0x04] lapic_id[0x04] enabled)
Apr  3 14:50:18 Gentoo-Desktop kernel: [    0.000000] ACPI: LAPIC (acpi_id[0x05] lapic_id[0x05] enabled)
Apr  3 14:50:18 Gentoo-Desktop kernel: [    0.000000] ACPI: LAPIC (acpi_id[0x06] lapic_id[0x06] enabled)
Apr  3 14:50:18 Gentoo-Desktop kernel: [    0.000000] ACPI: LAPIC (acpi_id[0x07] lapic_id[0x07] enabled)
Apr  3 14:50:18 Gentoo-Desktop kernel: [    0.000000] ACPI: LAPIC_NMI (acpi_id[0x00] high edge lint[0x1])
Apr  3 14:50:18 Gentoo-Desktop kernel: [    0.000000] ACPI: LAPIC_NMI (acpi_id[0x01] high edge lint[0x1])
Apr  3 14:50:18 Gentoo-Desktop kernel: [    0.000000] ACPI: LAPIC_NMI (acpi_id[0x02] high edge lint[0x1])
Apr  3 14:50:18 Gentoo-Desktop kernel: [    0.000000] ACPI: LAPIC_NMI (acpi_id[0x03] high edge lint[0x1])
Apr  3 14:50:18 Gentoo-Desktop kernel: [    0.000000] ACPI: LAPIC_NMI (acpi_id[0x04] high edge lint[0x1])
Apr  3 14:50:18 Gentoo-Desktop kernel: [    0.000000] ACPI: LAPIC_NMI (acpi_id[0x05] high edge lint[0x1])
Apr  3 14:50:18 Gentoo-Desktop kernel: [    0.000000] ACPI: LAPIC_NMI (acpi_id[0x06] high edge lint[0x1])
Apr  3 14:50:18 Gentoo-Desktop kernel: [    0.000000] ACPI: LAPIC_NMI (acpi_id[0x07] high edge lint[0x1])
Apr  3 14:50:18 Gentoo-Desktop kernel: [    0.000000] ACPI: IOAPIC (id[0x01] address[0xfec00000] gsi_base[0])
Apr  3 14:50:18 Gentoo-Desktop kernel: [    0.000000] IOAPIC[0]: apic_id 1, version 32, address 0xfec00000, GSI 0-23
Apr  3 14:50:18 Gentoo-Desktop kernel: [    0.000000] ACPI: INT_SRC_OVR (bus 0 bus_irq 0 global_irq 2 dfl dfl)
Apr  3 14:50:18 Gentoo-Desktop kernel: [    0.000000] ACPI: INT_SRC_OVR (bus 0 bus_irq 9 global_irq 9 high level)
Apr  3 14:50:18 Gentoo-Desktop kernel: [    0.000000] ACPI: IRQ0 used by override.
Apr  3 14:50:18 Gentoo-Desktop kernel: [    0.000000] ACPI: IRQ2 used by override.
Apr  3 14:50:18 Gentoo-Desktop kernel: [    0.000000] ACPI: IRQ9 used by override.
Apr  3 14:50:18 Gentoo-Desktop kernel: [    0.000000] Using ACPI (MADT) for SMP configuration information
Apr  3 14:50:18 Gentoo-Desktop kernel: [    0.000000] ACPI: HPET id: 0x8086a701 base: 0xfed00000
Apr  3 14:50:18 Gentoo-Desktop kernel: [    0.000000] SMP: Allowing 8 CPUs, 0 hotplug CPUs
Apr  3 14:50:18 Gentoo-Desktop kernel: [    0.000000] nr_irqs_gsi: 40
Apr  3 14:50:18 Gentoo-Desktop kernel: [    0.000000] Allocating PCI resources starting at c0000000 (gap: c0000000:20000000)
Apr  3 14:50:18 Gentoo-Desktop kernel: [    0.000000] Booting paravirtualized kernel on bare hardware
Apr  3 14:50:18 Gentoo-Desktop kernel: [    0.000000] setup_percpu: NR_CPUS:8 nr_cpumask_bits:8 nr_cpu_ids:8 nr_node_ids:1
Apr  3 14:50:18 Gentoo-Desktop kernel: [    0.000000] PERCPU: Embedded 26 pages/cpu @ffff8802bfc00000 s75456 r8192 d22848 u262144
Apr  3 14:50:18 Gentoo-Desktop kernel: [    0.000000] pcpu-alloc: s75456 r8192 d22848 u262144 alloc=1*2097152
Apr  3 14:50:18 Gentoo-Desktop kernel: [    0.000000] pcpu-alloc: [0] 0 1 2 3 4 5 6 7 
Apr  3 14:50:18 Gentoo-Desktop kernel: [    0.000000] Built 1 zonelists in Zone order, mobility grouping on.  Total pages: 2564465
Apr  3 14:50:18 Gentoo-Desktop kernel: [    0.000000] Kernel command line: BOOT_IMAGE=/boot/bzImage-clean root=/dev/sda7 fastboot
Apr  3 14:50:18 Gentoo-Desktop kernel: [    0.000000] PID hash table entries: 4096 (order: 3, 32768 bytes)
Apr  3 14:50:18 Gentoo-Desktop kernel: [    0.000000] Dentry cache hash table entries: 2097152 (order: 12, 16777216 bytes)
Apr  3 14:50:18 Gentoo-Desktop kernel: [    0.000000] Inode-cache hash table entries: 1048576 (order: 11, 8388608 bytes)
Apr  3 14:50:18 Gentoo-Desktop kernel: [    0.000000] Checking aperture...
Apr  3 14:50:18 Gentoo-Desktop kernel: [    0.000000] No AGP bridge found
Apr  3 14:50:18 Gentoo-Desktop kernel: [    0.000000] Calgary: detecting Calgary via BIOS EBDA area
Apr  3 14:50:18 Gentoo-Desktop kernel: [    0.000000] Calgary: Unable to locate Rio Grande table in EBDA - bailing!
Apr  3 14:50:18 Gentoo-Desktop kernel: [    0.000000] Memory: 10172588k/11534336k available (4980k kernel code, 1118760k absent, 242988k reserved, 1983k data, 516k init)
Apr  3 14:50:18 Gentoo-Desktop kernel: [    0.000000] Hierarchical RCU implementation.
Apr  3 14:50:18 Gentoo-Desktop kernel: [    0.000000] NR_IRQS:4352 nr_irqs:744 16
Apr  3 14:50:18 Gentoo-Desktop kernel: [    0.000000] Extended CMOS year: 2000
Apr  3 14:50:18 Gentoo-Desktop kernel: [    0.000000] Console: colour VGA+ 80x25
Apr  3 14:50:18 Gentoo-Desktop kernel: [    0.000000] console [tty0] enabled
Apr  3 14:50:18 Gentoo-Desktop kernel: [    0.000000] hpet clockevent registered
Apr  3 14:50:18 Gentoo-Desktop kernel: [    0.000000] Fast TSC calibration using PIT
Apr  3 14:50:18 Gentoo-Desktop kernel: [    0.010000] Detected 1728.711 MHz processor.
Apr  3 14:50:18 Gentoo-Desktop kernel: [    0.000002] Calibrating delay loop (skipped), value calculated using timer frequency.. 3457.42 BogoMIPS (lpj=17287110)
Apr  3 14:50:18 Gentoo-Desktop kernel: [    0.000218] pid_max: default: 32768 minimum: 301
Apr  3 14:50:18 Gentoo-Desktop kernel: [    0.000374] Mount-cache hash table entries: 256
Apr  3 14:50:18 Gentoo-Desktop kernel: [    0.000575] Initializing cgroup subsys cpuacct
Apr  3 14:50:18 Gentoo-Desktop kernel: [    0.000704] CPU: Physical Processor ID: 0
Apr  3 14:50:18 Gentoo-Desktop kernel: [    0.000809] CPU: Processor Core ID: 0
Apr  3 14:50:18 Gentoo-Desktop kernel: [    0.000917] mce: CPU supports 9 MCE banks
Apr  3 14:50:18 Gentoo-Desktop kernel: [    0.001035] CPU0: Thermal monitoring enabled (TM1)
Apr  3 14:50:18 Gentoo-Desktop kernel: [    0.001153] using mwait in idle threads.
Apr  3 14:50:18 Gentoo-Desktop kernel: [    0.002154] ACPI: Core revision 20110623
Apr  3 14:50:18 Gentoo-Desktop kernel: [    0.070918] ..TIMER: vector=0x30 apic1=0 pin1=2 apic2=-1 pin2=-1
Apr  3 14:50:18 Gentoo-Desktop kernel: [    0.171000] CPU0: Intel(R) Core(TM) i7 CPU       Q 820  @ 1.73GHz stepping 05
Apr  3 14:50:18 Gentoo-Desktop kernel: [    0.288028] Performance Events: PEBS fmt1+, erratum AAJ80 worked around, Nehalem events, Intel PMU driver.
Apr  3 14:50:18 Gentoo-Desktop kernel: [    0.288613] ... version:                3
Apr  3 14:50:18 Gentoo-Desktop kernel: [    0.288739] ... bit width:              48
Apr  3 14:50:18 Gentoo-Desktop kernel: [    0.288866] ... generic registers:      4
Apr  3 14:50:18 Gentoo-Desktop kernel: [    0.288993] ... value mask:             0000ffffffffffff
Apr  3 14:50:18 Gentoo-Desktop kernel: [    0.289122] ... max period:             000000007fffffff
Apr  3 14:50:18 Gentoo-Desktop kernel: [    0.289249] ... fixed-purpose events:   3
Apr  3 14:50:18 Gentoo-Desktop kernel: [    0.289377] ... event mask:             000000070000000f
Apr  3 14:50:18 Gentoo-Desktop kernel: [    0.289632] Booting Node   0, Processors  #1
Apr  3 14:50:18 Gentoo-Desktop kernel: [    0.289860] smpboot cpu 1: start_ip = 99000
Apr  3 14:50:18 Gentoo-Desktop kernel: [    0.468071]  #2
Apr  3 14:50:18 Gentoo-Desktop kernel: [    0.468188] smpboot cpu 2: start_ip = 99000
Apr  3 14:50:18 Gentoo-Desktop kernel: [    0.647994]  #3
Apr  3 14:50:18 Gentoo-Desktop kernel: [    0.648109] smpboot cpu 3: start_ip = 99000
Apr  3 14:50:18 Gentoo-Desktop kernel: [    0.827920]  #4
Apr  3 14:50:18 Gentoo-Desktop kernel: [    0.828036] smpboot cpu 4: start_ip = 99000
Apr  3 14:50:18 Gentoo-Desktop kernel: [    1.007843]  #5
Apr  3 14:50:18 Gentoo-Desktop kernel: [    1.007960] smpboot cpu 5: start_ip = 99000
Apr  3 14:50:18 Gentoo-Desktop kernel: [    1.187766]  #6
Apr  3 14:50:18 Gentoo-Desktop kernel: [    1.187882] smpboot cpu 6: start_ip = 99000
Apr  3 14:50:18 Gentoo-Desktop kernel: [    1.367690]  #7 Ok.
Apr  3 14:50:18 Gentoo-Desktop kernel: [    1.367819] smpboot cpu 7: start_ip = 99000
Apr  3 14:50:18 Gentoo-Desktop kernel: [    1.547439] Brought up 8 CPUs
Apr  3 14:50:18 Gentoo-Desktop kernel: [    1.547570] Total of 8 processors activated (27661.24 BogoMIPS).
Apr  3 14:50:18 Gentoo-Desktop kernel: [    1.554360] NET: Registered protocol family 16
Apr  3 14:50:18 Gentoo-Desktop kernel: [    1.554795] ACPI FADT declares the system doesn't support PCIe ASPM, so disable it
Apr  3 14:50:18 Gentoo-Desktop kernel: [    1.554941] ACPI: bus type pci registered
Apr  3 14:50:18 Gentoo-Desktop kernel: [    1.555097] dca service started, version 1.12.1
Apr  3 14:50:18 Gentoo-Desktop kernel: [    1.555266] PCI: MMCONFIG for domain 0000 [bus 00-ff] at [mem 0xe0000000-0xefffffff] (base 0xe0000000)
Apr  3 14:50:18 Gentoo-Desktop kernel: [    1.555419] PCI: MMCONFIG at [mem 0xe0000000-0xefffffff] reserved in E820
Apr  3 14:50:18 Gentoo-Desktop kernel: [    1.641668] PCI: Using configuration type 1 for base access
Apr  3 14:50:18 Gentoo-Desktop kernel: [    1.646103] bio: create slab <bio-0> at 0
Apr  3 14:50:18 Gentoo-Desktop kernel: [    1.646371] ACPI: Added _OSI(Module Device)
Apr  3 14:50:18 Gentoo-Desktop kernel: [    1.646501] ACPI: Added _OSI(Processor Device)
Apr  3 14:50:18 Gentoo-Desktop kernel: [    1.646630] ACPI: Added _OSI(3.0 _SCP Extensions)
Apr  3 14:50:18 Gentoo-Desktop kernel: [    1.646759] ACPI: Added _OSI(Processor Aggregator Device)
Apr  3 14:50:18 Gentoo-Desktop kernel: [    1.648354] ACPI: EC: EC description table is found, configuring boot EC
Apr  3 14:50:18 Gentoo-Desktop kernel: [    1.653069] [Firmware Bug]: ACPI: BIOS _OSI(Linux) query ignored
Apr  3 14:50:18 Gentoo-Desktop kernel: [    1.738225] ACPI: SSDT 00000000bbf1aa98 00343 (v01  PmRef  Cpu0Ist 00003000 INTL 20060912)
Apr  3 14:50:18 Gentoo-Desktop kernel: [    1.738934] ACPI: Dynamic OEM Table Load:
Apr  3 14:50:18 Gentoo-Desktop kernel: [    1.739281] ACPI: SSDT           (null) 00343 (v01  PmRef  Cpu0Ist 00003000 INTL 20060912)
Apr  3 14:50:18 Gentoo-Desktop kernel: [    1.741369] ACPI: SSDT 00000000bbf19718 006B2 (v01  PmRef  Cpu0Cst 00003001 INTL 20060912)
Apr  3 14:50:18 Gentoo-Desktop kernel: [    1.742087] ACPI: Dynamic OEM Table Load:
Apr  3 14:50:18 Gentoo-Desktop kernel: [    1.742430] ACPI: SSDT           (null) 006B2 (v01  PmRef  Cpu0Cst 00003001 INTL 20060912)
Apr  3 14:50:18 Gentoo-Desktop kernel: [    1.827693] ACPI: SSDT 00000000bbf1a718 00303 (v01  PmRef    ApIst 00003000 INTL 20060912)
Apr  3 14:50:18 Gentoo-Desktop kernel: [    1.828451] ACPI: Dynamic OEM Table Load:
Apr  3 14:50:18 Gentoo-Desktop kernel: [    1.828799] ACPI: SSDT           (null) 00303 (v01  PmRef    ApIst 00003000 INTL 20060912)
Apr  3 14:50:18 Gentoo-Desktop kernel: [    1.867566] ACPI: SSDT 00000000bbf18d98 00119 (v01  PmRef    ApCst 00003000 INTL 20060912)
Apr  3 14:50:18 Gentoo-Desktop kernel: [    1.868280] ACPI: Dynamic OEM Table Load:
Apr  3 14:50:18 Gentoo-Desktop kernel: [    1.868629] ACPI: SSDT           (null) 00119 (v01  PmRef    ApCst 00003000 INTL 20060912)
Apr  3 14:50:18 Gentoo-Desktop kernel: [    1.899941] ACPI: Interpreter enabled
Apr  3 14:50:18 Gentoo-Desktop kernel: [    1.900075] ACPI: (supports S0 S3 S5)
Apr  3 14:50:18 Gentoo-Desktop kernel: [    1.900549] ACPI: Using IOAPIC for interrupt routing
Apr  3 14:50:18 Gentoo-Desktop kernel: [    1.904956] ACPI: Power Resource [PUBS] (on)
Apr  3 14:50:18 Gentoo-Desktop kernel: [    1.909596] ACPI: EC: GPE = 0x11, I/O: command/status = 0x66, data = 0x62
Apr  3 14:50:18 Gentoo-Desktop kernel: [    1.909785] PCI: Using host bridge windows from ACPI; if necessary, use "pci=nocrs" and report a bug
Apr  3 14:50:18 Gentoo-Desktop kernel: [    1.909949] ACPI: PCI Root Bridge [UNCR] (domain 0000 [bus ff])
Apr  3 14:50:18 Gentoo-Desktop kernel: [    1.910138] pci 0000:ff:00.0: [8086:2c52] type 0 class 0x000600
Apr  3 14:50:18 Gentoo-Desktop kernel: [    1.910161] pci 0000:ff:00.1: [8086:2c81] type 0 class 0x000600
Apr  3 14:50:18 Gentoo-Desktop kernel: [    1.910181] pci 0000:ff:02.0: [8086:2c90] type 0 class 0x000600
Apr  3 14:50:18 Gentoo-Desktop kernel: [    1.910199] pci 0000:ff:02.1: [8086:2c91] type 0 class 0x000600
Apr  3 14:50:18 Gentoo-Desktop kernel: [    1.910219] pci 0000:ff:03.0: [8086:2c98] type 0 class 0x000600
Apr  3 14:50:18 Gentoo-Desktop kernel: [    1.910237] pci 0000:ff:03.1: [8086:2c99] type 0 class 0x000600
Apr  3 14:50:18 Gentoo-Desktop kernel: [    1.910255] pci 0000:ff:03.4: [8086:2c9c] type 0 class 0x000600
Apr  3 14:50:18 Gentoo-Desktop kernel: [    1.910274] pci 0000:ff:04.0: [8086:2ca0] type 0 class 0x000600
Apr  3 14:50:18 Gentoo-Desktop kernel: [    1.910291] pci 0000:ff:04.1: [8086:2ca1] type 0 class 0x000600
Apr  3 14:50:18 Gentoo-Desktop kernel: [    1.910308] pci 0000:ff:04.2: [8086:2ca2] type 0 class 0x000600
Apr  3 14:50:18 Gentoo-Desktop kernel: [    1.910326] pci 0000:ff:04.3: [8086:2ca3] type 0 class 0x000600
Apr  3 14:50:18 Gentoo-Desktop kernel: [    1.910345] pci 0000:ff:05.0: [8086:2ca8] type 0 class 0x000600
Apr  3 14:50:18 Gentoo-Desktop kernel: [    1.910363] pci 0000:ff:05.1: [8086:2ca9] type 0 class 0x000600
Apr  3 14:50:18 Gentoo-Desktop kernel: [    1.910380] pci 0000:ff:05.2: [8086:2caa] type 0 class 0x000600
Apr  3 14:50:18 Gentoo-Desktop kernel: [    1.910398] pci 0000:ff:05.3: [8086:2cab] type 0 class 0x000600
Apr  3 14:50:18 Gentoo-Desktop kernel: [    1.910427] pci_bus 0000:ff: on NUMA node 0
Apr  3 14:50:18 Gentoo-Desktop kernel: [    1.910435]  pci0000:ff: Requesting ACPI _OSC control (0x1d)
Apr  3 14:50:18 Gentoo-Desktop kernel: [    1.910568]  pci0000:ff: ACPI _OSC request failed (AE_NOT_FOUND), returned control mask: 0x1d
Apr  3 14:50:18 Gentoo-Desktop kernel: [    1.910718] ACPI _OSC control for PCIe not granted, disabling ASPM
Apr  3 14:50:18 Gentoo-Desktop kernel: [    1.911696] ACPI: PCI Root Bridge [PCI0] (domain 0000 [bus 00-fe])
Apr  3 14:50:18 Gentoo-Desktop kernel: [    1.911898] pci_root PNP0A08:00: host bridge window [io  0x0000-0x0cf7]
Apr  3 14:50:18 Gentoo-Desktop kernel: [    1.912034] pci_root PNP0A08:00: host bridge window [io  0x0d00-0xffff]
Apr  3 14:50:18 Gentoo-Desktop kernel: [    1.912166] pci_root PNP0A08:00: host bridge window [mem 0x000a0000-0x000bffff]
Apr  3 14:50:18 Gentoo-Desktop kernel: [    1.912313] pci_root PNP0A08:00: host bridge window [mem 0x000d4000-0x000d7fff]
Apr  3 14:50:18 Gentoo-Desktop kernel: [    1.912460] pci_root PNP0A08:00: host bridge window [mem 0x000d8000-0x000dbfff]
Apr  3 14:50:18 Gentoo-Desktop kernel: [    1.912606] pci_root PNP0A08:00: host bridge window [mem 0xc0000000-0xfebfffff]
Apr  3 14:50:18 Gentoo-Desktop kernel: [    1.912765] pci 0000:00:00.0: [8086:d132] type 0 class 0x000600
Apr  3 14:50:18 Gentoo-Desktop kernel: [    1.912815] pci 0000:00:03.0: [8086:d138] type 1 class 0x000604
Apr  3 14:50:18 Gentoo-Desktop kernel: [    1.912855] pci 0000:00:03.0: PME# supported from D0 D3hot D3cold
Apr  3 14:50:18 Gentoo-Desktop kernel: [    1.912859] pci 0000:00:03.0: PME# disabled
Apr  3 14:50:18 Gentoo-Desktop kernel: [    1.912885] pci 0000:00:08.0: [8086:d155] type 0 class 0x000880
Apr  3 14:50:18 Gentoo-Desktop kernel: [    1.912937] pci 0000:00:08.1: [8086:d156] type 0 class 0x000880
Apr  3 14:50:18 Gentoo-Desktop kernel: [    1.912988] pci 0000:00:08.2: [8086:d157] type 0 class 0x000880
Apr  3 14:50:18 Gentoo-Desktop kernel: [    1.913037] pci 0000:00:08.3: [8086:d158] type 0 class 0x000880
Apr  3 14:50:18 Gentoo-Desktop kernel: [    1.913095] pci 0000:00:10.0: [8086:d150] type 0 class 0x000880
Apr  3 14:50:18 Gentoo-Desktop kernel: [    1.913137] pci 0000:00:10.1: [8086:d151] type 0 class 0x000880
Apr  3 14:50:18 Gentoo-Desktop kernel: [    1.913209] pci 0000:00:16.0: [8086:3b64] type 0 class 0x000780
Apr  3 14:50:18 Gentoo-Desktop kernel: [    1.913240] pci 0000:00:16.0: reg 10: [mem 0xf2627800-0xf262780f 64bit]
Apr  3 14:50:18 Gentoo-Desktop kernel: [    1.913316] pci 0000:00:16.0: PME# supported from D0 D3hot D3cold
Apr  3 14:50:18 Gentoo-Desktop kernel: [    1.913325] pci 0000:00:16.0: PME# disabled
Apr  3 14:50:18 Gentoo-Desktop kernel: [    1.913355] pci 0000:00:16.3: [8086:3b67] type 0 class 0x000700
Apr  3 14:50:18 Gentoo-Desktop kernel: [    1.913377] pci 0000:00:16.3: reg 10: [io  0x1800-0x1807]
Apr  3 14:50:18 Gentoo-Desktop kernel: [    1.913393] pci 0000:00:16.3: reg 14: [mem 0xf2624000-0xf2624fff]
Apr  3 14:50:18 Gentoo-Desktop kernel: [    1.913492] pci 0000:00:19.0: [8086:10ea] type 0 class 0x000200
Apr  3 14:50:18 Gentoo-Desktop kernel: [    1.913516] pci 0000:00:19.0: reg 10: [mem 0xf2600000-0xf261ffff]
Apr  3 14:50:18 Gentoo-Desktop kernel: [    1.913529] pci 0000:00:19.0: reg 14: [mem 0xf2625000-0xf2625fff]
Apr  3 14:50:18 Gentoo-Desktop kernel: [    1.913543] pci 0000:00:19.0: reg 18: [io  0x1820-0x183f]
Apr  3 14:50:18 Gentoo-Desktop kernel: [    1.913600] pci 0000:00:19.0: PME# supported from D0 D3hot D3cold
Apr  3 14:50:18 Gentoo-Desktop kernel: [    1.913609] pci 0000:00:19.0: PME# disabled
Apr  3 14:50:18 Gentoo-Desktop kernel: [    1.913637] pci 0000:00:1a.0: [8086:3b3c] type 0 class 0x000c03
Apr  3 14:50:18 Gentoo-Desktop kernel: [    1.913662] pci 0000:00:1a.0: reg 10: [mem 0xf2628000-0xf26283ff]
Apr  3 14:50:18 Gentoo-Desktop kernel: [    1.913746] pci 0000:00:1a.0: PME# supported from D0 D3hot D3cold
Apr  3 14:50:18 Gentoo-Desktop kernel: [    1.913754] pci 0000:00:1a.0: PME# disabled
Apr  3 14:50:18 Gentoo-Desktop kernel: [    1.913787] pci 0000:00:1b.0: [8086:3b56] type 0 class 0x000403
Apr  3 14:50:18 Gentoo-Desktop kernel: [    1.913807] pci 0000:00:1b.0: reg 10: [mem 0xf2620000-0xf2623fff 64bit]
Apr  3 14:50:18 Gentoo-Desktop kernel: [    1.913866] pci 0000:00:1b.0: PME# supported from D0 D3hot D3cold
Apr  3 14:50:18 Gentoo-Desktop kernel: [    1.913874] pci 0000:00:1b.0: PME# disabled
Apr  3 14:50:18 Gentoo-Desktop kernel: [    1.913896] pci 0000:00:1c.0: [8086:3b42] type 1 class 0x000604
Apr  3 14:50:18 Gentoo-Desktop kernel: [    1.913959] pci 0000:00:1c.0: PME# supported from D0 D3hot D3cold
Apr  3 14:50:18 Gentoo-Desktop kernel: [    1.913967] pci 0000:00:1c.0: PME# disabled
Apr  3 14:50:18 Gentoo-Desktop kernel: [    1.913996] pci 0000:00:1c.1: [8086:3b44] type 1 class 0x000604
Apr  3 14:50:18 Gentoo-Desktop kernel: [    1.914059] pci 0000:00:1c.1: PME# supported from D0 D3hot D3cold
Apr  3 14:50:18 Gentoo-Desktop kernel: [    1.914067] pci 0000:00:1c.1: PME# disabled
Apr  3 14:50:18 Gentoo-Desktop kernel: [    1.914096] pci 0000:00:1c.3: [8086:3b48] type 1 class 0x000604
Apr  3 14:50:18 Gentoo-Desktop kernel: [    1.914158] pci 0000:00:1c.3: PME# supported from D0 D3hot D3cold
Apr  3 14:50:18 Gentoo-Desktop kernel: [    1.914167] pci 0000:00:1c.3: PME# disabled
Apr  3 14:50:18 Gentoo-Desktop kernel: [    1.914192] pci 0000:00:1c.4: [8086:3b4a] type 1 class 0x000604
Apr  3 14:50:18 Gentoo-Desktop kernel: [    1.914254] pci 0000:00:1c.4: PME# supported from D0 D3hot D3cold
Apr  3 14:50:18 Gentoo-Desktop kernel: [    1.914262] pci 0000:00:1c.4: PME# disabled
Apr  3 14:50:18 Gentoo-Desktop kernel: [    1.914292] pci 0000:00:1c.6: [8086:3b4e] type 1 class 0x000604
Apr  3 14:50:18 Gentoo-Desktop kernel: [    1.914356] pci 0000:00:1c.6: PME# supported from D0 D3hot D3cold
Apr  3 14:50:18 Gentoo-Desktop kernel: [    1.914364] pci 0000:00:1c.6: PME# disabled
Apr  3 14:50:18 Gentoo-Desktop kernel: [    1.914392] pci 0000:00:1c.7: [8086:3b50] type 1 class 0x000604
Apr  3 14:50:18 Gentoo-Desktop kernel: [    1.914454] pci 0000:00:1c.7: PME# supported from D0 D3hot D3cold
Apr  3 14:50:18 Gentoo-Desktop kernel: [    1.914462] pci 0000:00:1c.7: PME# disabled
Apr  3 14:50:18 Gentoo-Desktop kernel: [    1.914495] pci 0000:00:1d.0: [8086:3b34] type 0 class 0x000c03
Apr  3 14:50:18 Gentoo-Desktop kernel: [    1.914520] pci 0000:00:1d.0: reg 10: [mem 0xf2628400-0xf26287ff]
Apr  3 14:50:18 Gentoo-Desktop kernel: [    1.914599] pci 0000:00:1d.0: PME# supported from D0 D3hot D3cold
Apr  3 14:50:18 Gentoo-Desktop kernel: [    1.914608] pci 0000:00:1d.0: PME# disabled
Apr  3 14:50:18 Gentoo-Desktop kernel: [    1.914644] pci 0000:00:1e.0: [8086:2448] type 1 class 0x000604
Apr  3 14:50:18 Gentoo-Desktop kernel: [    1.914711] pci 0000:00:1f.0: [8086:3b07] type 0 class 0x000601
Apr  3 14:50:18 Gentoo-Desktop kernel: [    1.914830] pci 0000:00:1f.2: [8086:3b2f] type 0 class 0x000106
Apr  3 14:50:18 Gentoo-Desktop kernel: [    1.914853] pci 0000:00:1f.2: reg 10: [io  0x1818-0x181f]
Apr  3 14:50:18 Gentoo-Desktop kernel: [    1.914866] pci 0000:00:1f.2: reg 14: [io  0x180c-0x180f]
Apr  3 14:50:18 Gentoo-Desktop kernel: [    1.914878] pci 0000:00:1f.2: reg 18: [io  0x1810-0x1817]
Apr  3 14:50:18 Gentoo-Desktop kernel: [    1.914890] pci 0000:00:1f.2: reg 1c: [io  0x1808-0x180b]
Apr  3 14:50:18 Gentoo-Desktop kernel: [    1.914903] pci 0000:00:1f.2: reg 20: [io  0x1840-0x185f]
Apr  3 14:50:18 Gentoo-Desktop kernel: [    1.914915] pci 0000:00:1f.2: reg 24: [mem 0xf2627000-0xf26277ff]
Apr  3 14:50:18 Gentoo-Desktop kernel: [    1.914956] pci 0000:00:1f.2: PME# supported from D3hot
Apr  3 14:50:18 Gentoo-Desktop kernel: [    1.914964] pci 0000:00:1f.2: PME# disabled
Apr  3 14:50:18 Gentoo-Desktop kernel: [    1.914993] pci 0000:00:1f.3: [8086:3b30] type 0 class 0x000c05
Apr  3 14:50:18 Gentoo-Desktop kernel: [    1.915012] pci 0000:00:1f.3: reg 10: [mem 0xf2628800-0xf26288ff 64bit]
Apr  3 14:50:18 Gentoo-Desktop kernel: [    1.915037] pci 0000:00:1f.3: reg 20: [io  0x1860-0x187f]
Apr  3 14:50:18 Gentoo-Desktop kernel: [    1.915116] pci 0000:01:00.0: [10de:0a3c] type 0 class 0x000300
Apr  3 14:50:18 Gentoo-Desktop kernel: [    1.915130] pci 0000:01:00.0: reg 10: [mem 0xcc000000-0xccffffff]
Apr  3 14:50:18 Gentoo-Desktop kernel: [    1.915146] pci 0000:01:00.0: reg 14: [mem 0xd0000000-0xdfffffff 64bit pref]
Apr  3 14:50:18 Gentoo-Desktop kernel: [    1.915161] pci 0000:01:00.0: reg 1c: [mem 0xce000000-0xcfffffff 64bit pref]
Apr  3 14:50:18 Gentoo-Desktop kernel: [    1.915172] pci 0000:01:00.0: reg 24: [io  0x2000-0x207f]
Apr  3 14:50:18 Gentoo-Desktop kernel: [    1.915182] pci 0000:01:00.0: reg 30: [mem 0x00000000-0x0007ffff pref]
Apr  3 14:50:18 Gentoo-Desktop kernel: [    1.915244] pci 0000:01:00.1: [10de:0be2] type 0 class 0x000403
Apr  3 14:50:18 Gentoo-Desktop kernel: [    1.915258] pci 0000:01:00.1: reg 10: [mem 0xcdefc000-0xcdefffff]
Apr  3 14:50:18 Gentoo-Desktop kernel: [    1.915362] pci 0000:00:03.0: PCI bridge to [bus 01-01]
Apr  3 14:50:18 Gentoo-Desktop kernel: [    1.915488] pci 0000:00:03.0:   bridge window [io  0x2000-0x2fff]
Apr  3 14:50:18 Gentoo-Desktop kernel: [    1.915491] pci 0000:00:03.0:   bridge window [mem 0xcc000000-0xcdefffff]
Apr  3 14:50:18 Gentoo-Desktop kernel: [    1.915496] pci 0000:00:03.0:   bridge window [mem 0xce000000-0xdfffffff 64bit pref]
Apr  3 14:50:18 Gentoo-Desktop kernel: [    1.915543] pci 0000:00:1c.0: PCI bridge to [bus 02-02]
Apr  3 14:50:18 Gentoo-Desktop kernel: [    1.916005] pci 0000:03:00.0: [8086:4239] type 0 class 0x000280
Apr  3 14:50:18 Gentoo-Desktop kernel: [    1.916321] pci 0000:03:00.0: reg 10: [mem 0xf2000000-0xf2001fff 64bit]
Apr  3 14:50:18 Gentoo-Desktop kernel: [    1.917684] pci 0000:03:00.0: PME# supported from D0 D3hot D3cold
Apr  3 14:50:18 Gentoo-Desktop kernel: [    1.917741] pci 0000:03:00.0: PME# disabled
Apr  3 14:50:18 Gentoo-Desktop kernel: [    1.918056] pci 0000:00:1c.1: PCI bridge to [bus 03-03]
Apr  3 14:50:18 Gentoo-Desktop kernel: [    1.918182] pci 0000:00:1c.1:   bridge window [mem 0xf2000000-0xf20fffff]
Apr  3 14:50:18 Gentoo-Desktop kernel: [    1.918238] pci 0000:00:1c.3: PCI bridge to [bus 05-0c]
Apr  3 14:50:18 Gentoo-Desktop kernel: [    1.918364] pci 0000:00:1c.3:   bridge window [io  0x3000-0x3fff]
Apr  3 14:50:18 Gentoo-Desktop kernel: [    1.918373] pci 0000:00:1c.3:   bridge window [mem 0xf0000000-0xf1ffffff]
Apr  3 14:50:18 Gentoo-Desktop kernel: [    1.918383] pci 0000:00:1c.3:   bridge window [mem 0xf2700000-0xf27fffff 64bit pref]
Apr  3 14:50:18 Gentoo-Desktop kernel: [    1.918509] pci 0000:0d:00.0: [1180:e822] type 0 class 0x000805
Apr  3 14:50:18 Gentoo-Desktop kernel: [    1.918530] pci 0000:0d:00.0: reg 10: [mem 0xf2100000-0xf21000ff]
Apr  3 14:50:18 Gentoo-Desktop kernel: [    1.918643] pci 0000:0d:00.0: supports D1 D2
Apr  3 14:50:18 Gentoo-Desktop kernel: [    1.918645] pci 0000:0d:00.0: PME# supported from D0 D1 D2 D3hot D3cold
Apr  3 14:50:18 Gentoo-Desktop kernel: [    1.918654] pci 0000:0d:00.0: PME# disabled
Apr  3 14:50:18 Gentoo-Desktop kernel: [    1.918704] pci 0000:0d:00.1: [1180:e230] type 0 class 0x000880
Apr  3 14:50:18 Gentoo-Desktop kernel: [    1.918725] pci 0000:0d:00.1: reg 10: [mem 0xf2100400-0xf21004ff]
Apr  3 14:50:18 Gentoo-Desktop kernel: [    1.918838] pci 0000:0d:00.1: supports D1 D2
Apr  3 14:50:18 Gentoo-Desktop kernel: [    1.918840] pci 0000:0d:00.1: PME# supported from D0 D1 D2 D3hot D3cold
Apr  3 14:50:18 Gentoo-Desktop kernel: [    1.918849] pci 0000:0d:00.1: PME# disabled
Apr  3 14:50:18 Gentoo-Desktop kernel: [    1.918899] pci 0000:00:1c.4: PCI bridge to [bus 0d-0d]
Apr  3 14:50:18 Gentoo-Desktop kernel: [    1.919027] pci 0000:00:1c.4:   bridge window [mem 0xf2100000-0xf21fffff]
Apr  3 14:50:18 Gentoo-Desktop kernel: [    1.919118] pci 0000:0f:00.0: [1033:0194] type 0 class 0x000c03
Apr  3 14:50:18 Gentoo-Desktop kernel: [    1.919162] pci 0000:0f:00.0: reg 10: [mem 0xf2200000-0xf2201fff 64bit]
Apr  3 14:50:18 Gentoo-Desktop kernel: [    1.919299] pci 0000:0f:00.0: PME# supported from D0 D3hot D3cold
Apr  3 14:50:18 Gentoo-Desktop kernel: [    1.919309] pci 0000:0f:00.0: PME# disabled
Apr  3 14:50:18 Gentoo-Desktop kernel: [    1.919358] pci 0000:00:1c.6: PCI bridge to [bus 0f-16]
Apr  3 14:50:18 Gentoo-Desktop kernel: [    1.919481] pci 0000:00:1c.6:   bridge window [mem 0xf2200000-0xf22fffff]
Apr  3 14:50:18 Gentoo-Desktop kernel: [    1.919613] pci 0000:17:00.0: [1180:e822] type 0 class 0x000805
Apr  3 14:50:18 Gentoo-Desktop kernel: [    1.919634] pci 0000:17:00.0: reg 10: [mem 0xf2300000-0xf23000ff]
Apr  3 14:50:18 Gentoo-Desktop kernel: [    1.919747] pci 0000:17:00.0: supports D1 D2
Apr  3 14:50:18 Gentoo-Desktop kernel: [    1.919749] pci 0000:17:00.0: PME# supported from D0 D1 D2 D3hot D3cold
Apr  3 14:50:18 Gentoo-Desktop kernel: [    1.919758] pci 0000:17:00.0: PME# disabled
Apr  3 14:50:18 Gentoo-Desktop kernel: [    1.919807] pci 0000:17:00.3: [1180:e832] type 0 class 0x000c00
Apr  3 14:50:18 Gentoo-Desktop kernel: [    1.919829] pci 0000:17:00.3: reg 10: [mem 0xf2300800-0xf2300fff]
Apr  3 14:50:18 Gentoo-Desktop kernel: [    1.919942] pci 0000:17:00.3: supports D1 D2
Apr  3 14:50:18 Gentoo-Desktop kernel: [    1.919944] pci 0000:17:00.3: PME# supported from D0 D1 D2 D3hot D3cold
Apr  3 14:50:18 Gentoo-Desktop kernel: [    1.919953] pci 0000:17:00.3: PME# disabled
Apr  3 14:50:18 Gentoo-Desktop kernel: [    1.919999] pci 0000:00:1c.7: PCI bridge to [bus 17-1e]
Apr  3 14:50:18 Gentoo-Desktop kernel: [    1.920127] pci 0000:00:1c.7:   bridge window [mem 0xf2300000-0xf23fffff]
Apr  3 14:50:18 Gentoo-Desktop kernel: [    1.920203] pci 0000:00:1e.0: PCI bridge to [bus 1f-1f] (subtractive decode)
Apr  3 14:50:18 Gentoo-Desktop kernel: [    1.920337] pci 0000:00:1e.0:   bridge window [io  0x0000-0x0cf7] (subtractive decode)
Apr  3 14:50:18 Gentoo-Desktop kernel: [    1.920340] pci 0000:00:1e.0:   bridge window [io  0x0d00-0xffff] (subtractive decode)
Apr  3 14:50:18 Gentoo-Desktop kernel: [    1.920342] pci 0000:00:1e.0:   bridge window [mem 0x000a0000-0x000bffff] (subtractive decode)
Apr  3 14:50:18 Gentoo-Desktop kernel: [    1.920345] pci 0000:00:1e.0:   bridge window [mem 0x000d4000-0x000d7fff] (subtractive decode)
Apr  3 14:50:18 Gentoo-Desktop kernel: [    1.920347] pci 0000:00:1e.0:   bridge window [mem 0x000d8000-0x000dbfff] (subtractive decode)
Apr  3 14:50:18 Gentoo-Desktop kernel: [    1.920349] pci 0000:00:1e.0:   bridge window [mem 0xc0000000-0xfebfffff] (subtractive decode)
Apr  3 14:50:18 Gentoo-Desktop kernel: [    1.920389] pci_bus 0000:00: on NUMA node 0
Apr  3 14:50:18 Gentoo-Desktop kernel: [    1.920392] ACPI: PCI Interrupt Routing Table [\_SB_.PCI0._PRT]
Apr  3 14:50:18 Gentoo-Desktop kernel: [    1.920485] ACPI: PCI Interrupt Routing Table [\_SB_.PCI0.PEG_._PRT]
Apr  3 14:50:18 Gentoo-Desktop kernel: [    1.920516] ACPI: PCI Interrupt Routing Table [\_SB_.PCI0.EXP1._PRT]
Apr  3 14:50:18 Gentoo-Desktop kernel: [    1.920542] ACPI: PCI Interrupt Routing Table [\_SB_.PCI0.EXP2._PRT]
Apr  3 14:50:18 Gentoo-Desktop kernel: [    1.920569] ACPI: PCI Interrupt Routing Table [\_SB_.PCI0.EXP4._PRT]
Apr  3 14:50:18 Gentoo-Desktop kernel: [    1.920598] ACPI: PCI Interrupt Routing Table [\_SB_.PCI0.EXP5._PRT]
Apr  3 14:50:18 Gentoo-Desktop kernel: [    1.920623] ACPI: PCI Interrupt Routing Table [\_SB_.PCI0.EXP7._PRT]
Apr  3 14:50:18 Gentoo-Desktop kernel: [    1.920648] ACPI: PCI Interrupt Routing Table [\_SB_.PCI0.EXP8._PRT]
Apr  3 14:50:18 Gentoo-Desktop kernel: [    1.920787]  pci0000:00: Requesting ACPI _OSC control (0x1d)
Apr  3 14:50:18 Gentoo-Desktop kernel: [    1.921085]  pci0000:00: ACPI _OSC request failed (AE_SUPPORT), returned control mask: 0x0d
Apr  3 14:50:18 Gentoo-Desktop kernel: [    1.921226] ACPI _OSC control for PCIe not granted, disabling ASPM
Apr  3 14:50:18 Gentoo-Desktop kernel: [    1.926566] ACPI: PCI Interrupt Link [LNKA] (IRQs 3 4 5 6 7 9 10 *11)
Apr  3 14:50:18 Gentoo-Desktop kernel: [    1.927783] ACPI: PCI Interrupt Link [LNKB] (IRQs 3 4 5 6 7 9 10 *11)
Apr  3 14:50:18 Gentoo-Desktop kernel: [    1.928993] ACPI: PCI Interrupt Link [LNKC] (IRQs 3 4 5 6 7 9 10 *11)
Apr  3 14:50:18 Gentoo-Desktop kernel: [    1.930208] ACPI: PCI Interrupt Link [LNKD] (IRQs 3 4 5 6 7 9 10 *11)
Apr  3 14:50:18 Gentoo-Desktop kernel: [    1.931415] ACPI: PCI Interrupt Link [LNKE] (IRQs 3 4 5 6 7 9 10 *11)
Apr  3 14:50:18 Gentoo-Desktop kernel: [    1.932621] ACPI: PCI Interrupt Link [LNKF] (IRQs 3 4 5 6 7 9 10 *11)
Apr  3 14:50:18 Gentoo-Desktop kernel: [    1.933830] ACPI: PCI Interrupt Link [LNKG] (IRQs 3 4 5 6 7 9 10 *11)
Apr  3 14:50:18 Gentoo-Desktop kernel: [    1.935042] ACPI: PCI Interrupt Link [LNKH] (IRQs 3 4 5 6 7 9 10 *11)
Apr  3 14:50:18 Gentoo-Desktop kernel: [    1.936316] vgaarb: device added: PCI:0000:01:00.0,decodes=io+mem,owns=io+mem,locks=none
Apr  3 14:50:18 Gentoo-Desktop kernel: [    1.936459] vgaarb: loaded
Apr  3 14:50:18 Gentoo-Desktop kernel: [    1.936577] vgaarb: bridge control possible 0000:01:00.0
Apr  3 14:50:18 Gentoo-Desktop kernel: [    1.936845] SCSI subsystem initialized
Apr  3 14:50:18 Gentoo-Desktop kernel: [    1.937030] libata version 3.00 loaded.
Apr  3 14:50:18 Gentoo-Desktop kernel: [    1.937086] usbcore: registered new interface driver usbfs
Apr  3 14:50:18 Gentoo-Desktop kernel: [    1.937241] usbcore: registered new interface driver hub
Apr  3 14:50:18 Gentoo-Desktop kernel: [    1.937402] usbcore: registered new device driver usb
Apr  3 14:50:18 Gentoo-Desktop kernel: [    1.937729] PCI: Using ACPI for IRQ routing
Apr  3 14:50:18 Gentoo-Desktop kernel: [    1.944365] PCI: pci_cache_line_size set to 64 bytes
Apr  3 14:50:18 Gentoo-Desktop kernel: [    1.944645] reserve RAM buffer: 000000000009e800 - 000000000009ffff 
Apr  3 14:50:18 Gentoo-Desktop kernel: [    1.944648] reserve RAM buffer: 00000000bba7c000 - 00000000bbffffff 
Apr  3 14:50:18 Gentoo-Desktop kernel: [    1.944653] reserve RAM buffer: 00000000bbb49000 - 00000000bbffffff 
Apr  3 14:50:18 Gentoo-Desktop kernel: [    1.944658] reserve RAM buffer: 00000000bbc5d000 - 00000000bbffffff 
Apr  3 14:50:18 Gentoo-Desktop kernel: [    1.944663] reserve RAM buffer: 00000000bbf18000 - 00000000bbffffff 
Apr  3 14:50:18 Gentoo-Desktop kernel: [    1.944666] reserve RAM buffer: 00000000bbf6c000 - 00000000bbffffff 
Apr  3 14:50:18 Gentoo-Desktop kernel: [    1.944918] cfg80211: Calling CRDA to update world regulatory domain
Apr  3 14:50:18 Gentoo-Desktop kernel: [    1.945152] HPET: 8 timers in total, 6 timers will be used for per-cpu timer
Apr  3 14:50:18 Gentoo-Desktop kernel: [    1.947470] hpet: hpet2 irq 40 for MSI
Apr  3 14:50:18 Gentoo-Desktop kernel: [    1.947540] hpet: hpet3 irq 41 for MSI
Apr  3 14:50:18 Gentoo-Desktop kernel: [    1.957573] hpet: hpet4 irq 42 for MSI
Apr  3 14:50:18 Gentoo-Desktop kernel: [    1.967560] hpet: hpet5 irq 43 for MSI
Apr  3 14:50:18 Gentoo-Desktop kernel: [    1.977601] hpet: hpet6 irq 44 for MSI
Apr  3 14:50:18 Gentoo-Desktop kernel: [    1.987646] hpet: hpet7 irq 45 for MSI
Apr  3 14:50:18 Gentoo-Desktop kernel: [    2.017566] Switching to clocksource hpet
Apr  3 14:50:18 Gentoo-Desktop kernel: [    2.022042] pnp: PnP ACPI init
Apr  3 14:50:18 Gentoo-Desktop kernel: [    2.022169] ACPI: bus type pnp registered
Apr  3 14:50:18 Gentoo-Desktop kernel: [    2.022884] pnp 00:00: [mem 0x00000000-0x0009ffff]
Apr  3 14:50:18 Gentoo-Desktop kernel: [    2.022886] pnp 00:00: [mem 0x000c0000-0x000c3fff]
Apr  3 14:50:18 Gentoo-Desktop kernel: [    2.022889] pnp 00:00: [mem 0x000c4000-0x000c7fff]
Apr  3 14:50:18 Gentoo-Desktop kernel: [    2.022890] pnp 00:00: [mem 0x000c8000-0x000cbfff]
Apr  3 14:50:18 Gentoo-Desktop kernel: [    2.022892] pnp 00:00: [mem 0x000cc000-0x000cffff]
Apr  3 14:50:18 Gentoo-Desktop kernel: [    2.022894] pnp 00:00: [mem 0x000d0000-0x000d3fff]
Apr  3 14:50:18 Gentoo-Desktop kernel: [    2.022896] pnp 00:00: [mem 0x000d4000-0x000d3fff disabled]
Apr  3 14:50:18 Gentoo-Desktop kernel: [    2.022898] pnp 00:00: [mem 0x000d8000-0x000d7fff disabled]
Apr  3 14:50:18 Gentoo-Desktop kernel: [    2.022900] pnp 00:00: [mem 0x000dc000-0x000dffff]
Apr  3 14:50:18 Gentoo-Desktop kernel: [    2.022902] pnp 00:00: [mem 0x000e0000-0x000e3fff]
Apr  3 14:50:18 Gentoo-Desktop kernel: [    2.022903] pnp 00:00: [mem 0x000e4000-0x000e7fff]
Apr  3 14:50:18 Gentoo-Desktop kernel: [    2.022905] pnp 00:00: [mem 0x000e8000-0x000ebfff]
Apr  3 14:50:18 Gentoo-Desktop kernel: [    2.022908] pnp 00:00: [mem 0x000ec000-0x000effff]
Apr  3 14:50:18 Gentoo-Desktop kernel: [    2.022910] pnp 00:00: [mem 0x000f0000-0x000fffff]
Apr  3 14:50:18 Gentoo-Desktop kernel: [    2.022912] pnp 00:00: [mem 0x00100000-0xbfffffff]
Apr  3 14:50:18 Gentoo-Desktop kernel: [    2.022913] pnp 00:00: [mem 0xfec00000-0xfed3ffff]
Apr  3 14:50:18 Gentoo-Desktop kernel: [    2.022915] pnp 00:00: [mem 0xfed4c000-0xffffffff]
Apr  3 14:50:18 Gentoo-Desktop kernel: [    2.023028] system 00:00: [mem 0x00000000-0x0009ffff] could not be reserved
Apr  3 14:50:18 Gentoo-Desktop kernel: [    2.023156] system 00:00: [mem 0x000c0000-0x000c3fff] could not be reserved
Apr  3 14:50:18 Gentoo-Desktop kernel: [    2.023282] system 00:00: [mem 0x000c4000-0x000c7fff] could not be reserved
Apr  3 14:50:18 Gentoo-Desktop kernel: [    2.023410] system 00:00: [mem 0x000c8000-0x000cbfff] has been reserved
Apr  3 14:50:18 Gentoo-Desktop kernel: [    2.023536] system 00:00: [mem 0x000cc000-0x000cffff] has been reserved
Apr  3 14:50:18 Gentoo-Desktop kernel: [    2.023662] system 00:00: [mem 0x000d0000-0x000d3fff] could not be reserved
Apr  3 14:50:18 Gentoo-Desktop kernel: [    2.023789] system 00:00: [mem 0x000dc000-0x000dffff] could not be reserved
Apr  3 14:50:18 Gentoo-Desktop kernel: [    2.023914] system 00:00: [mem 0x000e0000-0x000e3fff] could not be reserved
Apr  3 14:50:18 Gentoo-Desktop kernel: [    2.024041] system 00:00: [mem 0x000e4000-0x000e7fff] could not be reserved
Apr  3 14:50:18 Gentoo-Desktop kernel: [    2.024168] system 00:00: [mem 0x000e8000-0x000ebfff] could not be reserved
Apr  3 14:50:18 Gentoo-Desktop kernel: [    2.024295] system 00:00: [mem 0x000ec000-0x000effff] could not be reserved
Apr  3 14:50:18 Gentoo-Desktop kernel: [    2.024422] system 00:00: [mem 0x000f0000-0x000fffff] could not be reserved
Apr  3 14:50:18 Gentoo-Desktop kernel: [    2.024546] system 00:00: [mem 0x00100000-0xbfffffff] could not be reserved
Apr  3 14:50:18 Gentoo-Desktop kernel: [    2.024673] system 00:00: [mem 0xfec00000-0xfed3ffff] could not be reserved
Apr  3 14:50:18 Gentoo-Desktop kernel: [    2.024800] system 00:00: [mem 0xfed4c000-0xffffffff] could not be reserved
Apr  3 14:50:18 Gentoo-Desktop kernel: [    2.024928] system 00:00: Plug and Play ACPI device, IDs PNP0c01 (active)
Apr  3 14:50:18 Gentoo-Desktop kernel: [    2.024941] pnp 00:01: [bus ff]
Apr  3 14:50:18 Gentoo-Desktop kernel: [    2.025019] pnp 00:01: Plug and Play ACPI device, IDs PNP0a03 (active)
Apr  3 14:50:18 Gentoo-Desktop kernel: [    2.025036] pnp 00:02: [bus 00-fe]
Apr  3 14:50:18 Gentoo-Desktop kernel: [    2.025038] pnp 00:02: [io  0x0cf8-0x0cff]
Apr  3 14:50:18 Gentoo-Desktop kernel: [    2.025040] pnp 00:02: [io  0x0000-0x0cf7 window]
Apr  3 14:50:18 Gentoo-Desktop kernel: [    2.025042] pnp 00:02: [io  0x0d00-0xffff window]
Apr  3 14:50:18 Gentoo-Desktop kernel: [    2.025044] pnp 00:02: [mem 0x000a0000-0x000bffff window]
Apr  3 14:50:18 Gentoo-Desktop kernel: [    2.025046] pnp 00:02: [mem 0x000c0000-0x000c3fff window]
Apr  3 14:50:18 Gentoo-Desktop kernel: [    2.025048] pnp 00:02: [mem 0x000c4000-0x000c7fff window]
Apr  3 14:50:18 Gentoo-Desktop kernel: [    2.025050] pnp 00:02: [mem 0x000c8000-0x000cbfff window]
Apr  3 14:50:18 Gentoo-Desktop kernel: [    2.025052] pnp 00:02: [mem 0x000cc000-0x000cffff window]
Apr  3 14:50:18 Gentoo-Desktop kernel: [    2.025054] pnp 00:02: [mem 0x000d0000-0x000d3fff window]
Apr  3 14:50:18 Gentoo-Desktop kernel: [    2.025056] pnp 00:02: [mem 0x000d4000-0x000d7fff window]
Apr  3 14:50:18 Gentoo-Desktop kernel: [    2.025058] pnp 00:02: [mem 0x000d8000-0x000dbfff window]
Apr  3 14:50:18 Gentoo-Desktop kernel: [    2.025060] pnp 00:02: [mem 0x000dc000-0x000dffff window]
Apr  3 14:50:18 Gentoo-Desktop kernel: [    2.025062] pnp 00:02: [mem 0x000e0000-0x000e3fff window]
Apr  3 14:50:18 Gentoo-Desktop kernel: [    2.025064] pnp 00:02: [mem 0x000e4000-0x000e7fff window]
Apr  3 14:50:18 Gentoo-Desktop kernel: [    2.025066] pnp 00:02: [mem 0x000e8000-0x000ebfff window]
Apr  3 14:50:18 Gentoo-Desktop kernel: [    2.025068] pnp 00:02: [mem 0x000ec000-0x000effff window]
Apr  3 14:50:18 Gentoo-Desktop kernel: [    2.025069] pnp 00:02: [mem 0xc0000000-0xfebfffff window]
Apr  3 14:50:18 Gentoo-Desktop kernel: [    2.025071] pnp 00:02: [mem 0xfed40000-0xfed4bfff window]
Apr  3 14:50:18 Gentoo-Desktop kernel: [    2.025149] pnp 00:02: Plug and Play ACPI device, IDs PNP0a08 PNP0a03 (active)
Apr  3 14:50:18 Gentoo-Desktop kernel: [    2.025427] pnp 00:03: [io  0x0010-0x001f]
Apr  3 14:50:18 Gentoo-Desktop kernel: [    2.025430] pnp 00:03: [io  0x0090-0x009f]
Apr  3 14:50:18 Gentoo-Desktop kernel: [    2.025431] pnp 00:03: [io  0x0024-0x0025]
Apr  3 14:50:18 Gentoo-Desktop kernel: [    2.025433] pnp 00:03: [io  0x0028-0x0029]
Apr  3 14:50:18 Gentoo-Desktop kernel: [    2.025435] pnp 00:03: [io  0x002c-0x002d]
Apr  3 14:50:18 Gentoo-Desktop kernel: [    2.025437] pnp 00:03: [io  0x0030-0x0031]
Apr  3 14:50:18 Gentoo-Desktop kernel: [    2.025439] pnp 00:03: [io  0x0034-0x0035]
Apr  3 14:50:18 Gentoo-Desktop kernel: [    2.025441] pnp 00:03: [io  0x0038-0x0039]
Apr  3 14:50:18 Gentoo-Desktop kernel: [    2.025442] pnp 00:03: [io  0x003c-0x003d]
Apr  3 14:50:18 Gentoo-Desktop kernel: [    2.025444] pnp 00:03: [io  0x00a4-0x00a5]
Apr  3 14:50:18 Gentoo-Desktop kernel: [    2.025446] pnp 00:03: [io  0x00a8-0x00a9]
Apr  3 14:50:18 Gentoo-Desktop kernel: [    2.025447] pnp 00:03: [io  0x00ac-0x00ad]
Apr  3 14:50:18 Gentoo-Desktop kernel: [    2.025449] pnp 00:03: [io  0x00b0-0x00b5]
Apr  3 14:50:18 Gentoo-Desktop kernel: [    2.025450] pnp 00:03: [io  0x00b8-0x00b9]
Apr  3 14:50:18 Gentoo-Desktop kernel: [    2.025452] pnp 00:03: [io  0x00bc-0x00bd]
Apr  3 14:50:18 Gentoo-Desktop kernel: [    2.025454] pnp 00:03: [io  0x0050-0x0053]
Apr  3 14:50:18 Gentoo-Desktop kernel: [    2.025455] pnp 00:03: [io  0x0072-0x0077]
Apr  3 14:50:18 Gentoo-Desktop kernel: [    2.025457] pnp 00:03: [io  0x164e-0x164f]
Apr  3 14:50:18 Gentoo-Desktop kernel: [    2.025459] pnp 00:03: [io  0x002e-0x002f]
Apr  3 14:50:18 Gentoo-Desktop kernel: [    2.025460] pnp 00:03: [io  0x1000-0x107f]
Apr  3 14:50:18 Gentoo-Desktop kernel: [    2.025462] pnp 00:03: [io  0x1180-0x11ff]
Apr  3 14:50:18 Gentoo-Desktop kernel: [    2.025464] pnp 00:03: [io  0x0800-0x080f]
Apr  3 14:50:18 Gentoo-Desktop kernel: [    2.025465] pnp 00:03: [io  0x15e0-0x15ef]
Apr  3 14:50:18 Gentoo-Desktop kernel: [    2.025467] pnp 00:03: [io  0x1600-0x1641]
Apr  3 14:50:18 Gentoo-Desktop kernel: [    2.025469] pnp 00:03: [io  0x1644-0x167f]
Apr  3 14:50:18 Gentoo-Desktop kernel: [    2.025471] pnp 00:03: [mem 0xe0000000-0xefffffff]
Apr  3 14:50:18 Gentoo-Desktop kernel: [    2.025472] pnp 00:03: [mem 0xf2626000-0xf2626fff]
Apr  3 14:50:18 Gentoo-Desktop kernel: [    2.025474] pnp 00:03: [mem 0xc0000000-0xc0000fff]
Apr  3 14:50:18 Gentoo-Desktop kernel: [    2.025476] pnp 00:03: [mem 0xfed1c000-0xfed1ffff]
Apr  3 14:50:18 Gentoo-Desktop kernel: [    2.025478] pnp 00:03: [mem 0xfed10000-0xfed13fff]
Apr  3 14:50:18 Gentoo-Desktop kernel: [    2.025480] pnp 00:03: [mem 0xfed18000-0xfed18fff]
Apr  3 14:50:18 Gentoo-Desktop kernel: [    2.025481] pnp 00:03: [mem 0xfed19000-0xfed19fff]
Apr  3 14:50:18 Gentoo-Desktop kernel: [    2.025483] pnp 00:03: [mem 0xfed45000-0xfed4bfff]
Apr  3 14:50:18 Gentoo-Desktop kernel: [    2.025616] system 00:03: [io  0x164e-0x164f] has been reserved
Apr  3 14:50:18 Gentoo-Desktop kernel: [    2.025742] system 00:03: [io  0x1000-0x107f] has been reserved
Apr  3 14:50:18 Gentoo-Desktop kernel: [    2.025867] system 00:03: [io  0x1180-0x11ff] has been reserved
Apr  3 14:50:18 Gentoo-Desktop kernel: [    2.025989] system 00:03: [io  0x0800-0x080f] has been reserved
Apr  3 14:50:18 Gentoo-Desktop kernel: [    2.026115] system 00:03: [io  0x15e0-0x15ef] has been reserved
Apr  3 14:50:18 Gentoo-Desktop kernel: [    2.026240] system 00:03: [io  0x1600-0x1641] has been reserved
Apr  3 14:50:18 Gentoo-Desktop kernel: [    2.026366] system 00:03: [io  0x1644-0x167f] could not be reserved
Apr  3 14:50:18 Gentoo-Desktop kernel: [    2.026492] system 00:03: [mem 0xe0000000-0xefffffff] has been reserved
Apr  3 14:50:18 Gentoo-Desktop kernel: [    2.026619] system 00:03: [mem 0xf2626000-0xf2626fff] has been reserved
Apr  3 14:50:18 Gentoo-Desktop kernel: [    2.026741] system 00:03: [mem 0xc0000000-0xc0000fff] has been reserved
Apr  3 14:50:18 Gentoo-Desktop kernel: [    2.026869] system 00:03: [mem 0xfed1c000-0xfed1ffff] has been reserved
Apr  3 14:50:18 Gentoo-Desktop kernel: [    2.026995] system 00:03: [mem 0xfed10000-0xfed13fff] has been reserved
Apr  3 14:50:18 Gentoo-Desktop kernel: [    2.027121] system 00:03: [mem 0xfed18000-0xfed18fff] has been reserved
Apr  3 14:50:18 Gentoo-Desktop kernel: [    2.027248] system 00:03: [mem 0xfed19000-0xfed19fff] has been reserved
Apr  3 14:50:18 Gentoo-Desktop kernel: [    2.027372] system 00:03: [mem 0xfed45000-0xfed4bfff] has been reserved
Apr  3 14:50:18 Gentoo-Desktop kernel: [    2.027496] system 00:03: Plug and Play ACPI device, IDs PNP0c02 (active)
Apr  3 14:50:18 Gentoo-Desktop kernel: [    2.027547] pnp 00:04: [mem 0xfed00000-0xfed003ff]
Apr  3 14:50:18 Gentoo-Desktop kernel: [    2.027649] pnp 00:04: Plug and Play ACPI device, IDs PNP0103 (active)
Apr  3 14:50:18 Gentoo-Desktop kernel: [    2.027660] pnp 00:05: [io  0x0000-0x000f]
Apr  3 14:50:18 Gentoo-Desktop kernel: [    2.027662] pnp 00:05: [io  0x0080-0x008f]
Apr  3 14:50:18 Gentoo-Desktop kernel: [    2.027664] pnp 00:05: [io  0x00c0-0x00df]
Apr  3 14:50:18 Gentoo-Desktop kernel: [    2.027666] pnp 00:05: [dma 4]
Apr  3 14:50:18 Gentoo-Desktop kernel: [    2.027745] pnp 00:05: Plug and Play ACPI device, IDs PNP0200 (active)
Apr  3 14:50:18 Gentoo-Desktop kernel: [    2.027753] pnp 00:06: [io  0x0061]
Apr  3 14:50:18 Gentoo-Desktop kernel: [    2.027825] pnp 00:06: Plug and Play ACPI device, IDs PNP0800 (active)
Apr  3 14:50:18 Gentoo-Desktop kernel: [    2.027833] pnp 00:07: [io  0x00f0]
Apr  3 14:50:18 Gentoo-Desktop kernel: [    2.027841] pnp 00:07: [irq 13]
Apr  3 14:50:18 Gentoo-Desktop kernel: [    2.027915] pnp 00:07: Plug and Play ACPI device, IDs PNP0c04 (active)
Apr  3 14:50:18 Gentoo-Desktop kernel: [    2.027924] pnp 00:08: [io  0x0070-0x0071]
Apr  3 14:50:18 Gentoo-Desktop kernel: [    2.027931] pnp 00:08: [irq 8]
Apr  3 14:50:18 Gentoo-Desktop kernel: [    2.028000] pnp 00:08: Plug and Play ACPI device, IDs PNP0b00 (active)
Apr  3 14:50:18 Gentoo-Desktop kernel: [    2.028009] pnp 00:09: [io  0x0060]
Apr  3 14:50:18 Gentoo-Desktop kernel: [    2.028011] pnp 00:09: [io  0x0064]
Apr  3 14:50:18 Gentoo-Desktop kernel: [    2.028019] pnp 00:09: [irq 1]
Apr  3 14:50:18 Gentoo-Desktop kernel: [    2.028095] pnp 00:09: Plug and Play ACPI device, IDs PNP0303 (active)
Apr  3 14:50:18 Gentoo-Desktop kernel: [    2.028110] pnp 00:0a: [irq 12]
Apr  3 14:50:18 Gentoo-Desktop kernel: [    2.028185] pnp 00:0a: Plug and Play ACPI device, IDs LEN0015 PNP0f13 (active)
Apr  3 14:50:18 Gentoo-Desktop kernel: [    2.028492] pnp 00:0b: [mem 0xfed40000-0xfed44fff]
Apr  3 14:50:18 Gentoo-Desktop kernel: [    2.028570] pnp 00:0b: Plug and Play ACPI device, IDs SMO1200 PNP0c31 (active)
Apr  3 14:50:18 Gentoo-Desktop kernel: [    2.029065] pnp: PnP ACPI: found 12 devices
Apr  3 14:50:18 Gentoo-Desktop kernel: [    2.029186] ACPI: ACPI bus type pnp unregistered
Apr  3 14:50:18 Gentoo-Desktop kernel: [    2.034005] PCI: max bus depth: 1 pci_try_num: 2
Apr  3 14:50:18 Gentoo-Desktop kernel: [    2.034076] pci 0000:01:00.0: BAR 6: assigned [mem 0xcd000000-0xcd07ffff pref]
Apr  3 14:50:18 Gentoo-Desktop kernel: [    2.034216] pci 0000:00:03.0: PCI bridge to [bus 01-01]
Apr  3 14:50:18 Gentoo-Desktop kernel: [    2.034340] pci 0000:00:03.0:   bridge window [io  0x2000-0x2fff]
Apr  3 14:50:18 Gentoo-Desktop kernel: [    2.034467] pci 0000:00:03.0:   bridge window [mem 0xcc000000-0xcdefffff]
Apr  3 14:50:18 Gentoo-Desktop kernel: [    2.034594] pci 0000:00:03.0:   bridge window [mem 0xce000000-0xdfffffff 64bit pref]
Apr  3 14:50:18 Gentoo-Desktop kernel: [    2.034737] pci 0000:00:1c.0: PCI bridge to [bus 02-02]
Apr  3 14:50:18 Gentoo-Desktop kernel: [    2.034865] pci 0000:00:1c.1: PCI bridge to [bus 03-03]
Apr  3 14:50:18 Gentoo-Desktop kernel: [    2.034990] pci 0000:00:1c.1:   bridge window [mem 0xf2000000-0xf20fffff]
Apr  3 14:50:18 Gentoo-Desktop kernel: [    2.035121] pci 0000:00:1c.3: PCI bridge to [bus 05-0c]
Apr  3 14:50:18 Gentoo-Desktop kernel: [    2.035246] pci 0000:00:1c.3:   bridge window [io  0x3000-0x3fff]
Apr  3 14:50:18 Gentoo-Desktop kernel: [    2.035370] pci 0000:00:1c.3:   bridge window [mem 0xf0000000-0xf1ffffff]
Apr  3 14:50:18 Gentoo-Desktop kernel: [    2.035498] pci 0000:00:1c.3:   bridge window [mem 0xf2700000-0xf27fffff 64bit pref]
Apr  3 14:50:18 Gentoo-Desktop kernel: [    2.035642] pci 0000:00:1c.4: PCI bridge to [bus 0d-0d]
Apr  3 14:50:18 Gentoo-Desktop kernel: [    2.035767] pci 0000:00:1c.4:   bridge window [mem 0xf2100000-0xf21fffff]
Apr  3 14:50:18 Gentoo-Desktop kernel: [    2.035898] pci 0000:00:1c.6: PCI bridge to [bus 0f-16]
Apr  3 14:50:18 Gentoo-Desktop kernel: [    2.036023] pci 0000:00:1c.6:   bridge window [mem 0xf2200000-0xf22fffff]
Apr  3 14:50:18 Gentoo-Desktop kernel: [    2.036154] pci 0000:00:1c.7: PCI bridge to [bus 17-1e]
Apr  3 14:50:18 Gentoo-Desktop kernel: [    2.036280] pci 0000:00:1c.7:   bridge window [mem 0xf2300000-0xf23fffff]
Apr  3 14:50:18 Gentoo-Desktop kernel: [    2.036412] pci 0000:00:1e.0: PCI bridge to [bus 1f-1f]
Apr  3 14:50:18 Gentoo-Desktop kernel: [    2.036553] pci 0000:00:03.0: PCI INT A -> GSI 16 (level, low) -> IRQ 16
Apr  3 14:50:18 Gentoo-Desktop kernel: [    2.036680] pci 0000:00:03.0: setting latency timer to 64
Apr  3 14:50:18 Gentoo-Desktop kernel: [    2.036700] pci 0000:00:1c.0: PCI INT A -> GSI 20 (level, low) -> IRQ 20
Apr  3 14:50:18 Gentoo-Desktop kernel: [    2.036828] pci 0000:00:1c.0: setting latency timer to 64
Apr  3 14:50:18 Gentoo-Desktop kernel: [    2.036847] pci 0000:00:1c.1: PCI INT B -> GSI 21 (level, low) -> IRQ 21
Apr  3 14:50:18 Gentoo-Desktop kernel: [    2.036975] pci 0000:00:1c.1: setting latency timer to 64
Apr  3 14:50:18 Gentoo-Desktop kernel: [    2.036994] pci 0000:00:1c.3: PCI INT D -> GSI 23 (level, low) -> IRQ 23
Apr  3 14:50:18 Gentoo-Desktop kernel: [    2.037123] pci 0000:00:1c.3: setting latency timer to 64
Apr  3 14:50:18 Gentoo-Desktop kernel: [    2.037137] pci 0000:00:1c.4: PCI INT A -> GSI 20 (level, low) -> IRQ 20
Apr  3 14:50:18 Gentoo-Desktop kernel: [    2.037263] pci 0000:00:1c.4: setting latency timer to 64
Apr  3 14:50:18 Gentoo-Desktop kernel: [    2.037282] pci 0000:00:1c.6: PCI INT C -> GSI 22 (level, low) -> IRQ 22
Apr  3 14:50:18 Gentoo-Desktop kernel: [    2.037410] pci 0000:00:1c.6: setting latency timer to 64
Apr  3 14:50:18 Gentoo-Desktop kernel: [    2.037424] pci 0000:00:1c.7: PCI INT D -> GSI 23 (level, low) -> IRQ 23
Apr  3 14:50:18 Gentoo-Desktop kernel: [    2.037552] pci 0000:00:1c.7: setting latency timer to 64
Apr  3 14:50:18 Gentoo-Desktop kernel: [    2.037566] pci 0000:00:1e.0: setting latency timer to 64
Apr  3 14:50:18 Gentoo-Desktop kernel: [    2.037575] pci_bus 0000:00: resource 4 [io  0x0000-0x0cf7]
Apr  3 14:50:18 Gentoo-Desktop kernel: [    2.037577] pci_bus 0000:00: resource 5 [io  0x0d00-0xffff]
Apr  3 14:50:18 Gentoo-Desktop kernel: [    2.037579] pci_bus 0000:00: resource 6 [mem 0x000a0000-0x000bffff]
Apr  3 14:50:18 Gentoo-Desktop kernel: [    2.037581] pci_bus 0000:00: resource 7 [mem 0x000d4000-0x000d7fff]
Apr  3 14:50:18 Gentoo-Desktop kernel: [    2.037583] pci_bus 0000:00: resource 8 [mem 0x000d8000-0x000dbfff]
Apr  3 14:50:18 Gentoo-Desktop kernel: [    2.037585] pci_bus 0000:00: resource 9 [mem 0xc0000000-0xfebfffff]
Apr  3 14:50:18 Gentoo-Desktop kernel: [    2.037588] pci_bus 0000:01: resource 0 [io  0x2000-0x2fff]
Apr  3 14:50:18 Gentoo-Desktop kernel: [    2.037590] pci_bus 0000:01: resource 1 [mem 0xcc000000-0xcdefffff]
Apr  3 14:50:18 Gentoo-Desktop kernel: [    2.037592] pci_bus 0000:01: resource 2 [mem 0xce000000-0xdfffffff 64bit pref]
Apr  3 14:50:18 Gentoo-Desktop kernel: [    2.037594] pci_bus 0000:03: resource 1 [mem 0xf2000000-0xf20fffff]
Apr  3 14:50:18 Gentoo-Desktop kernel: [    2.037597] pci_bus 0000:05: resource 0 [io  0x3000-0x3fff]
Apr  3 14:50:18 Gentoo-Desktop kernel: [    2.037599] pci_bus 0000:05: resource 1 [mem 0xf0000000-0xf1ffffff]
Apr  3 14:50:18 Gentoo-Desktop kernel: [    2.037601] pci_bus 0000:05: resource 2 [mem 0xf2700000-0xf27fffff 64bit pref]
Apr  3 14:50:18 Gentoo-Desktop kernel: [    2.037603] pci_bus 0000:0d: resource 1 [mem 0xf2100000-0xf21fffff]
Apr  3 14:50:18 Gentoo-Desktop kernel: [    2.037605] pci_bus 0000:0f: resource 1 [mem 0xf2200000-0xf22fffff]
Apr  3 14:50:18 Gentoo-Desktop kernel: [    2.037607] pci_bus 0000:17: resource 1 [mem 0xf2300000-0xf23fffff]
Apr  3 14:50:18 Gentoo-Desktop kernel: [    2.037610] pci_bus 0000:1f: resource 4 [io  0x0000-0x0cf7]
Apr  3 14:50:18 Gentoo-Desktop kernel: [    2.037612] pci_bus 0000:1f: resource 5 [io  0x0d00-0xffff]
Apr  3 14:50:18 Gentoo-Desktop kernel: [    2.037614] pci_bus 0000:1f: resource 6 [mem 0x000a0000-0x000bffff]
Apr  3 14:50:18 Gentoo-Desktop kernel: [    2.037616] pci_bus 0000:1f: resource 7 [mem 0x000d4000-0x000d7fff]
Apr  3 14:50:18 Gentoo-Desktop kernel: [    2.037618] pci_bus 0000:1f: resource 8 [mem 0x000d8000-0x000dbfff]
Apr  3 14:50:18 Gentoo-Desktop kernel: [    2.037620] pci_bus 0000:1f: resource 9 [mem 0xc0000000-0xfebfffff]
Apr  3 14:50:18 Gentoo-Desktop kernel: [    2.037723] NET: Registered protocol family 2
Apr  3 14:50:18 Gentoo-Desktop kernel: [    2.037906] IP route cache hash table entries: 524288 (order: 10, 4194304 bytes)
Apr  3 14:50:18 Gentoo-Desktop kernel: [    2.038624] TCP established hash table entries: 262144 (order: 10, 4194304 bytes)
Apr  3 14:50:18 Gentoo-Desktop kernel: [    2.040253] TCP bind hash table entries: 65536 (order: 8, 1048576 bytes)
Apr  3 14:50:18 Gentoo-Desktop kernel: [    2.040757] TCP: Hash tables configured (established 262144 bind 65536)
Apr  3 14:50:18 Gentoo-Desktop kernel: [    2.040883] TCP reno registered
Apr  3 14:50:18 Gentoo-Desktop kernel: [    2.041005] UDP hash table entries: 8192 (order: 6, 262144 bytes)
Apr  3 14:50:18 Gentoo-Desktop kernel: [    2.041265] UDP-Lite hash table entries: 8192 (order: 6, 262144 bytes)
Apr  3 14:50:18 Gentoo-Desktop kernel: [    2.041615] NET: Registered protocol family 1
Apr  3 14:50:18 Gentoo-Desktop kernel: [    2.041965] pci 0000:01:00.0: Boot video device
Apr  3 14:50:18 Gentoo-Desktop kernel: [    2.042073] PCI: CLS 64 bytes, default 64
Apr  3 14:50:18 Gentoo-Desktop kernel: [    2.042090] PCI-DMA: Using software bounce buffering for IO (SWIOTLB)
Apr  3 14:50:18 Gentoo-Desktop kernel: [    2.042217] Placing 64MB software IO TLB between ffff8800b7a7c000 - ffff8800bba7c000
Apr  3 14:50:18 Gentoo-Desktop kernel: [    2.042358] software IO TLB at phys 0xb7a7c000 - 0xbba7c000
Apr  3 14:50:18 Gentoo-Desktop kernel: [    2.042498] Simple Boot Flag at 0x35 set to 0x1
Apr  3 14:50:18 Gentoo-Desktop kernel: [    2.067156] NTFS driver 2.1.30 [Flags: R/O].
Apr  3 14:50:18 Gentoo-Desktop kernel: [    2.067379] msgmni has been set to 19868
Apr  3 14:50:18 Gentoo-Desktop kernel: [    2.069039] Block layer SCSI generic (bsg) driver version 0.4 loaded (major 254)
Apr  3 14:50:18 Gentoo-Desktop kernel: [    2.069181] io scheduler noop registered
Apr  3 14:50:18 Gentoo-Desktop kernel: [    2.069301] io scheduler deadline registered
Apr  3 14:50:18 Gentoo-Desktop kernel: [    2.069455] io scheduler cfq registered (default)
Apr  3 14:50:18 Gentoo-Desktop kernel: [    2.070427] Real Time Clock Driver v1.12b
Apr  3 14:50:18 Gentoo-Desktop kernel: [    2.070618] Non-volatile memory driver v1.3
Apr  3 14:50:18 Gentoo-Desktop kernel: [    2.070823] Linux agpgart interface v0.103
Apr  3 14:50:18 Gentoo-Desktop kernel: [    2.071271] ALI M7101 PMU not found.
Apr  3 14:50:18 Gentoo-Desktop kernel: [    2.072036] ACPI: Deprecated procfs I/F for AC is loaded, please retry with CONFIG_ACPI_PROCFS_POWER cleared
Apr  3 14:50:18 Gentoo-Desktop kernel: [    2.072565] ACPI: AC Adapter [AC] (on-line)
Apr  3 14:50:18 Gentoo-Desktop kernel: [    2.072947] input: Lid Switch as /devices/LNXSYSTM:00/device:00/PNP0C0D:00/input/input0
Apr  3 14:50:18 Gentoo-Desktop kernel: [    2.073299] ACPI: Lid Switch [LID]
Apr  3 14:50:18 Gentoo-Desktop kernel: [    2.073616] input: Sleep Button as /devices/LNXSYSTM:00/device:00/PNP0C0E:00/input/input1
Apr  3 14:50:18 Gentoo-Desktop kernel: [    2.073760] ACPI: Sleep Button [SLPB]
Apr  3 14:50:18 Gentoo-Desktop kernel: [    2.073976] input: Power Button as /devices/LNXSYSTM:00/LNXPWRBN:00/input/input2
Apr  3 14:50:18 Gentoo-Desktop kernel: [    2.074118] ACPI: Power Button [PWRF]
Apr  3 14:50:18 Gentoo-Desktop kernel: [    2.084127] acpi device:04: registered as cooling_device0
Apr  3 14:50:18 Gentoo-Desktop kernel: [    2.084402] input: Video Bus as /devices/LNXSYSTM:00/device:00/PNP0A08:00/device:03/LNXVIDEO:00/input/input3
Apr  3 14:50:18 Gentoo-Desktop kernel: [    2.084549] ACPI: Video Device [VID] (multi-head: yes  rom: no  post: no)
Apr  3 14:50:18 Gentoo-Desktop kernel: [    2.086388] Monitor-Mwait will be used to enter C-1 state
Apr  3 14:50:18 Gentoo-Desktop kernel: [    2.086452] Monitor-Mwait will be used to enter C-2 state
Apr  3 14:50:18 Gentoo-Desktop kernel: [    2.086499] Monitor-Mwait will be used to enter C-3 state
Apr  3 14:50:18 Gentoo-Desktop kernel: [    2.086528] ACPI: acpi_idle registered with cpuidle
Apr  3 14:50:18 Gentoo-Desktop kernel: [    2.095452] thermal LNXTHERM:00: registered as thermal_zone0
Apr  3 14:50:18 Gentoo-Desktop kernel: [    2.095577] ACPI: Thermal Zone [THM0] (59 C)
Apr  3 14:50:18 Gentoo-Desktop kernel: [    2.095755] ioatdma: Intel(R) QuickData Technology Driver 4.00
Apr  3 14:50:18 Gentoo-Desktop kernel: [    2.099875] brd: module loaded
Apr  3 14:50:18 Gentoo-Desktop kernel: [    2.100060] MM: desc_per_page = 128
Apr  3 14:50:18 Gentoo-Desktop kernel: [    2.100434] nbd: registered device at major 43
Apr  3 14:50:18 Gentoo-Desktop kernel: [    2.102766] Uniform Multi-Platform E-IDE driver
Apr  3 14:50:18 Gentoo-Desktop kernel: [    2.102998] ide-gd driver 1.18
Apr  3 14:50:18 Gentoo-Desktop kernel: [    2.103694] ahci 0000:00:1f.2: version 3.0
Apr  3 14:50:18 Gentoo-Desktop kernel: [    2.103712] ahci 0000:00:1f.2: PCI INT B -> GSI 16 (level, low) -> IRQ 16
Apr  3 14:50:18 Gentoo-Desktop kernel: [    2.103912] ahci 0000:00:1f.2: irq 46 for MSI/MSI-X
Apr  3 14:50:18 Gentoo-Desktop kernel: [    2.103943] ahci: SSS flag set, parallel bus scan disabled
Apr  3 14:50:18 Gentoo-Desktop kernel: [    2.104121] ahci 0000:00:1f.2: AHCI 0001.0300 32 slots 6 ports 3 Gbps 0x33 impl SATA mode
Apr  3 14:50:18 Gentoo-Desktop kernel: [    2.104269] ahci 0000:00:1f.2: flags: 64bit ncq sntf ilck stag pm led clo pio slum part ems sxs apst 
Apr  3 14:50:18 Gentoo-Desktop kernel: [    2.104437] ahci 0000:00:1f.2: setting latency timer to 64
Apr  3 14:50:18 Gentoo-Desktop kernel: [    2.113098] ACPI: Deprecated procfs I/F for battery is loaded, please retry with CONFIG_ACPI_PROCFS_POWER cleared
Apr  3 14:50:18 Gentoo-Desktop kernel: [    2.113249] ACPI: Battery Slot [BAT0] (battery present)
Apr  3 14:50:18 Gentoo-Desktop kernel: [    2.168846] scsi0 : ahci
Apr  3 14:50:18 Gentoo-Desktop kernel: [    2.169155] scsi1 : ahci
Apr  3 14:50:18 Gentoo-Desktop kernel: [    2.169426] scsi2 : ahci
Apr  3 14:50:18 Gentoo-Desktop kernel: [    2.169696] scsi3 : ahci
Apr  3 14:50:18 Gentoo-Desktop kernel: [    2.169968] scsi4 : ahci
Apr  3 14:50:18 Gentoo-Desktop kernel: [    2.170240] scsi5 : ahci
Apr  3 14:50:18 Gentoo-Desktop kernel: [    2.170897] ata1: SATA max UDMA/133 abar m2048@0xf2627000 port 0xf2627100 irq 46
Apr  3 14:50:18 Gentoo-Desktop kernel: [    2.171039] ata2: SATA max UDMA/133 abar m2048@0xf2627000 port 0xf2627180 irq 46
Apr  3 14:50:18 Gentoo-Desktop kernel: [    2.171179] ata3: DUMMY
Apr  3 14:50:18 Gentoo-Desktop kernel: [    2.171298] ata4: DUMMY
Apr  3 14:50:18 Gentoo-Desktop kernel: [    2.171418] ata5: SATA max UDMA/133 abar m2048@0xf2627000 port 0xf2627300 irq 46
Apr  3 14:50:18 Gentoo-Desktop kernel: [    2.171560] ata6: SATA max UDMA/133 abar m2048@0xf2627000 port 0xf2627380 irq 46
Apr  3 14:50:18 Gentoo-Desktop kernel: [    2.171911] tun: Universal TUN/TAP device driver, 1.6
Apr  3 14:50:18 Gentoo-Desktop kernel: [    2.172037] tun: (C) 1999-2004 Max Krasnyansky <maxk@qualcomm.com>
Apr  3 14:50:18 Gentoo-Desktop kernel: [    2.172220] e1000: Intel(R) PRO/1000 Network Driver - version 7.3.21-k8-NAPI
Apr  3 14:50:18 Gentoo-Desktop kernel: [    2.172348] e1000: Copyright (c) 1999-2006 Intel Corporation.
Apr  3 14:50:18 Gentoo-Desktop kernel: [    2.172530] e1000e: Intel(R) PRO/1000 Network Driver - 1.5.1-k
Apr  3 14:50:18 Gentoo-Desktop kernel: [    2.172655] e1000e: Copyright(c) 1999 - 2011 Intel Corporation.
Apr  3 14:50:18 Gentoo-Desktop kernel: [    2.172805] e1000e 0000:00:19.0: PCI INT A -> GSI 20 (level, low) -> IRQ 20
Apr  3 14:50:18 Gentoo-Desktop kernel: [    2.172940] e1000e 0000:00:19.0: setting latency timer to 64
Apr  3 14:50:18 Gentoo-Desktop kernel: [    2.173069] e1000e 0000:00:19.0: irq 47 for MSI/MSI-X
Apr  3 14:50:18 Gentoo-Desktop kernel: [    2.374389] e1000e 0000:00:19.0: eth0: (PCI Express:2.5GT/s:Width x1) f0:de:f1:48:2b:18
Apr  3 14:50:18 Gentoo-Desktop kernel: [    2.374530] e1000e 0000:00:19.0: eth0: Intel(R) PRO/1000 Network Connection
Apr  3 14:50:18 Gentoo-Desktop kernel: [    2.374783] e1000e 0000:00:19.0: eth0: MAC: 9, PHY: 10, PBA No: A002FF-0FF
Apr  3 14:50:18 Gentoo-Desktop kernel: [    2.374971] Intel(R) Wireless WiFi Link AGN driver for Linux, in-tree:
Apr  3 14:50:18 Gentoo-Desktop kernel: [    2.375097] Copyright(c) 2003-2011 Intel Corporation
Apr  3 14:50:18 Gentoo-Desktop kernel: [    2.375269] iwlwifi 0000:03:00.0: PCI INT A -> GSI 17 (level, low) -> IRQ 17
Apr  3 14:50:18 Gentoo-Desktop kernel: [    2.375408] iwlwifi 0000:03:00.0: setting latency timer to 64
Apr  3 14:50:18 Gentoo-Desktop kernel: [    2.375425] iwlwifi 0000:03:00.0: pci_resource_len = 0x00002000
Apr  3 14:50:18 Gentoo-Desktop kernel: [    2.375549] iwlwifi 0000:03:00.0: pci_resource_base = ffffc90000028000
Apr  3 14:50:18 Gentoo-Desktop kernel: [    2.375675] iwlwifi 0000:03:00.0: HW Revision ID = 0x35
Apr  3 14:50:18 Gentoo-Desktop kernel: [    2.375958] iwlwifi 0000:03:00.0: irq 48 for MSI/MSI-X
Apr  3 14:50:18 Gentoo-Desktop kernel: [    2.376012] iwlwifi 0000:03:00.0: Detected Intel(R) Centrino(R) Advanced-N 6200 AGN, REV=0x74
Apr  3 14:50:18 Gentoo-Desktop kernel: [    2.376263] iwlwifi 0000:03:00.0: L1 Disabled; Enabling L0S
Apr  3 14:50:18 Gentoo-Desktop kernel: [    2.404203] iwlwifi 0000:03:00.0: device EEPROM VER=0x436, CALIB=0x6
Apr  3 14:50:18 Gentoo-Desktop kernel: [    2.404326] iwlwifi 0000:03:00.0: Device SKU: 0X1f0
Apr  3 14:50:18 Gentoo-Desktop kernel: [    2.404460] iwlwifi 0000:03:00.0: Tunable channels: 13 802.11bg, 24 802.11a channels
Apr  3 14:50:18 Gentoo-Desktop kernel: [    2.404899] ehci_hcd: USB 2.0 'Enhanced' Host Controller (EHCI) Driver
Apr  3 14:50:18 Gentoo-Desktop kernel: [    2.405042] ehci_hcd 0000:00:1a.0: power state changed by ACPI to D0
Apr  3 14:50:18 Gentoo-Desktop kernel: [    2.405168] ehci_hcd 0000:00:1a.0: power state changed by ACPI to D0
Apr  3 14:50:18 Gentoo-Desktop kernel: [    2.405298] ehci_hcd 0000:00:1a.0: PCI INT D -> GSI 23 (level, low) -> IRQ 23
Apr  3 14:50:18 Gentoo-Desktop kernel: [    2.405441] ehci_hcd 0000:00:1a.0: setting latency timer to 64
Apr  3 14:50:18 Gentoo-Desktop kernel: [    2.405448] ehci_hcd 0000:00:1a.0: EHCI Host Controller
Apr  3 14:50:18 Gentoo-Desktop kernel: [    2.405595] ehci_hcd 0000:00:1a.0: new USB bus registered, assigned bus number 1
Apr  3 14:50:18 Gentoo-Desktop kernel: [    2.405767] ehci_hcd 0000:00:1a.0: debug port 2
Apr  3 14:50:18 Gentoo-Desktop kernel: [    2.409790] ehci_hcd 0000:00:1a.0: cache line size of 64 is not supported
Apr  3 14:50:18 Gentoo-Desktop kernel: [    2.409807] ehci_hcd 0000:00:1a.0: irq 23, io mem 0xf2628000
Apr  3 14:50:18 Gentoo-Desktop kernel: [    2.427543] ehci_hcd 0000:00:1a.0: USB 2.0 started, EHCI 1.00
Apr  3 14:50:18 Gentoo-Desktop kernel: [    2.427689] usb usb1: New USB device found, idVendor=1d6b, idProduct=0002
Apr  3 14:50:18 Gentoo-Desktop kernel: [    2.427817] usb usb1: New USB device strings: Mfr=3, Product=2, SerialNumber=1
Apr  3 14:50:18 Gentoo-Desktop kernel: [    2.427954] usb usb1: Product: EHCI Host Controller
Apr  3 14:50:18 Gentoo-Desktop kernel: [    2.428074] usb usb1: Manufacturer: Linux 3.2.1-gentoo-r2 ehci_hcd
Apr  3 14:50:18 Gentoo-Desktop kernel: [    2.428201] usb usb1: SerialNumber: 0000:00:1a.0
Apr  3 14:50:18 Gentoo-Desktop kernel: [    2.428498] hub 1-0:1.0: USB hub found
Apr  3 14:50:18 Gentoo-Desktop kernel: [    2.428618] hub 1-0:1.0: 3 ports detected
Apr  3 14:50:18 Gentoo-Desktop kernel: [    2.428809] ehci_hcd 0000:00:1d.0: power state changed by ACPI to D0
Apr  3 14:50:18 Gentoo-Desktop kernel: [    2.428937] ehci_hcd 0000:00:1d.0: power state changed by ACPI to D0
Apr  3 14:50:18 Gentoo-Desktop kernel: [    2.429072] ehci_hcd 0000:00:1d.0: PCI INT D -> GSI 19 (level, low) -> IRQ 19
Apr  3 14:50:18 Gentoo-Desktop kernel: [    2.429214] ehci_hcd 0000:00:1d.0: setting latency timer to 64
Apr  3 14:50:18 Gentoo-Desktop kernel: [    2.429222] ehci_hcd 0000:00:1d.0: EHCI Host Controller
Apr  3 14:50:18 Gentoo-Desktop kernel: [    2.429352] ehci_hcd 0000:00:1d.0: new USB bus registered, assigned bus number 2
Apr  3 14:50:18 Gentoo-Desktop kernel: [    2.429523] ehci_hcd 0000:00:1d.0: debug port 2
Apr  3 14:50:18 Gentoo-Desktop kernel: [    2.433545] ehci_hcd 0000:00:1d.0: cache line size of 64 is not supported
Apr  3 14:50:18 Gentoo-Desktop kernel: [    2.433562] ehci_hcd 0000:00:1d.0: irq 19, io mem 0xf2628400
Apr  3 14:50:18 Gentoo-Desktop kernel: [    2.457526] ehci_hcd 0000:00:1d.0: USB 2.0 started, EHCI 1.00
Apr  3 14:50:18 Gentoo-Desktop kernel: [    2.457669] usb usb2: New USB device found, idVendor=1d6b, idProduct=0002
Apr  3 14:50:18 Gentoo-Desktop kernel: [    2.457796] usb usb2: New USB device strings: Mfr=3, Product=2, SerialNumber=1
Apr  3 14:50:18 Gentoo-Desktop kernel: [    2.457937] usb usb2: Product: EHCI Host Controller
Apr  3 14:50:18 Gentoo-Desktop kernel: [    2.458060] usb usb2: Manufacturer: Linux 3.2.1-gentoo-r2 ehci_hcd
Apr  3 14:50:18 Gentoo-Desktop kernel: [    2.458185] usb usb2: SerialNumber: 0000:00:1d.0
Apr  3 14:50:18 Gentoo-Desktop kernel: [    2.458475] hub 2-0:1.0: USB hub found
Apr  3 14:50:18 Gentoo-Desktop kernel: [    2.458599] hub 2-0:1.0: 3 ports detected
Apr  3 14:50:18 Gentoo-Desktop kernel: [    2.458839] ohci_hcd: USB 1.1 'Open' Host Controller (OHCI) Driver
Apr  3 14:50:18 Gentoo-Desktop kernel: [    2.459024] uhci_hcd: USB Universal Host Controller Interface driver
Apr  3 14:50:18 Gentoo-Desktop kernel: [    2.459254] xhci_hcd 0000:0f:00.0: PCI INT A -> GSI 18 (level, low) -> IRQ 18
Apr  3 14:50:18 Gentoo-Desktop kernel: [    2.459398] xhci_hcd 0000:0f:00.0: setting latency timer to 64
Apr  3 14:50:18 Gentoo-Desktop kernel: [    2.459405] xhci_hcd 0000:0f:00.0: xHCI Host Controller
Apr  3 14:50:18 Gentoo-Desktop kernel: [    2.459538] xhci_hcd 0000:0f:00.0: new USB bus registered, assigned bus number 3
Apr  3 14:50:18 Gentoo-Desktop kernel: [    2.460080] xhci_hcd 0000:0f:00.0: irq 18, io mem 0xf2200000
Apr  3 14:50:18 Gentoo-Desktop kernel: [    2.460275] xhci_hcd 0000:0f:00.0: irq 49 for MSI/MSI-X
Apr  3 14:50:18 Gentoo-Desktop kernel: [    2.460282] xhci_hcd 0000:0f:00.0: irq 50 for MSI/MSI-X
Apr  3 14:50:18 Gentoo-Desktop kernel: [    2.460288] xhci_hcd 0000:0f:00.0: irq 51 for MSI/MSI-X
Apr  3 14:50:18 Gentoo-Desktop kernel: [    2.460294] xhci_hcd 0000:0f:00.0: irq 52 for MSI/MSI-X
Apr  3 14:50:18 Gentoo-Desktop kernel: [    2.460301] xhci_hcd 0000:0f:00.0: irq 53 for MSI/MSI-X
Apr  3 14:50:18 Gentoo-Desktop kernel: [    2.460307] xhci_hcd 0000:0f:00.0: irq 54 for MSI/MSI-X
Apr  3 14:50:18 Gentoo-Desktop kernel: [    2.460313] xhci_hcd 0000:0f:00.0: irq 55 for MSI/MSI-X
Apr  3 14:50:18 Gentoo-Desktop kernel: [    2.460320] xhci_hcd 0000:0f:00.0: irq 56 for MSI/MSI-X
Apr  3 14:50:18 Gentoo-Desktop kernel: [    2.460568] usb usb3: New USB device found, idVendor=1d6b, idProduct=0002
Apr  3 14:50:18 Gentoo-Desktop kernel: [    2.460692] usb usb3: New USB device strings: Mfr=3, Product=2, SerialNumber=1
Apr  3 14:50:18 Gentoo-Desktop kernel: [    2.460832] usb usb3: Product: xHCI Host Controller
Apr  3 14:50:18 Gentoo-Desktop kernel: [    2.460955] usb usb3: Manufacturer: Linux 3.2.1-gentoo-r2 xhci_hcd
Apr  3 14:50:18 Gentoo-Desktop kernel: [    2.461080] usb usb3: SerialNumber: 0000:0f:00.0
Apr  3 14:50:18 Gentoo-Desktop kernel: [    2.461296] xHCI xhci_add_endpoint called for root hub
Apr  3 14:50:18 Gentoo-Desktop kernel: [    2.461298] xHCI xhci_check_bandwidth called for root hub
Apr  3 14:50:18 Gentoo-Desktop kernel: [    2.461371] hub 3-0:1.0: USB hub found
Apr  3 14:50:18 Gentoo-Desktop kernel: [    2.461507] hub 3-0:1.0: 2 ports detected
Apr  3 14:50:18 Gentoo-Desktop kernel: [    2.461715] xhci_hcd 0000:0f:00.0: xHCI Host Controller
Apr  3 14:50:18 Gentoo-Desktop kernel: [    2.461838] xhci_hcd 0000:0f:00.0: new USB bus registered, assigned bus number 4
Apr  3 14:50:18 Gentoo-Desktop kernel: [    2.463266] usb usb4: New USB device found, idVendor=1d6b, idProduct=0003
Apr  3 14:50:18 Gentoo-Desktop kernel: [    2.463396] usb usb4: New USB device strings: Mfr=3, Product=2, SerialNumber=1
Apr  3 14:50:18 Gentoo-Desktop kernel: [    2.463535] usb usb4: Product: xHCI Host Controller
Apr  3 14:50:18 Gentoo-Desktop kernel: [    2.463659] usb usb4: Manufacturer: Linux 3.2.1-gentoo-r2 xhci_hcd
Apr  3 14:50:18 Gentoo-Desktop kernel: [    2.463784] usb usb4: SerialNumber: 0000:0f:00.0
Apr  3 14:50:18 Gentoo-Desktop kernel: [    2.464001] xHCI xhci_add_endpoint called for root hub
Apr  3 14:50:18 Gentoo-Desktop kernel: [    2.464003] xHCI xhci_check_bandwidth called for root hub
Apr  3 14:50:18 Gentoo-Desktop kernel: [    2.464075] hub 4-0:1.0: USB hub found
Apr  3 14:50:18 Gentoo-Desktop kernel: [    2.464212] hub 4-0:1.0: 2 ports detected
Apr  3 14:50:18 Gentoo-Desktop kernel: [    2.517503] ata1: SATA link up 3.0 Gbps (SStatus 123 SControl 300)
Apr  3 14:50:18 Gentoo-Desktop kernel: [    2.522736] ata1.00: ACPI cmd ef/02:00:00:00:00:a0 (SET FEATURES) succeeded
Apr  3 14:50:18 Gentoo-Desktop kernel: [    2.522743] ata1.00: ACPI cmd f5/00:00:00:00:00:a0 (SECURITY FREEZE LOCK) filtered out
Apr  3 14:50:18 Gentoo-Desktop kernel: [    2.522892] ata1.00: ACPI cmd ef/10:03:00:00:00:a0 (SET FEATURES) filtered out
Apr  3 14:50:18 Gentoo-Desktop kernel: [    2.533358] ata1.00: ATA-9: Corsair Force 3 SSD, 1.2, max UDMA/133
Apr  3 14:50:18 Gentoo-Desktop kernel: [    2.533491] ata1.00: 468862128 sectors, multi 16: LBA48 NCQ (depth 31/32), AA
Apr  3 14:50:18 Gentoo-Desktop kernel: [    2.542953] ata1.00: ACPI cmd ef/02:00:00:00:00:a0 (SET FEATURES) succeeded
Apr  3 14:50:18 Gentoo-Desktop kernel: [    2.542959] ata1.00: ACPI cmd f5/00:00:00:00:00:a0 (SECURITY FREEZE LOCK) filtered out
Apr  3 14:50:18 Gentoo-Desktop kernel: [    2.543107] ata1.00: ACPI cmd ef/10:03:00:00:00:a0 (SET FEATURES) filtered out
Apr  3 14:50:18 Gentoo-Desktop kernel: [    2.553362] ata1.00: configured for UDMA/133
Apr  3 14:50:18 Gentoo-Desktop start-stop-daemon: pam_unix(start-stop-daemon:session): session opened for user nobody by (uid=0)
Apr  3 14:50:18 Gentoo-Desktop kernel: [    2.553616] scsi 0:0:0:0: Direct-Access     ATA      Corsair Force 3  1.2  PQ: 0 ANSI: 5
Apr  3 14:50:18 Gentoo-Desktop kernel: [    2.553996] sd 0:0:0:0: [sda] 468862128 512-byte logical blocks: (240 GB/223 GiB)
Apr  3 14:50:18 Gentoo-Desktop kernel: [    2.554206] sd 0:0:0:0: [sda] Write Protect is off
Apr  3 14:50:18 Gentoo-Desktop kernel: [    2.554330] sd 0:0:0:0: [sda] Mode Sense: 00 3a 00 00
Apr  3 14:50:18 Gentoo-Desktop kernel: [    2.554343] sd 0:0:0:0: [sda] Write cache: enabled, read cache: enabled, doesn't support DPO or FUA
Apr  3 14:50:18 Gentoo-Desktop kernel: [    2.555150]  sda: sda1 sda2 sda3 < sda5 sda6 sda7 >
Apr  3 14:50:18 Gentoo-Desktop kernel: [    2.555855] sd 0:0:0:0: [sda] Attached SCSI disk
Apr  3 14:50:18 Gentoo-Desktop kernel: [    2.607516] sl811: driver sl811-hcd, 19 May 2005
Apr  3 14:50:18 Gentoo-Desktop kernel: [    2.607682] Initializing USB Mass Storage driver...
Apr  3 14:50:18 Gentoo-Desktop kernel: [    2.607866] usbcore: registered new interface driver usb-storage
Apr  3 14:50:18 Gentoo-Desktop kernel: [    2.607991] USB Mass Storage support registered.
Apr  3 14:50:18 Gentoo-Desktop kernel: [    2.608158] usbcore: registered new interface driver ums-datafab
Apr  3 14:50:18 Gentoo-Desktop kernel: [    2.608327] usbcore: registered new interface driver ums-freecom
Apr  3 14:50:18 Gentoo-Desktop kernel: [    2.608493] usbcore: registered new interface driver ums-isd200
Apr  3 14:50:18 Gentoo-Desktop kernel: [    2.608666] usbcore: registered new interface driver ums-sddr09
Apr  3 14:50:18 Gentoo-Desktop kernel: [    2.608839] usbcore: registered new interface driver ums-sddr55
Apr  3 14:50:18 Gentoo-Desktop kernel: [    2.609008] usbcore: registered new interface driver ums-usbat
Apr  3 14:50:18 Gentoo-Desktop kernel: [    2.609263] i8042: PNP: PS/2 Controller [PNP0303:KBD,PNP0f13:MOU] at 0x60,0x64 irq 1,12
Apr  3 14:50:18 Gentoo-Desktop kernel: [    2.613265] serio: i8042 KBD port at 0x60,0x64 irq 1
Apr  3 14:50:18 Gentoo-Desktop kernel: [    2.613392] serio: i8042 AUX port at 0x60,0x64 irq 12
Apr  3 14:50:18 Gentoo-Desktop kernel: [    2.613700] mousedev: PS/2 mouse device common for all mice
Apr  3 14:50:18 Gentoo-Desktop kernel: [    2.614472] usbcore: registered new interface driver keyspan_remote
Apr  3 14:50:18 Gentoo-Desktop kernel: [    2.614692] input: PC Speaker as /devices/platform/pcspkr/input/input4
Apr  3 14:50:18 Gentoo-Desktop kernel: [    2.614934] i801_smbus 0000:00:1f.3: PCI INT A -> GSI 23 (level, low) -> IRQ 23
Apr  3 14:50:18 Gentoo-Desktop kernel: [    2.617013] cpuidle: using governor ladder
Apr  3 14:50:18 Gentoo-Desktop kernel: [    2.617331] input: AT Translated Set 2 keyboard as /devices/platform/i8042/serio0/input/input5
Apr  3 14:50:18 Gentoo-Desktop kernel: [    2.620059] cpuidle: using governor menu
Apr  3 14:50:18 Gentoo-Desktop kernel: [    2.620933] usbcore: registered new interface driver usbhid
Apr  3 14:50:18 Gentoo-Desktop kernel: [    2.621057] usbhid: USB HID core driver
Apr  3 14:50:18 Gentoo-Desktop kernel: [    2.621629] thinkpad_acpi: ThinkPad ACPI Extras v0.24
Apr  3 14:50:18 Gentoo-Desktop start-stop-daemon: pam_unix(start-stop-daemon:session): session opened for user nobody by (uid=0)
Apr  3 14:50:18 Gentoo-Desktop kernel: [    2.621760] thinkpad_acpi: http://ibm-acpi.sf.net/
Apr  3 14:50:18 Gentoo-Desktop kernel: [    2.621888] thinkpad_acpi: ThinkPad BIOS 6NET74WW (1.34 ), EC 6MHT43WW-1.18
Apr  3 14:50:18 Gentoo-Desktop kernel: [    2.622023] thinkpad_acpi: Lenovo ThinkPad W510, model 4876A54
Apr  3 14:50:18 Gentoo-Desktop kernel: [    2.623386] thinkpad_acpi: detected a 8-level brightness capable ThinkPad
Apr  3 14:50:18 Gentoo-Desktop kernel: [    2.623736] thinkpad_acpi: radio switch found; radios are enabled
Apr  3 14:50:18 Gentoo-Desktop kernel: [    2.626823] thinkpad_acpi: rfkill switch tpacpi_bluetooth_sw: radio is unblocked
Apr  3 14:50:18 Gentoo-Desktop kernel: [    2.627695] Registered led device: tpacpi::thinklight
Apr  3 14:50:18 Gentoo-Desktop kernel: [    2.627800] Registered led device: tpacpi::power
Apr  3 14:50:18 Gentoo-Desktop kernel: [    2.627882] Registered led device: tpacpi::standby
Apr  3 14:50:18 Gentoo-Desktop kernel: [    2.627958] Registered led device: tpacpi::thinkvantage
Apr  3 14:50:18 Gentoo-Desktop kernel: [    2.629841] thinkpad_acpi: Standard ACPI backlight interface available, not loading native one
Apr  3 14:50:18 Gentoo-Desktop kernel: [    2.630075] thinkpad_acpi: volume: disabled as there is no ALSA support in this kernel
Apr  3 14:50:18 Gentoo-Desktop kernel: [    2.630655] input: ThinkPad Extra Buttons as /devices/platform/thinkpad_acpi/input/input6
Apr  3 14:50:18 Gentoo-Desktop kernel: [    2.630977] Netfilter messages via NETLINK v0.30.
Apr  3 14:50:18 Gentoo-Desktop kernel: [    2.631233] nf_conntrack version 0.5.0 (16384 buckets, 65536 max)
Apr  3 14:50:18 Gentoo-Desktop kernel: [    2.631793] ctnetlink v0.93: registering with nfnetlink.
Apr  3 14:50:18 Gentoo-Desktop kernel: [    2.632067] xt_time: kernel timezone is -0000
Apr  3 14:50:18 Gentoo-Desktop kernel: [    2.632222] IPv4 over IPv4 tunneling driver
Apr  3 14:50:18 Gentoo-Desktop kernel: [    2.633927] TCP cubic registered
Apr  3 14:50:18 Gentoo-Desktop kernel: [    2.634074] Initializing XFRM netlink socket
Apr  3 14:50:18 Gentoo-Desktop start-stop-daemon: pam_unix(start-stop-daemon:session): session opened for user nobody by (uid=0)
Apr  3 14:50:18 Gentoo-Desktop acpid: starting up with proc fs
Apr  3 14:50:18 Gentoo-Desktop kernel: [    2.634217] NET: Registered protocol family 17
Apr  3 14:50:18 Gentoo-Desktop kernel: [    2.634369] NET: Registered protocol family 15
Apr  3 14:50:18 Gentoo-Desktop kernel: [    2.634513] lib80211: common routines for IEEE802.11 drivers
Apr  3 14:50:18 Gentoo-Desktop kernel: [    2.634662] lib80211_crypt: registered algorithm 'NULL'
Apr  3 14:50:18 Gentoo-Desktop kernel: [    2.747571] usb 1-1: new high-speed USB device number 2 using ehci_hcd
Apr  3 14:50:18 Gentoo-Desktop kernel: [    2.898015] usb 1-1: New USB device found, idVendor=8087, idProduct=0020
Apr  3 14:50:18 Gentoo-Desktop kernel: [    2.898135] usb 1-1: New USB device strings: Mfr=0, Product=0, SerialNumber=0
Apr  3 14:50:18 Gentoo-Desktop kernel: [    2.898751] hub 1-1:1.0: USB hub found
Apr  3 14:50:18 Gentoo-Desktop kernel: [    2.899066] hub 1-1:1.0: 6 ports detected
Apr  3 14:50:18 Gentoo-Desktop kernel: [    2.907520] ata2: SATA link up 1.5 Gbps (SStatus 113 SControl 300)
Apr  3 14:50:18 Gentoo-Desktop acpid: 4 rules loaded
Apr  3 14:50:18 Gentoo-Desktop acpid: waiting for events: event logging is off
Apr  3 14:50:18 Gentoo-Desktop kernel: [    2.910065] ata2.00: ACPI cmd e3/00:1f:00:00:00:a0 (IDLE) succeeded
Apr  3 14:50:18 Gentoo-Desktop kernel: [    2.910354] ata2.00: ACPI cmd e3/00:02:00:00:00:a0 (IDLE) succeeded
Apr  3 14:50:18 Gentoo-Desktop kernel: [    2.911967] ata2.00: ATAPI: HL-DT-STDVDRAM GT33N, LT20, max UDMA/66
Apr  3 14:50:18 Gentoo-Desktop kernel: [    2.914801] ata2.00: ACPI cmd e3/00:1f:00:00:00:a0 (IDLE) succeeded
Apr  3 14:50:18 Gentoo-Desktop kernel: [    2.915056] ata2.00: ACPI cmd e3/00:02:00:00:00:a0 (IDLE) succeeded
Apr  3 14:50:18 Gentoo-Desktop kernel: [    2.916663] ata2.00: configured for UDMA/66
Apr  3 14:50:18 Gentoo-Desktop kernel: [    2.918848] scsi 1:0:0:0: CD-ROM            HL-DT-ST DVDRAM GT33N     LT20 PQ: 0 ANSI: 5
Apr  3 14:50:18 Gentoo-Desktop kernel: [    3.017417] usb 2-1: new high-speed USB device number 2 using ehci_hcd
Apr  3 14:50:18 Gentoo-Desktop kernel: [    3.037418] Refined TSC clocksource calibration: 1728.876 MHz.
Apr  3 14:50:18 Gentoo-Desktop kernel: [    3.037565] Switching to clocksource tsc
Apr  3 14:50:18 Gentoo-Desktop kernel: [    3.168038] usb 2-1: New USB device found, idVendor=8087, idProduct=0020
Apr  3 14:50:18 Gentoo-Desktop kernel: [    3.168156] usb 2-1: New USB device strings: Mfr=0, Product=0, SerialNumber=0
Apr  3 14:50:18 Gentoo-Desktop kernel: [    3.168955] hub 2-1:1.0: USB hub found
Apr  3 14:50:18 Gentoo-Desktop kernel: [    3.169306] hub 2-1:1.0: 8 ports detected
Apr  3 14:50:18 Gentoo-Desktop kernel: [    3.247541] usb 1-1.2: new full-speed USB device number 3 using ehci_hcd
Apr  3 14:50:18 Gentoo-Desktop kernel: [    3.267344] ata5: SATA link down (SStatus 0 SControl 300)
Apr  3 14:50:18 Gentoo-Desktop kernel: [    3.361601] usb 1-1.2: New USB device found, idVendor=06a3, idProduct=0cfa
Apr  3 14:50:18 Gentoo-Desktop kernel: [    3.361717] usb 1-1.2: New USB device strings: Mfr=1, Product=2, SerialNumber=0
Apr  3 14:50:18 Gentoo-Desktop kernel: [    3.361843] usb 1-1.2: Product: Cyborg R.A.T.9 Wireless Mouse
Apr  3 14:50:18 Gentoo-Desktop kernel: [    3.361949] usb 1-1.2: Manufacturer: Saitek
Apr  3 14:50:18 Gentoo-Desktop kernel: [    3.365107] input: Saitek Cyborg R.A.T.9 Wireless Mouse as /devices/pci0000:00/0000:00:1a.0/usb1/1-1/1-1.2/1-1.2:1.0/input/input7
Apr  3 14:50:18 Gentoo-Desktop kernel: [    3.365518] generic-usb 0003:06A3:0CFA.0001: input,hidraw0: USB HID v1.11 Mouse [Saitek Cyborg R.A.T.9 Wireless Mouse] on usb-0000:00:1a.0-1.2/input0
Apr  3 14:50:18 Gentoo-Desktop kernel: [    3.437365] usb 1-1.3: new full-speed USB device number 4 using ehci_hcd
Apr  3 14:50:18 Gentoo-Desktop kernel: [    3.512207] psmouse serio1: synaptics: Touchpad model: 1, fw: 7.2, id: 0x1c0b1, caps: 0xd047b3/0xb40000/0xa0000
Apr  3 14:50:18 Gentoo-Desktop kernel: [    3.512372] psmouse serio1: synaptics: serio: Synaptics pass-through port at isa0060/serio1/input0
Apr  3 14:50:18 Gentoo-Desktop kernel: [    3.548756] usb 1-1.3: New USB device found, idVendor=147e, idProduct=2016
Apr  3 14:50:18 Gentoo-Desktop kernel: [    3.548875] usb 1-1.3: New USB device strings: Mfr=1, Product=2, SerialNumber=0
Apr  3 14:50:18 Gentoo-Desktop kernel: [    3.548999] usb 1-1.3: Product: Biometric Coprocessor
Apr  3 14:50:18 Gentoo-Desktop kernel: [    3.549097] usb 1-1.3: Manufacturer: UPEK
Apr  3 14:50:18 Gentoo-Desktop kernel: [    3.568323] input: SynPS/2 Synaptics TouchPad as /devices/platform/i8042/serio1/input/input8
Apr  3 14:50:18 Gentoo-Desktop kernel: [    3.617164] ata6: SATA link down (SStatus 0 SControl 300)
Apr  3 14:50:18 Gentoo-Desktop kernel: [    3.617748] EXT4-fs (sda7): couldn't mount as ext3 due to feature incompatibilities
Apr  3 14:50:18 Gentoo-Desktop kernel: [    3.627213] usb 1-1.4: new full-speed USB device number 5 using ehci_hcd
Apr  3 14:50:18 Gentoo-Desktop kernel: [    3.741533] usb 1-1.4: New USB device found, idVendor=0a5c, idProduct=217f
Apr  3 14:50:18 Gentoo-Desktop kernel: [    3.741653] usb 1-1.4: New USB device strings: Mfr=1, Product=2, SerialNumber=3
Apr  3 14:50:18 Gentoo-Desktop kernel: [    3.741776] usb 1-1.4: Product: Broadcom Bluetooth Device
Apr  3 14:50:18 Gentoo-Desktop kernel: [    3.741876] usb 1-1.4: Manufacturer: Broadcom Corp
Apr  3 14:50:18 Gentoo-Desktop kernel: [    3.741980] usb 1-1.4: SerialNumber: 889FFAEC2161
Apr  3 14:50:18 Gentoo-Desktop kernel: [    3.747152] EXT4-fs (sda7): couldn't mount as ext2 due to feature incompatibilities
Apr  3 14:50:18 Gentoo-Desktop kernel: [    3.817237] usb 1-1.6: new high-speed USB device number 6 using ehci_hcd
Apr  3 14:50:18 Gentoo-Desktop kernel: [    3.880993] EXT4-fs (sda7): mounted filesystem with ordered data mode. Opts: (null)
Apr  3 14:50:18 Gentoo-Desktop kernel: [    3.881141] VFS: Mounted root (ext4 filesystem) readonly on device 8:7.
Apr  3 14:50:18 Gentoo-Desktop kernel: [    3.881404] Freeing unused kernel memory: 516k freed
Apr  3 14:50:18 Gentoo-Desktop kernel: [    3.942480] usb 1-1.6: New USB device found, idVendor=17ef, idProduct=480f
Apr  3 14:50:18 Gentoo-Desktop kernel: [    3.942587] usb 1-1.6: New USB device strings: Mfr=1, Product=2, SerialNumber=0
Apr  3 14:50:18 Gentoo-Desktop kernel: [    3.942712] usb 1-1.6: Product: Integrated Camera
Apr  3 14:50:18 Gentoo-Desktop kernel: [    3.942811] usb 1-1.6: Manufacturer: Chicony Electronics Co., Ltd.
Apr  3 14:50:18 Gentoo-Desktop [    4.194758] udevd[1204]: starting version 171
Apr  3 14:50:18 Gentoo-Desktop kernel: [    4.239231] iwlwifi 0000:03:00.0: loaded firmware version 9.221.4.1 build 25532
Apr  3 14:50:18 Gentoo-Desktop kernel: [    4.239558] Registered led device: phy0-led
Apr  3 14:50:18 Gentoo-Desktop kernel: [    4.239643] ieee80211 phy0: Selected rate control algorithm 'iwl-agn-rs'
Apr  3 14:50:18 Gentoo-Desktop kernel: [    4.252631] WARNING! power/level is deprecated; use power/control instead
Apr  3 14:50:18 Gentoo-Desktop kernel: [    4.353607] Disabling lock debugging due to kernel taint
Apr  3 14:50:18 Gentoo-Desktop kernel: [    4.353613] nvidia: module license 'NVIDIA' taints kernel.
Apr  3 14:50:18 Gentoo-Desktop kernel: [    4.399191] nvidia 0000:01:00.0: power state changed by ACPI to D0
Apr  3 14:50:18 Gentoo-Desktop kernel: [    4.399194] nvidia 0000:01:00.0: power state changed by ACPI to D0
Apr  3 14:50:18 Gentoo-Desktop kernel: [    4.399201] nvidia 0000:01:00.0: PCI INT A -> GSI 16 (level, low) -> IRQ 16
Apr  3 14:50:18 Gentoo-Desktop kernel: [    4.399207] nvidia 0000:01:00.0: setting latency timer to 64
Apr  3 14:50:18 Gentoo-Desktop kernel: [    4.399210] vgaarb: device changed decodes: PCI:0000:01:00.0,olddecodes=io+mem,decodes=none:owns=io+mem
Apr  3 14:50:18 Gentoo-Desktop kernel: [    4.399331] NVRM: loading NVIDIA UNIX x86_64 Kernel Module  290.10  Wed Nov 16 17:39:29 PST 2011
Apr  3 14:50:18 Gentoo-Desktop kernel: [    4.806121] EXT4-fs (sda7): re-mounted. Opts: discard,user_xattr
Apr  3 14:50:18 Gentoo-Desktop NetworkManager[2522]: <info> NetworkManager (version 0.9.2.0) is starting...
Apr  3 14:50:18 Gentoo-Desktop NetworkManager[2522]: <info> Read config file /etc/NetworkManager/nm-system-settings.conf
Apr  3 14:50:18 Gentoo-Desktop dbus[2445]: [system] Activating service name='org.freedesktop.NetworkManager' (using servicehelper)
Apr  3 14:50:18 Gentoo-Desktop dbus[2445]: [system] Activated service 'org.freedesktop.NetworkManager' failed: Launch helper exited with unknown return code 1
Apr  3 14:50:18 Gentoo-Desktop dbus[2445]: [system] Activating service name='org.freedesktop.PolicyKit1' (using servicehelper)
Apr  3 14:50:18 Gentoo-Desktop laptop-mode: Laptop mode 
Apr  3 14:50:18 Gentoo-Desktop polkitd[2546]: started daemon version 0.104 using authority implementation `local' version `0.104'
Apr  3 14:50:18 Gentoo-Desktop dbus[2445]: [system] Successfully activated service 'org.freedesktop.PolicyKit1'
Apr  3 14:50:18 Gentoo-Desktop laptop-mode: enabled, active
Apr  3 14:50:18 Gentoo-Desktop NetworkManager[2522]:    SCPlugin-Ifnet: Initializing!
Apr  3 14:50:18 Gentoo-Desktop NetworkManager[2522]:    SCPlugin-Ifnet: management mode: managed
Apr  3 14:50:18 Gentoo-Desktop NetworkManager[2522]:    SCPlugin-Ifnet: Loading connections
Apr  3 14:50:18 Gentoo-Desktop NetworkManager[2522]:    SCPlugin-Ifnet: guessed connection type (0x71696D2D3039323435) = 802-11-wireless
Apr  3 14:50:18 Gentoo-Desktop NetworkManager[2522]:    SCPlugin-Ifnet: update_connection_setting_from_config_block: name:0x71696D2D3039323435, id:qim-09245, uuid: ab0fd81c-20b4-5b5a-c583-5e87eb9cc6e2
Apr  3 14:50:18 Gentoo-Desktop NetworkManager[2522]:    SCPlugin-Ifnet: Using mode: infrastructure
Apr  3 14:50:18 Gentoo-Desktop NetworkManager[2522]:    SCPlugin-Ifnet: wireless_setting added for 0x71696D2D3039323435
Apr  3 14:50:18 Gentoo-Desktop NetworkManager[2522]:    SCPlugin-Ifnet: updating wireless security settings (0x71696D2D3039323435).
Apr  3 14:50:18 Gentoo-Desktop NetworkManager[2522]:    SCPlugin-Ifnet: Using dhcp dhcp6 method for 0x71696D2D3039323435
Apr  3 14:50:18 Gentoo-Desktop NetworkManager[2522]:    SCPlugin-Ifnet: dhcpcd hostname not defined, ignoring
Apr  3 14:50:18 Gentoo-Desktop NetworkManager[2522]:    SCPlugin-Ifnet: IPv6 for 0x71696D2D3039323435 enabled, using auto
Apr  3 14:50:18 Gentoo-Desktop NetworkManager[2522]:    SCPlugin-Ifnet: Connection verified 0x71696D2D3039323435:1
Apr  3 14:50:18 Gentoo-Desktop NetworkManager[2522]:    SCPlugin-Ifnet: guessed connection type (0x4845532D534F204D6173746572) = 802-11-wireless
Apr  3 14:50:18 Gentoo-Desktop NetworkManager[2522]:    SCPlugin-Ifnet: update_connection_setting_from_config_block: name:0x4845532D534F204D6173746572, id:HES-SO Master, uuid: bb8612c9-f11d-7216-6c20-c7ad6c02b2a9
Apr  3 14:50:18 Gentoo-Desktop NetworkManager[2522]:    SCPlugin-Ifnet: Using mode: infrastructure
Apr  3 14:50:18 Gentoo-Desktop NetworkManager[2522]:    SCPlugin-Ifnet: wireless_setting added for 0x4845532D534F204D6173746572
Apr  3 14:50:18 Gentoo-Desktop NetworkManager[2522]:    SCPlugin-Ifnet: updating wireless security settings (0x4845532D534F204D6173746572).
Apr  3 14:50:18 Gentoo-Desktop NetworkManager[2522]:    SCPlugin-Ifnet: Using dhcp dhcp6 method for 0x4845532D534F204D6173746572
Apr  3 14:50:18 Gentoo-Desktop NetworkManager[2522]:    SCPlugin-Ifnet: dhcpcd hostname not defined, ignoring
Apr  3 14:50:18 Gentoo-Desktop NetworkManager[2522]:    SCPlugin-Ifnet: IPv6 for 0x4845532D534F204D6173746572 enabled, using auto
Apr  3 14:50:18 Gentoo-Desktop NetworkManager[2522]:    SCPlugin-Ifnet: Connection verified 0x4845532D534F204D6173746572:1
Apr  3 14:50:18 Gentoo-Desktop NetworkManager[2522]:    SCPlugin-Ifnet: guessed connection type (0x48544320506F727461626C6520486F7473706F74) = 802-11-wireless
