Apr  3 14:41:51 Gentoo-Desktop kernel: [    0.000000] Initializing cgroup subsys cpuset
Apr  3 14:41:51 Gentoo-Desktop kernel: [    0.000000] Linux version 3.2.1-gentoo-r2 (root@Gentoo-Desktop) (gcc version 4.5.3 (Gentoo 4.5.3-r2 p1.1, pie-0.4.7) ) #42 SMP Wed Mar 28 16:26:50 CEST 2012
Apr  3 14:41:51 Gentoo-Desktop kernel: [    0.000000] Command line: BOOT_IMAGE=/boot/bzImage-clean root=/dev/sda7 fastboot
Apr  3 14:41:51 Gentoo-Desktop kernel: [    0.000000] BIOS-provided physical RAM map:
Apr  3 14:41:51 Gentoo-Desktop kernel: [    0.000000]  BIOS-e820: 0000000000000000 - 000000000009e800 (usable)
Apr  3 14:41:51 Gentoo-Desktop kernel: [    0.000000]  BIOS-e820: 000000000009e800 - 00000000000a0000 (reserved)
Apr  3 14:41:51 Gentoo-Desktop kernel: [    0.000000]  BIOS-e820: 00000000000d2000 - 00000000000d4000 (reserved)
Apr  3 14:41:51 Gentoo-Desktop kernel: [    0.000000]  BIOS-e820: 00000000000dc000 - 0000000000100000 (reserved)
Apr  3 14:41:51 Gentoo-Desktop kernel: [    0.000000]  BIOS-e820: 0000000000100000 - 00000000bba7c000 (usable)
Apr  3 14:41:51 Gentoo-Desktop kernel: [    0.000000]  BIOS-e820: 00000000bba7c000 - 00000000bba82000 (reserved)
Apr  3 14:41:51 Gentoo-Desktop kernel: [    0.000000]  BIOS-e820: 00000000bba82000 - 00000000bbb49000 (usable)
Apr  3 14:41:51 Gentoo-Desktop kernel: [    0.000000]  BIOS-e820: 00000000bbb49000 - 00000000bbb5c000 (reserved)
Apr  3 14:41:51 Gentoo-Desktop kernel: [    0.000000]  BIOS-e820: 00000000bbb5c000 - 00000000bbbdd000 (ACPI NVS)
Apr  3 14:41:51 Gentoo-Desktop kernel: [    0.000000]  BIOS-e820: 00000000bbbdd000 - 00000000bbc0f000 (reserved)
Apr  3 14:41:51 Gentoo-Desktop kernel: [    0.000000]  BIOS-e820: 00000000bbc0f000 - 00000000bbc5d000 (usable)
Apr  3 14:41:51 Gentoo-Desktop kernel: [    0.000000]  BIOS-e820: 00000000bbc5d000 - 00000000bbe68000 (reserved)
Apr  3 14:41:51 Gentoo-Desktop kernel: [    0.000000]  BIOS-e820: 00000000bbe68000 - 00000000bbee8000 (ACPI NVS)
Apr  3 14:41:51 Gentoo-Desktop kernel: [    0.000000]  BIOS-e820: 00000000bbee8000 - 00000000bbf0f000 (reserved)
Apr  3 14:41:51 Gentoo-Desktop kernel: [    0.000000]  BIOS-e820: 00000000bbf0f000 - 00000000bbf18000 (usable)
Apr  3 14:41:51 Gentoo-Desktop kernel: [    0.000000]  BIOS-e820: 00000000bbf18000 - 00000000bbf1f000 (reserved)
Apr  3 14:41:51 Gentoo-Desktop kernel: [    0.000000]  BIOS-e820: 00000000bbf1f000 - 00000000bbf6c000 (usable)
Apr  3 14:41:51 Gentoo-Desktop kernel: [    0.000000]  BIOS-e820: 00000000bbf6c000 - 00000000bbf7a000 (ACPI NVS)
Apr  3 14:41:51 Gentoo-Desktop kernel: [    0.000000]  BIOS-e820: 00000000bbf7a000 - 00000000bbf7d000 (ACPI data)
Apr  3 14:41:51 Gentoo-Desktop kernel: [    0.000000]  BIOS-e820: 00000000bbf7d000 - 00000000bbf81000 (ACPI NVS)
Apr  3 14:41:51 Gentoo-Desktop kernel: [    0.000000]  BIOS-e820: 00000000bbf81000 - 00000000bbf82000 (ACPI data)
Apr  3 14:41:51 Gentoo-Desktop kernel: [    0.000000]  BIOS-e820: 00000000bbf82000 - 00000000bbf8b000 (ACPI NVS)
Apr  3 14:41:51 Gentoo-Desktop kernel: [    0.000000]  BIOS-e820: 00000000bbf8b000 - 00000000bbf8c000 (ACPI data)
Apr  3 14:41:51 Gentoo-Desktop kernel: [    0.000000]  BIOS-e820: 00000000bbf8c000 - 00000000bbf9f000 (ACPI NVS)
Apr  3 14:41:51 Gentoo-Desktop kernel: [    0.000000]  BIOS-e820: 00000000bbf9f000 - 00000000bbfff000 (ACPI data)
Apr  3 14:41:51 Gentoo-Desktop kernel: [    0.000000]  BIOS-e820: 00000000bbfff000 - 00000000bc000000 (usable)
Apr  3 14:41:51 Gentoo-Desktop kernel: [    0.000000]  BIOS-e820: 00000000bc000000 - 00000000be000000 (reserved)
Apr  3 14:41:51 Gentoo-Desktop kernel: [    0.000000]  BIOS-e820: 00000000bf800000 - 00000000c0000000 (reserved)
Apr  3 14:41:51 Gentoo-Desktop kernel: [    0.000000]  BIOS-e820: 00000000e0000000 - 00000000f0000000 (reserved)
Apr  3 14:41:51 Gentoo-Desktop kernel: [    0.000000]  BIOS-e820: 00000000feaff000 - 00000000feb00000 (reserved)
Apr  3 14:41:51 Gentoo-Desktop kernel: [    0.000000]  BIOS-e820: 00000000fec00000 - 00000000fec10000 (reserved)
Apr  3 14:41:51 Gentoo-Desktop kernel: [    0.000000]  BIOS-e820: 00000000fed00000 - 00000000fed00400 (reserved)
Apr  3 14:41:51 Gentoo-Desktop kernel: [    0.000000]  BIOS-e820: 00000000fed1c000 - 00000000fed90000 (reserved)
Apr  3 14:41:51 Gentoo-Desktop kernel: [    0.000000]  BIOS-e820: 00000000fee00000 - 00000000fee01000 (reserved)
Apr  3 14:41:51 Gentoo-Desktop kernel: [    0.000000]  BIOS-e820: 00000000ff000000 - 0000000100000000 (reserved)
Apr  3 14:41:51 Gentoo-Desktop kernel: [    0.000000]  BIOS-e820: 0000000100000000 - 00000002c0000000 (usable)
Apr  3 14:41:51 Gentoo-Desktop kernel: [    0.000000] NX (Execute Disable) protection: active
Apr  3 14:41:51 Gentoo-Desktop kernel: [    0.000000] DMI present.
Apr  3 14:41:51 Gentoo-Desktop kernel: [    0.000000] DMI: LENOVO 4876A54/4876A54, BIOS 6NET74WW (1.34 ) 10/27/2010
Apr  3 14:41:51 Gentoo-Desktop kernel: [    0.000000] e820 update range: 0000000000000000 - 0000000000010000 (usable) ==> (reserved)
Apr  3 14:41:51 Gentoo-Desktop kernel: [    0.000000] e820 remove range: 00000000000a0000 - 0000000000100000 (usable)
Apr  3 14:41:51 Gentoo-Desktop kernel: [    0.000000] No AGP bridge found
Apr  3 14:41:51 Gentoo-Desktop kernel: [    0.000000] last_pfn = 0x2c0000 max_arch_pfn = 0x400000000
Apr  3 14:41:51 Gentoo-Desktop kernel: [    0.000000] MTRR default type: uncachable
Apr  3 14:41:51 Gentoo-Desktop kernel: [    0.000000] MTRR fixed ranges enabled:
Apr  3 14:41:51 Gentoo-Desktop kernel: [    0.000000]   00000-9FFFF write-back
Apr  3 14:41:51 Gentoo-Desktop kernel: [    0.000000]   A0000-BFFFF uncachable
Apr  3 14:41:51 Gentoo-Desktop kernel: [    0.000000]   C0000-D3FFF write-protect
Apr  3 14:41:51 Gentoo-Desktop kernel: [    0.000000]   D4000-DBFFF uncachable
Apr  3 14:41:51 Gentoo-Desktop kernel: [    0.000000]   DC000-FFFFF write-protect
Apr  3 14:41:51 Gentoo-Desktop kernel: [    0.000000] MTRR variable ranges enabled:
Apr  3 14:41:51 Gentoo-Desktop kernel: [    0.000000]   0 disabled
Apr  3 14:41:51 Gentoo-Desktop kernel: [    0.000000]   1 base 000000000 mask F80000000 write-back
Apr  3 14:41:51 Gentoo-Desktop kernel: [    0.000000]   2 base 080000000 mask FC0000000 write-back
Apr  3 14:41:51 Gentoo-Desktop kernel: [    0.000000]   3 base 100000000 mask F00000000 write-back
Apr  3 14:41:51 Gentoo-Desktop kernel: [    0.000000]   4 base 200000000 mask F80000000 write-back
Apr  3 14:41:51 Gentoo-Desktop kernel: [    0.000000]   5 base 280000000 mask FC0000000 write-back
Apr  3 14:41:51 Gentoo-Desktop kernel: [    0.000000]   6 base 0BC000000 mask FFE000000 uncachable
Apr  3 14:41:51 Gentoo-Desktop kernel: [    0.000000]   7 disabled
Apr  3 14:41:51 Gentoo-Desktop kernel: [    0.000000] x86 PAT enabled: cpu 0, old 0x7040600070406, new 0x7010600070106
Apr  3 14:41:51 Gentoo-Desktop kernel: [    0.000000] e820 update range: 00000000bc000000 - 00000000be000000 (usable) ==> (reserved)
Apr  3 14:41:51 Gentoo-Desktop kernel: [    0.000000] e820 update range: 00000000c0000000 - 0000000100000000 (usable) ==> (reserved)
Apr  3 14:41:51 Gentoo-Desktop kernel: [    0.000000] last_pfn = 0xbc000 max_arch_pfn = 0x400000000
Apr  3 14:41:51 Gentoo-Desktop kernel: [    0.000000] found SMP MP-table at [ffff8800000f68c0] f68c0
Apr  3 14:41:51 Gentoo-Desktop kernel: [    0.000000] initial memory mapped : 0 - 20000000
Apr  3 14:41:51 Gentoo-Desktop kernel: [    0.000000] Base memory trampoline at [ffff880000099000] 99000 size 20480
Apr  3 14:41:51 Gentoo-Desktop kernel: [    0.000000] init_memory_mapping: 0000000000000000-00000000bc000000
Apr  3 14:41:51 Gentoo-Desktop kernel: [    0.000000]  0000000000 - 00bc000000 page 2M
Apr  3 14:41:51 Gentoo-Desktop kernel: [    0.000000] kernel direct mapping tables up to bc000000 @ 1fffc000-20000000
Apr  3 14:41:51 Gentoo-Desktop kernel: [    0.000000] init_memory_mapping: 0000000100000000-00000002c0000000
Apr  3 14:41:51 Gentoo-Desktop kernel: [    0.000000]  0100000000 - 02c0000000 page 2M
Apr  3 14:41:51 Gentoo-Desktop kernel: [    0.000000] kernel direct mapping tables up to 2c0000000 @ bbf60000-bbf6c000
Apr  3 14:41:51 Gentoo-Desktop kernel: [    0.000000] ACPI: RSDP 00000000000f6890 00024 (v02 LENOVO)
Apr  3 14:41:51 Gentoo-Desktop kernel: [    0.000000] ACPI: XSDT 00000000bbff1c59 00094 (v01 LENOVO TP-6N    00001340  LTP 00000000)
Apr  3 14:41:51 Gentoo-Desktop kernel: [    0.000000] ACPI: FACP 00000000bbff1e00 000F4 (v04 LENOVO TP-6N    00001340 LNVO 00000001)
Apr  3 14:41:51 Gentoo-Desktop kernel: [    0.000000] ACPI: DSDT 00000000bbff209b 0CC8B (v01 LENOVO TP-6N    00001340 MSFT 03000001)
Apr  3 14:41:51 Gentoo-Desktop kernel: [    0.000000] ACPI: FACS 00000000bbee7000 00040
Apr  3 14:41:51 Gentoo-Desktop kernel: [    0.000000] ACPI: SSDT 00000000bbff1fb4 000E7 (v01 LENOVO TP-6N    00001340 MSFT 03000001)
Apr  3 14:41:51 Gentoo-Desktop kernel: [    0.000000] ACPI: ECDT 00000000bbffed26 00052 (v01 LENOVO TP-6N    00001340 LNVO 00000001)
Apr  3 14:41:51 Gentoo-Desktop kernel: [    0.000000] ACPI: APIC 00000000bbffed78 000BC (v01 LENOVO TP-6N    00001340 LNVO 00000001)
Apr  3 14:41:51 Gentoo-Desktop kernel: [    0.000000] ACPI: MCFG 00000000bbffee34 0003C (v01 LENOVO TP-6N    00001340 LNVO 00000001)
Apr  3 14:41:51 Gentoo-Desktop kernel: [    0.000000] ACPI: HPET 00000000bbffee70 00038 (v01 LENOVO TP-6N    00001340 LNVO 00000001)
Apr  3 14:41:51 Gentoo-Desktop kernel: [    0.000000] ACPI: ASF! 00000000bbffef34 000A4 (v16 LENOVO TP-6N    00001340 PTL  00000001)
Apr  3 14:41:51 Gentoo-Desktop kernel: [    0.000000] ACPI: BOOT 00000000bbffefd8 00028 (v01 LENOVO TP-6N    00001340  LTP 00000001)
Apr  3 14:41:51 Gentoo-Desktop kernel: [    0.000000] ACPI: SSDT 00000000bbee591a 0084B (v01 LENOVO TP-6N    00001340 INTL 20050513)
Apr  3 14:41:51 Gentoo-Desktop kernel: [    0.000000] ACPI: TCPA 00000000bbf8b000 00032 (v02    PTL  CRESTLN 06040000      00005A52)
Apr  3 14:41:51 Gentoo-Desktop kernel: [    0.000000] ACPI: DMAR 00000000bbf81000 00068 (v01 INTEL  CP_FIELD 00000001 INTL 00000001)
Apr  3 14:41:51 Gentoo-Desktop kernel: [    0.000000] ACPI: SSDT 00000000bbf7c000 009F1 (v01  PmRef    CpuPm 00003000 INTL 20060912)
Apr  3 14:41:51 Gentoo-Desktop kernel: [    0.000000] ACPI: SSDT 00000000bbf7b000 00259 (v01  PmRef  Cpu0Tst 00003000 INTL 20060912)
Apr  3 14:41:51 Gentoo-Desktop kernel: [    0.000000] ACPI: SSDT 00000000bbf7a000 0049F (v01  PmRef    ApTst 00003000 INTL 20060912)
Apr  3 14:41:51 Gentoo-Desktop kernel: [    0.000000] ACPI: Local APIC address 0xfee00000
Apr  3 14:41:51 Gentoo-Desktop kernel: [    0.000000]  [ffffea0000000000-ffffea00099fffff] PMD -> [ffff8802b5600000-ffff8802be1fffff] on node 0
Apr  3 14:41:51 Gentoo-Desktop kernel: [    0.000000] Zone PFN ranges:
Apr  3 14:41:51 Gentoo-Desktop kernel: [    0.000000]   DMA      0x00000010 -> 0x00001000
Apr  3 14:41:51 Gentoo-Desktop kernel: [    0.000000]   DMA32    0x00001000 -> 0x00100000
Apr  3 14:41:51 Gentoo-Desktop kernel: [    0.000000]   Normal   0x00100000 -> 0x002c0000
Apr  3 14:41:51 Gentoo-Desktop kernel: [    0.000000] Movable zone start PFN for each node
Apr  3 14:41:51 Gentoo-Desktop kernel: [    0.000000] early_node_map[8] active PFN ranges
Apr  3 14:41:51 Gentoo-Desktop kernel: [    0.000000]     0: 0x00000010 -> 0x0000009e
Apr  3 14:41:51 Gentoo-Desktop kernel: [    0.000000]     0: 0x00000100 -> 0x000bba7c
Apr  3 14:41:51 Gentoo-Desktop kernel: [    0.000000]     0: 0x000bba82 -> 0x000bbb49
Apr  3 14:41:51 Gentoo-Desktop kernel: [    0.000000]     0: 0x000bbc0f -> 0x000bbc5d
Apr  3 14:41:51 Gentoo-Desktop kernel: [    0.000000]     0: 0x000bbf0f -> 0x000bbf18
Apr  3 14:41:51 Gentoo-Desktop kernel: [    0.000000]     0: 0x000bbf1f -> 0x000bbf6c
Apr  3 14:41:51 Gentoo-Desktop kernel: [    0.000000]     0: 0x000bbfff -> 0x000bc000
Apr  3 14:41:51 Gentoo-Desktop kernel: [    0.000000]     0: 0x00100000 -> 0x002c0000
Apr  3 14:41:51 Gentoo-Desktop kernel: [    0.000000] On node 0 totalpages: 2603894
Apr  3 14:41:51 Gentoo-Desktop kernel: [    0.000000]   DMA zone: 56 pages used for memmap
Apr  3 14:41:51 Gentoo-Desktop kernel: [    0.000000]   DMA zone: 5 pages reserved
Apr  3 14:41:51 Gentoo-Desktop kernel: [    0.000000]   DMA zone: 3921 pages, LIFO batch:0
Apr  3 14:41:51 Gentoo-Desktop kernel: [    0.000000]   DMA32 zone: 14280 pages used for memmap
Apr  3 14:41:51 Gentoo-Desktop kernel: [    0.000000]   DMA32 zone: 750624 pages, LIFO batch:31
Apr  3 14:41:51 Gentoo-Desktop kernel: [    0.000000]   Normal zone: 25088 pages used for memmap
Apr  3 14:41:51 Gentoo-Desktop kernel: [    0.000000]   Normal zone: 1809920 pages, LIFO batch:31
Apr  3 14:41:51 Gentoo-Desktop kernel: [    0.000000] ACPI: PM-Timer IO Port: 0x1008
Apr  3 14:41:51 Gentoo-Desktop kernel: [    0.000000] ACPI: Local APIC address 0xfee00000
Apr  3 14:41:51 Gentoo-Desktop kernel: [    0.000000] ACPI: LAPIC (acpi_id[0x00] lapic_id[0x00] enabled)
Apr  3 14:41:51 Gentoo-Desktop kernel: [    0.000000] ACPI: LAPIC (acpi_id[0x01] lapic_id[0x01] enabled)
Apr  3 14:41:51 Gentoo-Desktop kernel: [    0.000000] ACPI: LAPIC (acpi_id[0x02] lapic_id[0x02] enabled)
Apr  3 14:41:51 Gentoo-Desktop kernel: [    0.000000] ACPI: LAPIC (acpi_id[0x03] lapic_id[0x03] enabled)
Apr  3 14:41:51 Gentoo-Desktop kernel: [    0.000000] ACPI: LAPIC (acpi_id[0x04] lapic_id[0x04] enabled)
Apr  3 14:41:51 Gentoo-Desktop kernel: [    0.000000] ACPI: LAPIC (acpi_id[0x05] lapic_id[0x05] enabled)
Apr  3 14:41:51 Gentoo-Desktop kernel: [    0.000000] ACPI: LAPIC (acpi_id[0x06] lapic_id[0x06] enabled)
Apr  3 14:41:51 Gentoo-Desktop kernel: [    0.000000] ACPI: LAPIC (acpi_id[0x07] lapic_id[0x07] enabled)
Apr  3 14:41:51 Gentoo-Desktop kernel: [    0.000000] ACPI: LAPIC_NMI (acpi_id[0x00] high edge lint[0x1])
Apr  3 14:41:51 Gentoo-Desktop kernel: [    0.000000] ACPI: LAPIC_NMI (acpi_id[0x01] high edge lint[0x1])
Apr  3 14:41:51 Gentoo-Desktop kernel: [    0.000000] ACPI: LAPIC_NMI (acpi_id[0x02] high edge lint[0x1])
Apr  3 14:41:51 Gentoo-Desktop kernel: [    0.000000] ACPI: LAPIC_NMI (acpi_id[0x03] high edge lint[0x1])
Apr  3 14:41:51 Gentoo-Desktop kernel: [    0.000000] ACPI: LAPIC_NMI (acpi_id[0x04] high edge lint[0x1])
Apr  3 14:41:51 Gentoo-Desktop kernel: [    0.000000] ACPI: LAPIC_NMI (acpi_id[0x05] high edge lint[0x1])
Apr  3 14:41:51 Gentoo-Desktop kernel: [    0.000000] ACPI: LAPIC_NMI (acpi_id[0x06] high edge lint[0x1])
Apr  3 14:41:51 Gentoo-Desktop kernel: [    0.000000] ACPI: LAPIC_NMI (acpi_id[0x07] high edge lint[0x1])
Apr  3 14:41:51 Gentoo-Desktop kernel: [    0.000000] ACPI: IOAPIC (id[0x01] address[0xfec00000] gsi_base[0])
Apr  3 14:41:51 Gentoo-Desktop kernel: [    0.000000] IOAPIC[0]: apic_id 1, version 32, address 0xfec00000, GSI 0-23
Apr  3 14:41:51 Gentoo-Desktop kernel: [    0.000000] ACPI: INT_SRC_OVR (bus 0 bus_irq 0 global_irq 2 dfl dfl)
Apr  3 14:41:51 Gentoo-Desktop kernel: [    0.000000] ACPI: INT_SRC_OVR (bus 0 bus_irq 9 global_irq 9 high level)
Apr  3 14:41:51 Gentoo-Desktop kernel: [    0.000000] ACPI: IRQ0 used by override.
Apr  3 14:41:51 Gentoo-Desktop kernel: [    0.000000] ACPI: IRQ2 used by override.
Apr  3 14:41:51 Gentoo-Desktop kernel: [    0.000000] ACPI: IRQ9 used by override.
Apr  3 14:41:51 Gentoo-Desktop kernel: [    0.000000] Using ACPI (MADT) for SMP configuration information
Apr  3 14:41:51 Gentoo-Desktop kernel: [    0.000000] ACPI: HPET id: 0x8086a701 base: 0xfed00000
Apr  3 14:41:51 Gentoo-Desktop kernel: [    0.000000] SMP: Allowing 8 CPUs, 0 hotplug CPUs
Apr  3 14:41:51 Gentoo-Desktop kernel: [    0.000000] nr_irqs_gsi: 40
Apr  3 14:41:51 Gentoo-Desktop kernel: [    0.000000] Allocating PCI resources starting at c0000000 (gap: c0000000:20000000)
Apr  3 14:41:51 Gentoo-Desktop kernel: [    0.000000] Booting paravirtualized kernel on bare hardware
Apr  3 14:41:51 Gentoo-Desktop kernel: [    0.000000] setup_percpu: NR_CPUS:8 nr_cpumask_bits:8 nr_cpu_ids:8 nr_node_ids:1
Apr  3 14:41:51 Gentoo-Desktop kernel: [    0.000000] PERCPU: Embedded 26 pages/cpu @ffff8802bfc00000 s75456 r8192 d22848 u262144
Apr  3 14:41:51 Gentoo-Desktop kernel: [    0.000000] pcpu-alloc: s75456 r8192 d22848 u262144 alloc=1*2097152
Apr  3 14:41:51 Gentoo-Desktop kernel: [    0.000000] pcpu-alloc: [0] 0 1 2 3 4 5 6 7 
Apr  3 14:41:51 Gentoo-Desktop kernel: [    0.000000] Built 1 zonelists in Zone order, mobility grouping on.  Total pages: 2564465
Apr  3 14:41:51 Gentoo-Desktop kernel: [    0.000000] Kernel command line: BOOT_IMAGE=/boot/bzImage-clean root=/dev/sda7 fastboot
Apr  3 14:41:51 Gentoo-Desktop kernel: [    0.000000] PID hash table entries: 4096 (order: 3, 32768 bytes)
Apr  3 14:41:51 Gentoo-Desktop kernel: [    0.000000] Dentry cache hash table entries: 2097152 (order: 12, 16777216 bytes)
Apr  3 14:41:51 Gentoo-Desktop kernel: [    0.000000] Inode-cache hash table entries: 1048576 (order: 11, 8388608 bytes)
Apr  3 14:41:51 Gentoo-Desktop kernel: [    0.000000] Checking aperture...
Apr  3 14:41:51 Gentoo-Desktop kernel: [    0.000000] No AGP bridge found
Apr  3 14:41:51 Gentoo-Desktop kernel: [    0.000000] Calgary: detecting Calgary via BIOS EBDA area
Apr  3 14:41:51 Gentoo-Desktop kernel: [    0.000000] Calgary: Unable to locate Rio Grande table in EBDA - bailing!
Apr  3 14:41:51 Gentoo-Desktop kernel: [    0.000000] Memory: 10172588k/11534336k available (4980k kernel code, 1118760k absent, 242988k reserved, 1983k data, 516k init)
Apr  3 14:41:51 Gentoo-Desktop kernel: [    0.000000] Hierarchical RCU implementation.
Apr  3 14:41:51 Gentoo-Desktop kernel: [    0.000000] NR_IRQS:4352 nr_irqs:744 16
Apr  3 14:41:51 Gentoo-Desktop kernel: [    0.000000] Extended CMOS year: 2000
Apr  3 14:41:51 Gentoo-Desktop kernel: [    0.000000] Console: colour VGA+ 80x25
Apr  3 14:41:51 Gentoo-Desktop kernel: [    0.000000] console [tty0] enabled
Apr  3 14:41:51 Gentoo-Desktop kernel: [    0.000000] hpet clockevent registered
Apr  3 14:41:51 Gentoo-Desktop kernel: [    0.000000] Fast TSC calibration using PIT
Apr  3 14:41:51 Gentoo-Desktop kernel: [    0.010000] Detected 1728.966 MHz processor.
Apr  3 14:41:51 Gentoo-Desktop kernel: [    0.000002] Calibrating delay loop (skipped), value calculated using timer frequency.. 3457.93 BogoMIPS (lpj=17289660)
Apr  3 14:41:51 Gentoo-Desktop kernel: [    0.000225] pid_max: default: 32768 minimum: 301
Apr  3 14:41:51 Gentoo-Desktop kernel: [    0.000375] Mount-cache hash table entries: 256
Apr  3 14:41:51 Gentoo-Desktop kernel: [    0.000583] Initializing cgroup subsys cpuacct
Apr  3 14:41:51 Gentoo-Desktop kernel: [    0.000712] CPU: Physical Processor ID: 0
Apr  3 14:41:51 Gentoo-Desktop kernel: [    0.000821] CPU: Processor Core ID: 0
Apr  3 14:41:51 Gentoo-Desktop kernel: [    0.000930] mce: CPU supports 9 MCE banks
Apr  3 14:41:51 Gentoo-Desktop kernel: [    0.001046] CPU0: Thermal monitoring enabled (TM1)
Apr  3 14:41:51 Gentoo-Desktop kernel: [    0.001164] using mwait in idle threads.
Apr  3 14:41:51 Gentoo-Desktop kernel: [    0.002162] ACPI: Core revision 20110623
Apr  3 14:41:51 Gentoo-Desktop kernel: [    0.051132] ..TIMER: vector=0x30 apic1=0 pin1=2 apic2=-1 pin2=-1
Apr  3 14:41:51 Gentoo-Desktop kernel: [    0.151230] CPU0: Intel(R) Core(TM) i7 CPU       Q 820  @ 1.73GHz stepping 05
Apr  3 14:41:51 Gentoo-Desktop kernel: [    0.268024] Performance Events: PEBS fmt1+, erratum AAJ80 worked around, Nehalem events, Intel PMU driver.
Apr  3 14:41:51 Gentoo-Desktop kernel: [    0.268606] ... version:                3
Apr  3 14:41:51 Gentoo-Desktop kernel: [    0.268735] ... bit width:              48
Apr  3 14:41:51 Gentoo-Desktop kernel: [    0.268863] ... generic registers:      4
Apr  3 14:41:51 Gentoo-Desktop kernel: [    0.268992] ... value mask:             0000ffffffffffff
Apr  3 14:41:51 Gentoo-Desktop kernel: [    0.269127] ... max period:             000000007fffffff
Apr  3 14:41:51 Gentoo-Desktop kernel: [    0.269260] ... fixed-purpose events:   3
Apr  3 14:41:51 Gentoo-Desktop kernel: [    0.269388] ... event mask:             000000070000000f
Apr  3 14:41:51 Gentoo-Desktop kernel: [    0.269648] Booting Node   0, Processors  #1
Apr  3 14:41:51 Gentoo-Desktop kernel: [    0.269878] smpboot cpu 1: start_ip = 99000
Apr  3 14:41:51 Gentoo-Desktop kernel: [    0.448094]  #2
Apr  3 14:41:51 Gentoo-Desktop kernel: [    0.448210] smpboot cpu 2: start_ip = 99000
Apr  3 14:41:51 Gentoo-Desktop kernel: [    0.628057]  #3
Apr  3 14:41:51 Gentoo-Desktop kernel: [    0.628173] smpboot cpu 3: start_ip = 99000
Apr  3 14:41:51 Gentoo-Desktop kernel: [    0.807926]  #4
Apr  3 14:41:51 Gentoo-Desktop kernel: [    0.808041] smpboot cpu 4: start_ip = 99000
Apr  3 14:41:51 Gentoo-Desktop kernel: [    0.987891]  #5
Apr  3 14:41:51 Gentoo-Desktop kernel: [    0.988007] smpboot cpu 5: start_ip = 99000
Apr  3 14:41:51 Gentoo-Desktop kernel: [    1.167757]  #6
Apr  3 14:41:51 Gentoo-Desktop kernel: [    1.167873] smpboot cpu 6: start_ip = 99000
Apr  3 14:41:51 Gentoo-Desktop kernel: [    1.347620]  #7 Ok.
Apr  3 14:41:51 Gentoo-Desktop kernel: [    1.347750] smpboot cpu 7: start_ip = 99000
Apr  3 14:41:51 Gentoo-Desktop kernel: [    1.527511] Brought up 8 CPUs
Apr  3 14:41:51 Gentoo-Desktop kernel: [    1.527642] Total of 8 processors activated (27662.35 BogoMIPS).
Apr  3 14:41:51 Gentoo-Desktop kernel: [    1.534425] NET: Registered protocol family 16
Apr  3 14:41:51 Gentoo-Desktop kernel: [    1.534865] ACPI FADT declares the system doesn't support PCIe ASPM, so disable it
Apr  3 14:41:51 Gentoo-Desktop kernel: [    1.535015] ACPI: bus type pci registered
Apr  3 14:41:51 Gentoo-Desktop kernel: [    1.535172] dca service started, version 1.12.1
Apr  3 14:41:51 Gentoo-Desktop kernel: [    1.535344] PCI: MMCONFIG for domain 0000 [bus 00-ff] at [mem 0xe0000000-0xefffffff] (base 0xe0000000)
Apr  3 14:41:51 Gentoo-Desktop kernel: [    1.535496] PCI: MMCONFIG at [mem 0xe0000000-0xefffffff] reserved in E820
Apr  3 14:41:51 Gentoo-Desktop kernel: [    1.621742] PCI: Using configuration type 1 for base access
Apr  3 14:41:51 Gentoo-Desktop kernel: [    1.626190] bio: create slab <bio-0> at 0
Apr  3 14:41:51 Gentoo-Desktop kernel: [    1.626454] ACPI: Added _OSI(Module Device)
Apr  3 14:41:51 Gentoo-Desktop kernel: [    1.626585] ACPI: Added _OSI(Processor Device)
Apr  3 14:41:51 Gentoo-Desktop kernel: [    1.626714] ACPI: Added _OSI(3.0 _SCP Extensions)
Apr  3 14:41:51 Gentoo-Desktop kernel: [    1.626845] ACPI: Added _OSI(Processor Aggregator Device)
Apr  3 14:41:51 Gentoo-Desktop kernel: [    1.628444] ACPI: EC: EC description table is found, configuring boot EC
Apr  3 14:41:51 Gentoo-Desktop kernel: [    1.633176] [Firmware Bug]: ACPI: BIOS _OSI(Linux) query ignored
Apr  3 14:41:51 Gentoo-Desktop kernel: [    1.718217] ACPI: SSDT 00000000bbf1aa98 00343 (v01  PmRef  Cpu0Ist 00003000 INTL 20060912)
Apr  3 14:41:51 Gentoo-Desktop kernel: [    1.718926] ACPI: Dynamic OEM Table Load:
Apr  3 14:41:51 Gentoo-Desktop kernel: [    1.719271] ACPI: SSDT           (null) 00343 (v01  PmRef  Cpu0Ist 00003000 INTL 20060912)
Apr  3 14:41:51 Gentoo-Desktop kernel: [    1.721367] ACPI: SSDT 00000000bbf19718 006B2 (v01  PmRef  Cpu0Cst 00003001 INTL 20060912)
Apr  3 14:41:51 Gentoo-Desktop kernel: [    1.722084] ACPI: Dynamic OEM Table Load:
Apr  3 14:41:51 Gentoo-Desktop kernel: [    1.722434] ACPI: SSDT           (null) 006B2 (v01  PmRef  Cpu0Cst 00003001 INTL 20060912)
Apr  3 14:41:51 Gentoo-Desktop kernel: [    1.797738] ACPI: SSDT 00000000bbf1a718 00303 (v01  PmRef    ApIst 00003000 INTL 20060912)
Apr  3 14:41:51 Gentoo-Desktop kernel: [    1.798494] ACPI: Dynamic OEM Table Load:
Apr  3 14:41:51 Gentoo-Desktop kernel: [    1.798843] ACPI: SSDT           (null) 00303 (v01  PmRef    ApIst 00003000 INTL 20060912)
Apr  3 14:41:51 Gentoo-Desktop kernel: [    1.837571] ACPI: SSDT 00000000bbf18d98 00119 (v01  PmRef    ApCst 00003000 INTL 20060912)
Apr  3 14:41:51 Gentoo-Desktop kernel: [    1.838286] ACPI: Dynamic OEM Table Load:
Apr  3 14:41:51 Gentoo-Desktop kernel: [    1.838631] ACPI: SSDT           (null) 00119 (v01  PmRef    ApCst 00003000 INTL 20060912)
Apr  3 14:41:51 Gentoo-Desktop kernel: [    1.869953] ACPI: Interpreter enabled
Apr  3 14:41:51 Gentoo-Desktop kernel: [    1.870085] ACPI: (supports S0 S3 S5)
Apr  3 14:41:51 Gentoo-Desktop kernel: [    1.870559] ACPI: Using IOAPIC for interrupt routing
Apr  3 14:41:51 Gentoo-Desktop kernel: [    1.874946] ACPI: Power Resource [PUBS] (on)
Apr  3 14:41:51 Gentoo-Desktop kernel: [    1.879580] ACPI: EC: GPE = 0x11, I/O: command/status = 0x66, data = 0x62
Apr  3 14:41:51 Gentoo-Desktop kernel: [    1.879767] PCI: Using host bridge windows from ACPI; if necessary, use "pci=nocrs" and report a bug
Apr  3 14:41:51 Gentoo-Desktop kernel: [    1.879932] ACPI: PCI Root Bridge [UNCR] (domain 0000 [bus ff])
Apr  3 14:41:51 Gentoo-Desktop kernel: [    1.880117] pci 0000:ff:00.0: [8086:2c52] type 0 class 0x000600
Apr  3 14:41:51 Gentoo-Desktop kernel: [    1.880139] pci 0000:ff:00.1: [8086:2c81] type 0 class 0x000600
Apr  3 14:41:51 Gentoo-Desktop kernel: [    1.880160] pci 0000:ff:02.0: [8086:2c90] type 0 class 0x000600
Apr  3 14:41:51 Gentoo-Desktop kernel: [    1.880178] pci 0000:ff:02.1: [8086:2c91] type 0 class 0x000600
Apr  3 14:41:51 Gentoo-Desktop kernel: [    1.880198] pci 0000:ff:03.0: [8086:2c98] type 0 class 0x000600
Apr  3 14:41:51 Gentoo-Desktop kernel: [    1.880215] pci 0000:ff:03.1: [8086:2c99] type 0 class 0x000600
Apr  3 14:41:51 Gentoo-Desktop kernel: [    1.880233] pci 0000:ff:03.4: [8086:2c9c] type 0 class 0x000600
Apr  3 14:41:51 Gentoo-Desktop kernel: [    1.880252] pci 0000:ff:04.0: [8086:2ca0] type 0 class 0x000600
Apr  3 14:41:51 Gentoo-Desktop kernel: [    1.880269] pci 0000:ff:04.1: [8086:2ca1] type 0 class 0x000600
Apr  3 14:41:51 Gentoo-Desktop kernel: [    1.880287] pci 0000:ff:04.2: [8086:2ca2] type 0 class 0x000600
Apr  3 14:41:51 Gentoo-Desktop kernel: [    1.880304] pci 0000:ff:04.3: [8086:2ca3] type 0 class 0x000600
Apr  3 14:41:51 Gentoo-Desktop kernel: [    1.880324] pci 0000:ff:05.0: [8086:2ca8] type 0 class 0x000600
Apr  3 14:41:51 Gentoo-Desktop kernel: [    1.880341] pci 0000:ff:05.1: [8086:2ca9] type 0 class 0x000600
Apr  3 14:41:51 Gentoo-Desktop kernel: [    1.880359] pci 0000:ff:05.2: [8086:2caa] type 0 class 0x000600
Apr  3 14:41:51 Gentoo-Desktop kernel: [    1.880376] pci 0000:ff:05.3: [8086:2cab] type 0 class 0x000600
Apr  3 14:41:51 Gentoo-Desktop kernel: [    1.880405] pci_bus 0000:ff: on NUMA node 0
Apr  3 14:41:51 Gentoo-Desktop kernel: [    1.880413]  pci0000:ff: Requesting ACPI _OSC control (0x1d)
Apr  3 14:41:51 Gentoo-Desktop kernel: [    1.880544]  pci0000:ff: ACPI _OSC request failed (AE_NOT_FOUND), returned control mask: 0x1d
Apr  3 14:41:51 Gentoo-Desktop kernel: [    1.880694] ACPI _OSC control for PCIe not granted, disabling ASPM
Apr  3 14:41:51 Gentoo-Desktop kernel: [    1.881672] ACPI: PCI Root Bridge [PCI0] (domain 0000 [bus 00-fe])
Apr  3 14:41:51 Gentoo-Desktop kernel: [    1.881875] pci_root PNP0A08:00: host bridge window [io  0x0000-0x0cf7]
Apr  3 14:41:51 Gentoo-Desktop kernel: [    1.882010] pci_root PNP0A08:00: host bridge window [io  0x0d00-0xffff]
Apr  3 14:41:51 Gentoo-Desktop kernel: [    1.882143] pci_root PNP0A08:00: host bridge window [mem 0x000a0000-0x000bffff]
Apr  3 14:41:51 Gentoo-Desktop kernel: [    1.882292] pci_root PNP0A08:00: host bridge window [mem 0x000d4000-0x000d7fff]
Apr  3 14:41:51 Gentoo-Desktop kernel: [    1.882441] pci_root PNP0A08:00: host bridge window [mem 0x000d8000-0x000dbfff]
Apr  3 14:41:51 Gentoo-Desktop kernel: [    1.882588] pci_root PNP0A08:00: host bridge window [mem 0xc0000000-0xfebfffff]
Apr  3 14:41:51 Gentoo-Desktop kernel: [    1.882747] pci 0000:00:00.0: [8086:d132] type 0 class 0x000600
Apr  3 14:41:51 Gentoo-Desktop kernel: [    1.882798] pci 0000:00:03.0: [8086:d138] type 1 class 0x000604
Apr  3 14:41:51 Gentoo-Desktop kernel: [    1.882837] pci 0000:00:03.0: PME# supported from D0 D3hot D3cold
Apr  3 14:41:51 Gentoo-Desktop kernel: [    1.882841] pci 0000:00:03.0: PME# disabled
Apr  3 14:41:51 Gentoo-Desktop kernel: [    1.882867] pci 0000:00:08.0: [8086:d155] type 0 class 0x000880
Apr  3 14:41:51 Gentoo-Desktop kernel: [    1.882919] pci 0000:00:08.1: [8086:d156] type 0 class 0x000880
Apr  3 14:41:51 Gentoo-Desktop kernel: [    1.882970] pci 0000:00:08.2: [8086:d157] type 0 class 0x000880
Apr  3 14:41:51 Gentoo-Desktop kernel: [    1.883019] pci 0000:00:08.3: [8086:d158] type 0 class 0x000880
Apr  3 14:41:51 Gentoo-Desktop kernel: [    1.883077] pci 0000:00:10.0: [8086:d150] type 0 class 0x000880
Apr  3 14:41:51 Gentoo-Desktop kernel: [    1.883118] pci 0000:00:10.1: [8086:d151] type 0 class 0x000880
Apr  3 14:41:51 Gentoo-Desktop kernel: [    1.883188] pci 0000:00:16.0: [8086:3b64] type 0 class 0x000780
Apr  3 14:41:51 Gentoo-Desktop kernel: [    1.883219] pci 0000:00:16.0: reg 10: [mem 0xf2627800-0xf262780f 64bit]
Apr  3 14:41:51 Gentoo-Desktop kernel: [    1.883296] pci 0000:00:16.0: PME# supported from D0 D3hot D3cold
Apr  3 14:41:51 Gentoo-Desktop kernel: [    1.883304] pci 0000:00:16.0: PME# disabled
Apr  3 14:41:51 Gentoo-Desktop kernel: [    1.883338] pci 0000:00:16.3: [8086:3b67] type 0 class 0x000700
Apr  3 14:41:51 Gentoo-Desktop kernel: [    1.883361] pci 0000:00:16.3: reg 10: [io  0x1800-0x1807]
Apr  3 14:41:51 Gentoo-Desktop kernel: [    1.883376] pci 0000:00:16.3: reg 14: [mem 0xf2624000-0xf2624fff]
Apr  3 14:41:51 Gentoo-Desktop kernel: [    1.883485] pci 0000:00:19.0: [8086:10ea] type 0 class 0x000200
Apr  3 14:41:51 Gentoo-Desktop kernel: [    1.883507] pci 0000:00:19.0: reg 10: [mem 0xf2600000-0xf261ffff]
Apr  3 14:41:51 Gentoo-Desktop kernel: [    1.883521] pci 0000:00:19.0: reg 14: [mem 0xf2625000-0xf2625fff]
Apr  3 14:41:51 Gentoo-Desktop kernel: [    1.883534] pci 0000:00:19.0: reg 18: [io  0x1820-0x183f]
Apr  3 14:41:51 Gentoo-Desktop kernel: [    1.883591] pci 0000:00:19.0: PME# supported from D0 D3hot D3cold
Apr  3 14:41:51 Gentoo-Desktop kernel: [    1.883600] pci 0000:00:19.0: PME# disabled
Apr  3 14:41:51 Gentoo-Desktop kernel: [    1.883637] pci 0000:00:1a.0: [8086:3b3c] type 0 class 0x000c03
Apr  3 14:41:51 Gentoo-Desktop kernel: [    1.883663] pci 0000:00:1a.0: reg 10: [mem 0xf2628000-0xf26283ff]
Apr  3 14:41:51 Gentoo-Desktop kernel: [    1.883745] pci 0000:00:1a.0: PME# supported from D0 D3hot D3cold
Apr  3 14:41:51 Gentoo-Desktop kernel: [    1.883755] pci 0000:00:1a.0: PME# disabled
Apr  3 14:41:51 Gentoo-Desktop kernel: [    1.883787] pci 0000:00:1b.0: [8086:3b56] type 0 class 0x000403
Apr  3 14:41:51 Gentoo-Desktop kernel: [    1.883806] pci 0000:00:1b.0: reg 10: [mem 0xf2620000-0xf2623fff 64bit]
Apr  3 14:41:51 Gentoo-Desktop kernel: [    1.883869] pci 0000:00:1b.0: PME# supported from D0 D3hot D3cold
Apr  3 14:41:51 Gentoo-Desktop kernel: [    1.883878] pci 0000:00:1b.0: PME# disabled
Apr  3 14:41:51 Gentoo-Desktop kernel: [    1.883904] pci 0000:00:1c.0: [8086:3b42] type 1 class 0x000604
Apr  3 14:41:51 Gentoo-Desktop kernel: [    1.883967] pci 0000:00:1c.0: PME# supported from D0 D3hot D3cold
Apr  3 14:41:51 Gentoo-Desktop kernel: [    1.883975] pci 0000:00:1c.0: PME# disabled
Apr  3 14:41:51 Gentoo-Desktop kernel: [    1.884003] pci 0000:00:1c.1: [8086:3b44] type 1 class 0x000604
Apr  3 14:41:51 Gentoo-Desktop kernel: [    1.884065] pci 0000:00:1c.1: PME# supported from D0 D3hot D3cold
Apr  3 14:41:51 Gentoo-Desktop kernel: [    1.884072] pci 0000:00:1c.1: PME# disabled
Apr  3 14:41:51 Gentoo-Desktop kernel: [    1.884105] pci 0000:00:1c.3: [8086:3b48] type 1 class 0x000604
Apr  3 14:41:51 Gentoo-Desktop kernel: [    1.884168] pci 0000:00:1c.3: PME# supported from D0 D3hot D3cold
Apr  3 14:41:51 Gentoo-Desktop kernel: [    1.884177] pci 0000:00:1c.3: PME# disabled
Apr  3 14:41:51 Gentoo-Desktop kernel: [    1.884206] pci 0000:00:1c.4: [8086:3b4a] type 1 class 0x000604
Apr  3 14:41:51 Gentoo-Desktop kernel: [    1.884269] pci 0000:00:1c.4: PME# supported from D0 D3hot D3cold
Apr  3 14:41:51 Gentoo-Desktop kernel: [    1.884278] pci 0000:00:1c.4: PME# disabled
Apr  3 14:41:51 Gentoo-Desktop kernel: [    1.884307] pci 0000:00:1c.6: [8086:3b4e] type 1 class 0x000604
Apr  3 14:41:51 Gentoo-Desktop kernel: [    1.884369] pci 0000:00:1c.6: PME# supported from D0 D3hot D3cold
Apr  3 14:41:51 Gentoo-Desktop kernel: [    1.884377] pci 0000:00:1c.6: PME# disabled
Apr  3 14:41:51 Gentoo-Desktop kernel: [    1.884405] pci 0000:00:1c.7: [8086:3b50] type 1 class 0x000604
Apr  3 14:41:51 Gentoo-Desktop kernel: [    1.884466] pci 0000:00:1c.7: PME# supported from D0 D3hot D3cold
Apr  3 14:41:51 Gentoo-Desktop kernel: [    1.884475] pci 0000:00:1c.7: PME# disabled
Apr  3 14:41:51 Gentoo-Desktop kernel: [    1.884507] pci 0000:00:1d.0: [8086:3b34] type 0 class 0x000c03
Apr  3 14:41:51 Gentoo-Desktop kernel: [    1.884532] pci 0000:00:1d.0: reg 10: [mem 0xf2628400-0xf26287ff]
Apr  3 14:41:51 Gentoo-Desktop kernel: [    1.884611] pci 0000:00:1d.0: PME# supported from D0 D3hot D3cold
Apr  3 14:41:51 Gentoo-Desktop kernel: [    1.884620] pci 0000:00:1d.0: PME# disabled
Apr  3 14:41:51 Gentoo-Desktop kernel: [    1.884656] pci 0000:00:1e.0: [8086:2448] type 1 class 0x000604
Apr  3 14:41:51 Gentoo-Desktop kernel: [    1.884723] pci 0000:00:1f.0: [8086:3b07] type 0 class 0x000601
Apr  3 14:41:51 Gentoo-Desktop kernel: [    1.884837] pci 0000:00:1f.2: [8086:3b2f] type 0 class 0x000106
Apr  3 14:41:51 Gentoo-Desktop kernel: [    1.884860] pci 0000:00:1f.2: reg 10: [io  0x1818-0x181f]
Apr  3 14:41:51 Gentoo-Desktop kernel: [    1.884873] pci 0000:00:1f.2: reg 14: [io  0x180c-0x180f]
Apr  3 14:41:51 Gentoo-Desktop kernel: [    1.884885] pci 0000:00:1f.2: reg 18: [io  0x1810-0x1817]
Apr  3 14:41:51 Gentoo-Desktop kernel: [    1.884897] pci 0000:00:1f.2: reg 1c: [io  0x1808-0x180b]
Apr  3 14:41:51 Gentoo-Desktop kernel: [    1.884910] pci 0000:00:1f.2: reg 20: [io  0x1840-0x185f]
Apr  3 14:41:51 Gentoo-Desktop kernel: [    1.884922] pci 0000:00:1f.2: reg 24: [mem 0xf2627000-0xf26277ff]
Apr  3 14:41:51 Gentoo-Desktop kernel: [    1.884963] pci 0000:00:1f.2: PME# supported from D3hot
Apr  3 14:41:51 Gentoo-Desktop kernel: [    1.884971] pci 0000:00:1f.2: PME# disabled
Apr  3 14:41:51 Gentoo-Desktop kernel: [    1.884995] pci 0000:00:1f.3: [8086:3b30] type 0 class 0x000c05
Apr  3 14:41:51 Gentoo-Desktop kernel: [    1.885014] pci 0000:00:1f.3: reg 10: [mem 0xf2628800-0xf26288ff 64bit]
Apr  3 14:41:51 Gentoo-Desktop kernel: [    1.885039] pci 0000:00:1f.3: reg 20: [io  0x1860-0x187f]
Apr  3 14:41:51 Gentoo-Desktop kernel: [    1.885118] pci 0000:01:00.0: [10de:0a3c] type 0 class 0x000300
Apr  3 14:41:51 Gentoo-Desktop kernel: [    1.885132] pci 0000:01:00.0: reg 10: [mem 0xcc000000-0xccffffff]
Apr  3 14:41:51 Gentoo-Desktop kernel: [    1.885148] pci 0000:01:00.0: reg 14: [mem 0xd0000000-0xdfffffff 64bit pref]
Apr  3 14:41:51 Gentoo-Desktop kernel: [    1.885163] pci 0000:01:00.0: reg 1c: [mem 0xce000000-0xcfffffff 64bit pref]
Apr  3 14:41:51 Gentoo-Desktop kernel: [    1.885173] pci 0000:01:00.0: reg 24: [io  0x2000-0x207f]
Apr  3 14:41:51 Gentoo-Desktop kernel: [    1.885184] pci 0000:01:00.0: reg 30: [mem 0x00000000-0x0007ffff pref]
Apr  3 14:41:51 Gentoo-Desktop kernel: [    1.885245] pci 0000:01:00.1: [10de:0be2] type 0 class 0x000403
Apr  3 14:41:51 Gentoo-Desktop kernel: [    1.885259] pci 0000:01:00.1: reg 10: [mem 0xcdefc000-0xcdefffff]
Apr  3 14:41:51 Gentoo-Desktop kernel: [    1.885364] pci 0000:00:03.0: PCI bridge to [bus 01-01]
Apr  3 14:41:51 Gentoo-Desktop kernel: [    1.885486] pci 0000:00:03.0:   bridge window [io  0x2000-0x2fff]
Apr  3 14:41:51 Gentoo-Desktop kernel: [    1.885489] pci 0000:00:03.0:   bridge window [mem 0xcc000000-0xcdefffff]
Apr  3 14:41:51 Gentoo-Desktop kernel: [    1.885494] pci 0000:00:03.0:   bridge window [mem 0xce000000-0xdfffffff 64bit pref]
Apr  3 14:41:51 Gentoo-Desktop kernel: [    1.885541] pci 0000:00:1c.0: PCI bridge to [bus 02-02]
Apr  3 14:41:51 Gentoo-Desktop kernel: [    1.886029] pci 0000:03:00.0: [8086:4239] type 0 class 0x000280
Apr  3 14:41:51 Gentoo-Desktop kernel: [    1.886371] pci 0000:03:00.0: reg 10: [mem 0xf2000000-0xf2001fff 64bit]
Apr  3 14:41:51 Gentoo-Desktop kernel: [    1.887740] pci 0000:03:00.0: PME# supported from D0 D3hot D3cold
Apr  3 14:41:51 Gentoo-Desktop kernel: [    1.887797] pci 0000:03:00.0: PME# disabled
Apr  3 14:41:51 Gentoo-Desktop kernel: [    1.888178] pci 0000:00:1c.1: PCI bridge to [bus 03-03]
Apr  3 14:41:51 Gentoo-Desktop kernel: [    1.888306] pci 0000:00:1c.1:   bridge window [mem 0xf2000000-0xf20fffff]
Apr  3 14:41:51 Gentoo-Desktop kernel: [    1.888361] pci 0000:00:1c.3: PCI bridge to [bus 05-0c]
Apr  3 14:41:51 Gentoo-Desktop kernel: [    1.888487] pci 0000:00:1c.3:   bridge window [io  0x3000-0x3fff]
Apr  3 14:41:51 Gentoo-Desktop kernel: [    1.888495] pci 0000:00:1c.3:   bridge window [mem 0xf0000000-0xf1ffffff]
Apr  3 14:41:51 Gentoo-Desktop kernel: [    1.888505] pci 0000:00:1c.3:   bridge window [mem 0xf2700000-0xf27fffff 64bit pref]
Apr  3 14:41:51 Gentoo-Desktop kernel: [    1.888626] pci 0000:0d:00.0: [1180:e822] type 0 class 0x000805
Apr  3 14:41:51 Gentoo-Desktop kernel: [    1.888648] pci 0000:0d:00.0: reg 10: [mem 0xf2100000-0xf21000ff]
Apr  3 14:41:51 Gentoo-Desktop kernel: [    1.888762] pci 0000:0d:00.0: supports D1 D2
Apr  3 14:41:51 Gentoo-Desktop kernel: [    1.888763] pci 0000:0d:00.0: PME# supported from D0 D1 D2 D3hot D3cold
Apr  3 14:41:51 Gentoo-Desktop kernel: [    1.888773] pci 0000:0d:00.0: PME# disabled
Apr  3 14:41:51 Gentoo-Desktop kernel: [    1.888822] pci 0000:0d:00.1: [1180:e230] type 0 class 0x000880
Apr  3 14:41:51 Gentoo-Desktop kernel: [    1.888844] pci 0000:0d:00.1: reg 10: [mem 0xf2100400-0xf21004ff]
Apr  3 14:41:51 Gentoo-Desktop kernel: [    1.888957] pci 0000:0d:00.1: supports D1 D2
Apr  3 14:41:51 Gentoo-Desktop kernel: [    1.888959] pci 0000:0d:00.1: PME# supported from D0 D1 D2 D3hot D3cold
Apr  3 14:41:51 Gentoo-Desktop kernel: [    1.888968] pci 0000:0d:00.1: PME# disabled
Apr  3 14:41:51 Gentoo-Desktop kernel: [    1.889017] pci 0000:00:1c.4: PCI bridge to [bus 0d-0d]
Apr  3 14:41:51 Gentoo-Desktop kernel: [    1.889144] pci 0000:00:1c.4:   bridge window [mem 0xf2100000-0xf21fffff]
Apr  3 14:41:51 Gentoo-Desktop kernel: [    1.889231] pci 0000:0f:00.0: [1033:0194] type 0 class 0x000c03
Apr  3 14:41:51 Gentoo-Desktop kernel: [    1.889274] pci 0000:0f:00.0: reg 10: [mem 0xf2200000-0xf2201fff 64bit]
Apr  3 14:41:51 Gentoo-Desktop kernel: [    1.889430] pci 0000:0f:00.0: PME# supported from D0 D3hot D3cold
Apr  3 14:41:51 Gentoo-Desktop kernel: [    1.889443] pci 0000:0f:00.0: PME# disabled
Apr  3 14:41:51 Gentoo-Desktop kernel: [    1.889488] pci 0000:00:1c.6: PCI bridge to [bus 0f-16]
Apr  3 14:41:51 Gentoo-Desktop kernel: [    1.889615] pci 0000:00:1c.6:   bridge window [mem 0xf2200000-0xf22fffff]
Apr  3 14:41:51 Gentoo-Desktop kernel: [    1.889747] pci 0000:17:00.0: [1180:e822] type 0 class 0x000805
Apr  3 14:41:51 Gentoo-Desktop kernel: [    1.889769] pci 0000:17:00.0: reg 10: [mem 0xf2300000-0xf23000ff]
Apr  3 14:41:51 Gentoo-Desktop kernel: [    1.889882] pci 0000:17:00.0: supports D1 D2
Apr  3 14:41:51 Gentoo-Desktop kernel: [    1.889884] pci 0000:17:00.0: PME# supported from D0 D1 D2 D3hot D3cold
Apr  3 14:41:51 Gentoo-Desktop kernel: [    1.889893] pci 0000:17:00.0: PME# disabled
Apr  3 14:41:51 Gentoo-Desktop kernel: [    1.889942] pci 0000:17:00.3: [1180:e832] type 0 class 0x000c00
Apr  3 14:41:51 Gentoo-Desktop kernel: [    1.889964] pci 0000:17:00.3: reg 10: [mem 0xf2300800-0xf2300fff]
Apr  3 14:41:51 Gentoo-Desktop kernel: [    1.890078] pci 0000:17:00.3: supports D1 D2
Apr  3 14:41:51 Gentoo-Desktop kernel: [    1.890079] pci 0000:17:00.3: PME# supported from D0 D1 D2 D3hot D3cold
Apr  3 14:41:51 Gentoo-Desktop kernel: [    1.890089] pci 0000:17:00.3: PME# disabled
Apr  3 14:41:51 Gentoo-Desktop kernel: [    1.890135] pci 0000:00:1c.7: PCI bridge to [bus 17-1e]
Apr  3 14:41:51 Gentoo-Desktop kernel: [    1.890262] pci 0000:00:1c.7:   bridge window [mem 0xf2300000-0xf23fffff]
Apr  3 14:41:51 Gentoo-Desktop kernel: [    1.890338] pci 0000:00:1e.0: PCI bridge to [bus 1f-1f] (subtractive decode)
Apr  3 14:41:51 Gentoo-Desktop kernel: [    1.890472] pci 0000:00:1e.0:   bridge window [io  0x0000-0x0cf7] (subtractive decode)
Apr  3 14:41:51 Gentoo-Desktop kernel: [    1.890474] pci 0000:00:1e.0:   bridge window [io  0x0d00-0xffff] (subtractive decode)
Apr  3 14:41:51 Gentoo-Desktop kernel: [    1.890477] pci 0000:00:1e.0:   bridge window [mem 0x000a0000-0x000bffff] (subtractive decode)
Apr  3 14:41:51 Gentoo-Desktop kernel: [    1.890479] pci 0000:00:1e.0:   bridge window [mem 0x000d4000-0x000d7fff] (subtractive decode)
Apr  3 14:41:51 Gentoo-Desktop kernel: [    1.890482] pci 0000:00:1e.0:   bridge window [mem 0x000d8000-0x000dbfff] (subtractive decode)
Apr  3 14:41:51 Gentoo-Desktop kernel: [    1.890484] pci 0000:00:1e.0:   bridge window [mem 0xc0000000-0xfebfffff] (subtractive decode)
Apr  3 14:41:51 Gentoo-Desktop kernel: [    1.890523] pci_bus 0000:00: on NUMA node 0
Apr  3 14:41:51 Gentoo-Desktop kernel: [    1.890526] ACPI: PCI Interrupt Routing Table [\_SB_.PCI0._PRT]
Apr  3 14:41:51 Gentoo-Desktop kernel: [    1.890619] ACPI: PCI Interrupt Routing Table [\_SB_.PCI0.PEG_._PRT]
Apr  3 14:41:51 Gentoo-Desktop kernel: [    1.890650] ACPI: PCI Interrupt Routing Table [\_SB_.PCI0.EXP1._PRT]
Apr  3 14:41:51 Gentoo-Desktop kernel: [    1.890676] ACPI: PCI Interrupt Routing Table [\_SB_.PCI0.EXP2._PRT]
Apr  3 14:41:51 Gentoo-Desktop kernel: [    1.890703] ACPI: PCI Interrupt Routing Table [\_SB_.PCI0.EXP4._PRT]
Apr  3 14:41:51 Gentoo-Desktop kernel: [    1.890732] ACPI: PCI Interrupt Routing Table [\_SB_.PCI0.EXP5._PRT]
Apr  3 14:41:51 Gentoo-Desktop kernel: [    1.890757] ACPI: PCI Interrupt Routing Table [\_SB_.PCI0.EXP7._PRT]
Apr  3 14:41:51 Gentoo-Desktop kernel: [    1.890782] ACPI: PCI Interrupt Routing Table [\_SB_.PCI0.EXP8._PRT]
Apr  3 14:41:51 Gentoo-Desktop kernel: [    1.890922]  pci0000:00: Requesting ACPI _OSC control (0x1d)
Apr  3 14:41:51 Gentoo-Desktop kernel: [    1.891219]  pci0000:00: ACPI _OSC request failed (AE_SUPPORT), returned control mask: 0x0d
Apr  3 14:41:51 Gentoo-Desktop kernel: [    1.891362] ACPI _OSC control for PCIe not granted, disabling ASPM
Apr  3 14:41:51 Gentoo-Desktop kernel: [    1.896699] ACPI: PCI Interrupt Link [LNKA] (IRQs 3 4 5 6 7 9 10 *11)
Apr  3 14:41:51 Gentoo-Desktop kernel: [    1.897911] ACPI: PCI Interrupt Link [LNKB] (IRQs 3 4 5 6 7 9 10 *11)
Apr  3 14:41:51 Gentoo-Desktop kernel: [    1.899120] ACPI: PCI Interrupt Link [LNKC] (IRQs 3 4 5 6 7 9 10 *11)
Apr  3 14:41:51 Gentoo-Desktop kernel: [    1.900331] ACPI: PCI Interrupt Link [LNKD] (IRQs 3 4 5 6 7 9 10 *11)
Apr  3 14:41:51 Gentoo-Desktop kernel: [    1.901542] ACPI: PCI Interrupt Link [LNKE] (IRQs 3 4 5 6 7 9 10 *11)
Apr  3 14:41:51 Gentoo-Desktop kernel: [    1.902747] ACPI: PCI Interrupt Link [LNKF] (IRQs 3 4 5 6 7 9 10 *11)
Apr  3 14:41:51 Gentoo-Desktop kernel: [    1.903959] ACPI: PCI Interrupt Link [LNKG] (IRQs 3 4 5 6 7 9 10 *11)
Apr  3 14:41:51 Gentoo-Desktop kernel: [    1.905171] ACPI: PCI Interrupt Link [LNKH] (IRQs 3 4 5 6 7 9 10 *11)
Apr  3 14:41:51 Gentoo-Desktop kernel: [    1.906447] vgaarb: device added: PCI:0000:01:00.0,decodes=io+mem,owns=io+mem,locks=none
Apr  3 14:41:51 Gentoo-Desktop kernel: [    1.906589] vgaarb: loaded
Apr  3 14:41:51 Gentoo-Desktop kernel: [    1.906707] vgaarb: bridge control possible 0000:01:00.0
Apr  3 14:41:51 Gentoo-Desktop kernel: [    1.906973] SCSI subsystem initialized
Apr  3 14:41:51 Gentoo-Desktop kernel: [    1.907159] libata version 3.00 loaded.
Apr  3 14:41:51 Gentoo-Desktop kernel: [    1.907215] usbcore: registered new interface driver usbfs
Apr  3 14:41:51 Gentoo-Desktop kernel: [    1.907370] usbcore: registered new interface driver hub
Apr  3 14:41:51 Gentoo-Desktop kernel: [    1.907615] usbcore: registered new device driver usb
Apr  3 14:41:51 Gentoo-Desktop kernel: [    1.907852] PCI: Using ACPI for IRQ routing
Apr  3 14:41:51 Gentoo-Desktop kernel: [    1.914466] PCI: pci_cache_line_size set to 64 bytes
Apr  3 14:41:51 Gentoo-Desktop kernel: [    1.914743] reserve RAM buffer: 000000000009e800 - 000000000009ffff 
Apr  3 14:41:51 Gentoo-Desktop kernel: [    1.914745] reserve RAM buffer: 00000000bba7c000 - 00000000bbffffff 
Apr  3 14:41:51 Gentoo-Desktop kernel: [    1.914750] reserve RAM buffer: 00000000bbb49000 - 00000000bbffffff 
Apr  3 14:41:51 Gentoo-Desktop kernel: [    1.914755] reserve RAM buffer: 00000000bbc5d000 - 00000000bbffffff 
Apr  3 14:41:51 Gentoo-Desktop kernel: [    1.914760] reserve RAM buffer: 00000000bbf18000 - 00000000bbffffff 
Apr  3 14:41:51 Gentoo-Desktop kernel: [    1.914763] reserve RAM buffer: 00000000bbf6c000 - 00000000bbffffff 
Apr  3 14:41:51 Gentoo-Desktop kernel: [    1.915017] cfg80211: Calling CRDA to update world regulatory domain
Apr  3 14:41:51 Gentoo-Desktop kernel: [    1.915256] HPET: 8 timers in total, 6 timers will be used for per-cpu timer
Apr  3 14:41:51 Gentoo-Desktop kernel: [    1.917455] hpet: hpet2 irq 40 for MSI
Apr  3 14:41:51 Gentoo-Desktop kernel: [    1.917542] hpet: hpet3 irq 41 for MSI
Apr  3 14:41:51 Gentoo-Desktop kernel: [    1.927600] hpet: hpet4 irq 42 for MSI
Apr  3 14:41:51 Gentoo-Desktop kernel: [    1.937526] hpet: hpet5 irq 43 for MSI
Apr  3 14:41:51 Gentoo-Desktop kernel: [    1.937601] hpet: hpet6 irq 44 for MSI
Apr  3 14:41:51 Gentoo-Desktop kernel: [    1.947563] hpet: hpet7 irq 45 for MSI
Apr  3 14:41:51 Gentoo-Desktop kernel: [    1.957573] Switching to clocksource hpet
Apr  3 14:41:51 Gentoo-Desktop kernel: [    1.962075] pnp: PnP ACPI init
Apr  3 14:41:51 Gentoo-Desktop kernel: [    1.962203] ACPI: bus type pnp registered
Apr  3 14:41:51 Gentoo-Desktop kernel: [    1.962912] pnp 00:00: [mem 0x00000000-0x0009ffff]
Apr  3 14:41:51 Gentoo-Desktop kernel: [    1.962915] pnp 00:00: [mem 0x000c0000-0x000c3fff]
Apr  3 14:41:51 Gentoo-Desktop kernel: [    1.962917] pnp 00:00: [mem 0x000c4000-0x000c7fff]
Apr  3 14:41:51 Gentoo-Desktop kernel: [    1.962919] pnp 00:00: [mem 0x000c8000-0x000cbfff]
Apr  3 14:41:51 Gentoo-Desktop kernel: [    1.962920] pnp 00:00: [mem 0x000cc000-0x000cffff]
Apr  3 14:41:51 Gentoo-Desktop kernel: [    1.962922] pnp 00:00: [mem 0x000d0000-0x000d3fff]
Apr  3 14:41:51 Gentoo-Desktop kernel: [    1.962924] pnp 00:00: [mem 0x000d4000-0x000d3fff disabled]
Apr  3 14:41:51 Gentoo-Desktop kernel: [    1.962926] pnp 00:00: [mem 0x000d8000-0x000d7fff disabled]
Apr  3 14:41:51 Gentoo-Desktop kernel: [    1.962928] pnp 00:00: [mem 0x000dc000-0x000dffff]
Apr  3 14:41:51 Gentoo-Desktop kernel: [    1.962930] pnp 00:00: [mem 0x000e0000-0x000e3fff]
Apr  3 14:41:51 Gentoo-Desktop kernel: [    1.962932] pnp 00:00: [mem 0x000e4000-0x000e7fff]
Apr  3 14:41:51 Gentoo-Desktop kernel: [    1.962933] pnp 00:00: [mem 0x000e8000-0x000ebfff]
Apr  3 14:41:51 Gentoo-Desktop kernel: [    1.962936] pnp 00:00: [mem 0x000ec000-0x000effff]
Apr  3 14:41:51 Gentoo-Desktop kernel: [    1.962938] pnp 00:00: [mem 0x000f0000-0x000fffff]
Apr  3 14:41:51 Gentoo-Desktop kernel: [    1.962940] pnp 00:00: [mem 0x00100000-0xbfffffff]
Apr  3 14:41:51 Gentoo-Desktop kernel: [    1.962941] pnp 00:00: [mem 0xfec00000-0xfed3ffff]
Apr  3 14:41:51 Gentoo-Desktop kernel: [    1.962943] pnp 00:00: [mem 0xfed4c000-0xffffffff]
Apr  3 14:41:51 Gentoo-Desktop kernel: [    1.963055] system 00:00: [mem 0x00000000-0x0009ffff] could not be reserved
Apr  3 14:41:51 Gentoo-Desktop kernel: [    1.963183] system 00:00: [mem 0x000c0000-0x000c3fff] could not be reserved
Apr  3 14:41:51 Gentoo-Desktop kernel: [    1.963309] system 00:00: [mem 0x000c4000-0x000c7fff] could not be reserved
Apr  3 14:41:51 Gentoo-Desktop kernel: [    1.963437] system 00:00: [mem 0x000c8000-0x000cbfff] has been reserved
Apr  3 14:41:51 Gentoo-Desktop kernel: [    1.963563] system 00:00: [mem 0x000cc000-0x000cffff] has been reserved
Apr  3 14:41:51 Gentoo-Desktop kernel: [    1.963689] system 00:00: [mem 0x000d0000-0x000d3fff] could not be reserved
Apr  3 14:41:51 Gentoo-Desktop kernel: [    1.963816] system 00:00: [mem 0x000dc000-0x000dffff] could not be reserved
Apr  3 14:41:51 Gentoo-Desktop kernel: [    1.963943] system 00:00: [mem 0x000e0000-0x000e3fff] could not be reserved
Apr  3 14:41:51 Gentoo-Desktop kernel: [    1.964068] system 00:00: [mem 0x000e4000-0x000e7fff] could not be reserved
Apr  3 14:41:51 Gentoo-Desktop kernel: [    1.964196] system 00:00: [mem 0x000e8000-0x000ebfff] could not be reserved
Apr  3 14:41:51 Gentoo-Desktop kernel: [    1.964322] system 00:00: [mem 0x000ec000-0x000effff] could not be reserved
Apr  3 14:41:51 Gentoo-Desktop kernel: [    1.964449] system 00:00: [mem 0x000f0000-0x000fffff] could not be reserved
Apr  3 14:41:51 Gentoo-Desktop kernel: [    1.964578] system 00:00: [mem 0x00100000-0xbfffffff] could not be reserved
Apr  3 14:41:51 Gentoo-Desktop kernel: [    1.964706] system 00:00: [mem 0xfec00000-0xfed3ffff] could not be reserved
Apr  3 14:41:51 Gentoo-Desktop kernel: [    1.964833] system 00:00: [mem 0xfed4c000-0xffffffff] could not be reserved
Apr  3 14:41:51 Gentoo-Desktop kernel: [    1.964961] system 00:00: Plug and Play ACPI device, IDs PNP0c01 (active)
Apr  3 14:41:51 Gentoo-Desktop kernel: [    1.964974] pnp 00:01: [bus ff]
Apr  3 14:41:51 Gentoo-Desktop kernel: [    1.965053] pnp 00:01: Plug and Play ACPI device, IDs PNP0a03 (active)
Apr  3 14:41:51 Gentoo-Desktop kernel: [    1.965070] pnp 00:02: [bus 00-fe]
Apr  3 14:41:51 Gentoo-Desktop kernel: [    1.965072] pnp 00:02: [io  0x0cf8-0x0cff]
Apr  3 14:41:51 Gentoo-Desktop kernel: [    1.965074] pnp 00:02: [io  0x0000-0x0cf7 window]
Apr  3 14:41:51 Gentoo-Desktop kernel: [    1.965076] pnp 00:02: [io  0x0d00-0xffff window]
Apr  3 14:41:51 Gentoo-Desktop kernel: [    1.965078] pnp 00:02: [mem 0x000a0000-0x000bffff window]
Apr  3 14:41:51 Gentoo-Desktop kernel: [    1.965080] pnp 00:02: [mem 0x000c0000-0x000c3fff window]
Apr  3 14:41:51 Gentoo-Desktop kernel: [    1.965082] pnp 00:02: [mem 0x000c4000-0x000c7fff window]
Apr  3 14:41:51 Gentoo-Desktop kernel: [    1.965084] pnp 00:02: [mem 0x000c8000-0x000cbfff window]
Apr  3 14:41:51 Gentoo-Desktop kernel: [    1.965086] pnp 00:02: [mem 0x000cc000-0x000cffff window]
Apr  3 14:41:51 Gentoo-Desktop kernel: [    1.965088] pnp 00:02: [mem 0x000d0000-0x000d3fff window]
Apr  3 14:41:51 Gentoo-Desktop kernel: [    1.965090] pnp 00:02: [mem 0x000d4000-0x000d7fff window]
Apr  3 14:41:51 Gentoo-Desktop kernel: [    1.965092] pnp 00:02: [mem 0x000d8000-0x000dbfff window]
Apr  3 14:41:51 Gentoo-Desktop kernel: [    1.965094] pnp 00:02: [mem 0x000dc000-0x000dffff window]
Apr  3 14:41:51 Gentoo-Desktop kernel: [    1.965096] pnp 00:02: [mem 0x000e0000-0x000e3fff window]
Apr  3 14:41:51 Gentoo-Desktop kernel: [    1.965098] pnp 00:02: [mem 0x000e4000-0x000e7fff window]
Apr  3 14:41:51 Gentoo-Desktop kernel: [    1.965100] pnp 00:02: [mem 0x000e8000-0x000ebfff window]
Apr  3 14:41:51 Gentoo-Desktop kernel: [    1.965102] pnp 00:02: [mem 0x000ec000-0x000effff window]
Apr  3 14:41:51 Gentoo-Desktop kernel: [    1.965104] pnp 00:02: [mem 0xc0000000-0xfebfffff window]
Apr  3 14:41:51 Gentoo-Desktop kernel: [    1.965106] pnp 00:02: [mem 0xfed40000-0xfed4bfff window]
Apr  3 14:41:51 Gentoo-Desktop kernel: [    1.965184] pnp 00:02: Plug and Play ACPI device, IDs PNP0a08 PNP0a03 (active)
Apr  3 14:41:51 Gentoo-Desktop kernel: [    1.965462] pnp 00:03: [io  0x0010-0x001f]
Apr  3 14:41:51 Gentoo-Desktop kernel: [    1.965464] pnp 00:03: [io  0x0090-0x009f]
Apr  3 14:41:51 Gentoo-Desktop kernel: [    1.965466] pnp 00:03: [io  0x0024-0x0025]
Apr  3 14:41:51 Gentoo-Desktop kernel: [    1.965468] pnp 00:03: [io  0x0028-0x0029]
Apr  3 14:41:51 Gentoo-Desktop kernel: [    1.965469] pnp 00:03: [io  0x002c-0x002d]
Apr  3 14:41:51 Gentoo-Desktop kernel: [    1.965472] pnp 00:03: [io  0x0030-0x0031]
Apr  3 14:41:51 Gentoo-Desktop kernel: [    1.965474] pnp 00:03: [io  0x0034-0x0035]
Apr  3 14:41:51 Gentoo-Desktop kernel: [    1.965475] pnp 00:03: [io  0x0038-0x0039]
Apr  3 14:41:51 Gentoo-Desktop kernel: [    1.965477] pnp 00:03: [io  0x003c-0x003d]
Apr  3 14:41:51 Gentoo-Desktop kernel: [    1.965479] pnp 00:03: [io  0x00a4-0x00a5]
Apr  3 14:41:51 Gentoo-Desktop kernel: [    1.965480] pnp 00:03: [io  0x00a8-0x00a9]
Apr  3 14:41:51 Gentoo-Desktop kernel: [    1.965482] pnp 00:03: [io  0x00ac-0x00ad]
Apr  3 14:41:51 Gentoo-Desktop kernel: [    1.965483] pnp 00:03: [io  0x00b0-0x00b5]
Apr  3 14:41:51 Gentoo-Desktop kernel: [    1.965485] pnp 00:03: [io  0x00b8-0x00b9]
Apr  3 14:41:51 Gentoo-Desktop kernel: [    1.965487] pnp 00:03: [io  0x00bc-0x00bd]
Apr  3 14:41:51 Gentoo-Desktop kernel: [    1.965488] pnp 00:03: [io  0x0050-0x0053]
Apr  3 14:41:51 Gentoo-Desktop kernel: [    1.965490] pnp 00:03: [io  0x0072-0x0077]
Apr  3 14:41:51 Gentoo-Desktop kernel: [    1.965492] pnp 00:03: [io  0x164e-0x164f]
Apr  3 14:41:51 Gentoo-Desktop kernel: [    1.965493] pnp 00:03: [io  0x002e-0x002f]
Apr  3 14:41:51 Gentoo-Desktop kernel: [    1.965495] pnp 00:03: [io  0x1000-0x107f]
Apr  3 14:41:51 Gentoo-Desktop kernel: [    1.965497] pnp 00:03: [io  0x1180-0x11ff]
Apr  3 14:41:51 Gentoo-Desktop kernel: [    1.965498] pnp 00:03: [io  0x0800-0x080f]
Apr  3 14:41:51 Gentoo-Desktop kernel: [    1.965500] pnp 00:03: [io  0x15e0-0x15ef]
Apr  3 14:41:51 Gentoo-Desktop kernel: [    1.965502] pnp 00:03: [io  0x1600-0x1641]
Apr  3 14:41:51 Gentoo-Desktop kernel: [    1.965503] pnp 00:03: [io  0x1644-0x167f]
Apr  3 14:41:51 Gentoo-Desktop kernel: [    1.965505] pnp 00:03: [mem 0xe0000000-0xefffffff]
Apr  3 14:41:51 Gentoo-Desktop kernel: [    1.965507] pnp 00:03: [mem 0xf2626000-0xf2626fff]
Apr  3 14:41:51 Gentoo-Desktop kernel: [    1.965509] pnp 00:03: [mem 0xc0000000-0xc0000fff]
Apr  3 14:41:51 Gentoo-Desktop kernel: [    1.965510] pnp 00:03: [mem 0xfed1c000-0xfed1ffff]
Apr  3 14:41:51 Gentoo-Desktop kernel: [    1.965512] pnp 00:03: [mem 0xfed10000-0xfed13fff]
Apr  3 14:41:51 Gentoo-Desktop kernel: [    1.965514] pnp 00:03: [mem 0xfed18000-0xfed18fff]
Apr  3 14:41:51 Gentoo-Desktop kernel: [    1.965516] pnp 00:03: [mem 0xfed19000-0xfed19fff]
Apr  3 14:41:51 Gentoo-Desktop kernel: [    1.965517] pnp 00:03: [mem 0xfed45000-0xfed4bfff]
Apr  3 14:41:51 Gentoo-Desktop kernel: [    1.965652] system 00:03: [io  0x164e-0x164f] has been reserved
Apr  3 14:41:51 Gentoo-Desktop kernel: [    1.965778] system 00:03: [io  0x1000-0x107f] has been reserved
Apr  3 14:41:51 Gentoo-Desktop kernel: [    1.965903] system 00:03: [io  0x1180-0x11ff] has been reserved
Apr  3 14:41:51 Gentoo-Desktop kernel: [    1.966028] system 00:03: [io  0x0800-0x080f] has been reserved
Apr  3 14:41:51 Gentoo-Desktop kernel: [    1.966153] system 00:03: [io  0x15e0-0x15ef] has been reserved
Apr  3 14:41:51 Gentoo-Desktop kernel: [    1.966279] system 00:03: [io  0x1600-0x1641] has been reserved
Apr  3 14:41:51 Gentoo-Desktop kernel: [    1.966404] system 00:03: [io  0x1644-0x167f] could not be reserved
Apr  3 14:41:51 Gentoo-Desktop kernel: [    1.966530] system 00:03: [mem 0xe0000000-0xefffffff] has been reserved
Apr  3 14:41:51 Gentoo-Desktop kernel: [    1.966654] system 00:03: [mem 0xf2626000-0xf2626fff] has been reserved
Apr  3 14:41:51 Gentoo-Desktop kernel: [    1.966780] system 00:03: [mem 0xc0000000-0xc0000fff] has been reserved
Apr  3 14:41:51 Gentoo-Desktop kernel: [    1.966907] system 00:03: [mem 0xfed1c000-0xfed1ffff] has been reserved
Apr  3 14:41:51 Gentoo-Desktop kernel: [    1.967033] system 00:03: [mem 0xfed10000-0xfed13fff] has been reserved
Apr  3 14:41:51 Gentoo-Desktop kernel: [    1.967159] system 00:03: [mem 0xfed18000-0xfed18fff] has been reserved
Apr  3 14:41:51 Gentoo-Desktop kernel: [    1.967285] system 00:03: [mem 0xfed19000-0xfed19fff] has been reserved
Apr  3 14:41:51 Gentoo-Desktop kernel: [    1.967411] system 00:03: [mem 0xfed45000-0xfed4bfff] has been reserved
Apr  3 14:41:51 Gentoo-Desktop kernel: [    1.967563] system 00:03: Plug and Play ACPI device, IDs PNP0c02 (active)
Apr  3 14:41:51 Gentoo-Desktop kernel: [    1.967601] pnp 00:04: [mem 0xfed00000-0xfed003ff]
Apr  3 14:41:51 Gentoo-Desktop kernel: [    1.967676] pnp 00:04: Plug and Play ACPI device, IDs PNP0103 (active)
Apr  3 14:41:51 Gentoo-Desktop kernel: [    1.967687] pnp 00:05: [io  0x0000-0x000f]
Apr  3 14:41:51 Gentoo-Desktop kernel: [    1.967688] pnp 00:05: [io  0x0080-0x008f]
Apr  3 14:41:51 Gentoo-Desktop kernel: [    1.967690] pnp 00:05: [io  0x00c0-0x00df]
Apr  3 14:41:51 Gentoo-Desktop kernel: [    1.967692] pnp 00:05: [dma 4]
Apr  3 14:41:51 Gentoo-Desktop kernel: [    1.967775] pnp 00:05: Plug and Play ACPI device, IDs PNP0200 (active)
Apr  3 14:41:51 Gentoo-Desktop kernel: [    1.967784] pnp 00:06: [io  0x0061]
Apr  3 14:41:51 Gentoo-Desktop kernel: [    1.967857] pnp 00:06: Plug and Play ACPI device, IDs PNP0800 (active)
Apr  3 14:41:51 Gentoo-Desktop kernel: [    1.967866] pnp 00:07: [io  0x00f0]
Apr  3 14:41:51 Gentoo-Desktop kernel: [    1.967875] pnp 00:07: [irq 13]
Apr  3 14:41:51 Gentoo-Desktop kernel: [    1.967948] pnp 00:07: Plug and Play ACPI device, IDs PNP0c04 (active)
Apr  3 14:41:51 Gentoo-Desktop kernel: [    1.967957] pnp 00:08: [io  0x0070-0x0071]
Apr  3 14:41:51 Gentoo-Desktop kernel: [    1.967965] pnp 00:08: [irq 8]
Apr  3 14:41:51 Gentoo-Desktop kernel: [    1.968038] pnp 00:08: Plug and Play ACPI device, IDs PNP0b00 (active)
Apr  3 14:41:51 Gentoo-Desktop kernel: [    1.968047] pnp 00:09: [io  0x0060]
Apr  3 14:41:51 Gentoo-Desktop kernel: [    1.968049] pnp 00:09: [io  0x0064]
Apr  3 14:41:51 Gentoo-Desktop kernel: [    1.968055] pnp 00:09: [irq 1]
Apr  3 14:41:51 Gentoo-Desktop kernel: [    1.968128] pnp 00:09: Plug and Play ACPI device, IDs PNP0303 (active)
Apr  3 14:41:51 Gentoo-Desktop kernel: [    1.968144] pnp 00:0a: [irq 12]
Apr  3 14:41:51 Gentoo-Desktop kernel: [    1.968219] pnp 00:0a: Plug and Play ACPI device, IDs LEN0015 PNP0f13 (active)
Apr  3 14:41:51 Gentoo-Desktop kernel: [    1.968533] pnp 00:0b: [mem 0xfed40000-0xfed44fff]
Apr  3 14:41:51 Gentoo-Desktop kernel: [    1.968606] pnp 00:0b: Plug and Play ACPI device, IDs SMO1200 PNP0c31 (active)
Apr  3 14:41:51 Gentoo-Desktop kernel: [    1.969102] pnp: PnP ACPI: found 12 devices
Apr  3 14:41:51 Gentoo-Desktop kernel: [    1.969225] ACPI: ACPI bus type pnp unregistered
Apr  3 14:41:51 Gentoo-Desktop kernel: [    1.974039] PCI: max bus depth: 1 pci_try_num: 2
Apr  3 14:41:51 Gentoo-Desktop kernel: [    1.974110] pci 0000:01:00.0: BAR 6: assigned [mem 0xcd000000-0xcd07ffff pref]
Apr  3 14:41:51 Gentoo-Desktop kernel: [    1.974251] pci 0000:00:03.0: PCI bridge to [bus 01-01]
Apr  3 14:41:51 Gentoo-Desktop kernel: [    1.974374] pci 0000:00:03.0:   bridge window [io  0x2000-0x2fff]
Apr  3 14:41:51 Gentoo-Desktop kernel: [    1.974501] pci 0000:00:03.0:   bridge window [mem 0xcc000000-0xcdefffff]
Apr  3 14:41:51 Gentoo-Desktop kernel: [    1.974629] pci 0000:00:03.0:   bridge window [mem 0xce000000-0xdfffffff 64bit pref]
Apr  3 14:41:51 Gentoo-Desktop kernel: [    1.974772] pci 0000:00:1c.0: PCI bridge to [bus 02-02]
Apr  3 14:41:51 Gentoo-Desktop kernel: [    1.974904] pci 0000:00:1c.1: PCI bridge to [bus 03-03]
Apr  3 14:41:51 Gentoo-Desktop kernel: [    1.975030] pci 0000:00:1c.1:   bridge window [mem 0xf2000000-0xf20fffff]
Apr  3 14:41:51 Gentoo-Desktop kernel: [    1.975161] pci 0000:00:1c.3: PCI bridge to [bus 05-0c]
Apr  3 14:41:51 Gentoo-Desktop kernel: [    1.975282] pci 0000:00:1c.3:   bridge window [io  0x3000-0x3fff]
Apr  3 14:41:51 Gentoo-Desktop kernel: [    1.975409] pci 0000:00:1c.3:   bridge window [mem 0xf0000000-0xf1ffffff]
Apr  3 14:41:51 Gentoo-Desktop kernel: [    1.975537] pci 0000:00:1c.3:   bridge window [mem 0xf2700000-0xf27fffff 64bit pref]
Apr  3 14:41:51 Gentoo-Desktop kernel: [    1.975682] pci 0000:00:1c.4: PCI bridge to [bus 0d-0d]
Apr  3 14:41:51 Gentoo-Desktop kernel: [    1.975808] pci 0000:00:1c.4:   bridge window [mem 0xf2100000-0xf21fffff]
Apr  3 14:41:51 Gentoo-Desktop kernel: [    1.975940] pci 0000:00:1c.6: PCI bridge to [bus 0f-16]
Apr  3 14:41:51 Gentoo-Desktop kernel: [    1.976065] pci 0000:00:1c.6:   bridge window [mem 0xf2200000-0xf22fffff]
Apr  3 14:41:51 Gentoo-Desktop kernel: [    1.976198] pci 0000:00:1c.7: PCI bridge to [bus 17-1e]
Apr  3 14:41:51 Gentoo-Desktop kernel: [    1.976324] pci 0000:00:1c.7:   bridge window [mem 0xf2300000-0xf23fffff]
Apr  3 14:41:51 Gentoo-Desktop kernel: [    1.976454] pci 0000:00:1e.0: PCI bridge to [bus 1f-1f]
Apr  3 14:41:51 Gentoo-Desktop kernel: [    1.976592] pci 0000:00:03.0: PCI INT A -> GSI 16 (level, low) -> IRQ 16
Apr  3 14:41:51 Gentoo-Desktop kernel: [    1.976719] pci 0000:00:03.0: setting latency timer to 64
Apr  3 14:41:51 Gentoo-Desktop kernel: [    1.976735] pci 0000:00:1c.0: PCI INT A -> GSI 20 (level, low) -> IRQ 20
Apr  3 14:41:51 Gentoo-Desktop kernel: [    1.976862] pci 0000:00:1c.0: setting latency timer to 64
Apr  3 14:41:51 Gentoo-Desktop kernel: [    1.976881] pci 0000:00:1c.1: PCI INT B -> GSI 21 (level, low) -> IRQ 21
Apr  3 14:41:51 Gentoo-Desktop kernel: [    1.977009] pci 0000:00:1c.1: setting latency timer to 64
Apr  3 14:41:51 Gentoo-Desktop kernel: [    1.977027] pci 0000:00:1c.3: PCI INT D -> GSI 23 (level, low) -> IRQ 23
Apr  3 14:41:51 Gentoo-Desktop kernel: [    1.977155] pci 0000:00:1c.3: setting latency timer to 64
Apr  3 14:41:51 Gentoo-Desktop kernel: [    1.977169] pci 0000:00:1c.4: PCI INT A -> GSI 20 (level, low) -> IRQ 20
Apr  3 14:41:51 Gentoo-Desktop kernel: [    1.977297] pci 0000:00:1c.4: setting latency timer to 64
Apr  3 14:41:51 Gentoo-Desktop kernel: [    1.977314] pci 0000:00:1c.6: PCI INT C -> GSI 22 (level, low) -> IRQ 22
Apr  3 14:41:51 Gentoo-Desktop kernel: [    1.977443] pci 0000:00:1c.6: setting latency timer to 64
Apr  3 14:41:51 Gentoo-Desktop kernel: [    1.977457] pci 0000:00:1c.7: PCI INT D -> GSI 23 (level, low) -> IRQ 23
Apr  3 14:41:51 Gentoo-Desktop kernel: [    1.977585] pci 0000:00:1c.7: setting latency timer to 64
Apr  3 14:41:51 Gentoo-Desktop kernel: [    1.977599] pci 0000:00:1e.0: setting latency timer to 64
Apr  3 14:41:51 Gentoo-Desktop kernel: [    1.977607] pci_bus 0000:00: resource 4 [io  0x0000-0x0cf7]
Apr  3 14:41:51 Gentoo-Desktop kernel: [    1.977609] pci_bus 0000:00: resource 5 [io  0x0d00-0xffff]
Apr  3 14:41:51 Gentoo-Desktop kernel: [    1.977612] pci_bus 0000:00: resource 6 [mem 0x000a0000-0x000bffff]
Apr  3 14:41:51 Gentoo-Desktop kernel: [    1.977614] pci_bus 0000:00: resource 7 [mem 0x000d4000-0x000d7fff]
Apr  3 14:41:51 Gentoo-Desktop kernel: [    1.977616] pci_bus 0000:00: resource 8 [mem 0x000d8000-0x000dbfff]
Apr  3 14:41:51 Gentoo-Desktop kernel: [    1.977618] pci_bus 0000:00: resource 9 [mem 0xc0000000-0xfebfffff]
Apr  3 14:41:51 Gentoo-Desktop kernel: [    1.977620] pci_bus 0000:01: resource 0 [io  0x2000-0x2fff]
Apr  3 14:41:51 Gentoo-Desktop kernel: [    1.977622] pci_bus 0000:01: resource 1 [mem 0xcc000000-0xcdefffff]
Apr  3 14:41:51 Gentoo-Desktop kernel: [    1.977624] pci_bus 0000:01: resource 2 [mem 0xce000000-0xdfffffff 64bit pref]
Apr  3 14:41:51 Gentoo-Desktop kernel: [    1.977627] pci_bus 0000:03: resource 1 [mem 0xf2000000-0xf20fffff]
Apr  3 14:41:51 Gentoo-Desktop kernel: [    1.977629] pci_bus 0000:05: resource 0 [io  0x3000-0x3fff]
Apr  3 14:41:51 Gentoo-Desktop kernel: [    1.977631] pci_bus 0000:05: resource 1 [mem 0xf0000000-0xf1ffffff]
Apr  3 14:41:51 Gentoo-Desktop kernel: [    1.977633] pci_bus 0000:05: resource 2 [mem 0xf2700000-0xf27fffff 64bit pref]
Apr  3 14:41:51 Gentoo-Desktop kernel: [    1.977636] pci_bus 0000:0d: resource 1 [mem 0xf2100000-0xf21fffff]
Apr  3 14:41:51 Gentoo-Desktop kernel: [    1.977638] pci_bus 0000:0f: resource 1 [mem 0xf2200000-0xf22fffff]
Apr  3 14:41:51 Gentoo-Desktop kernel: [    1.977640] pci_bus 0000:17: resource 1 [mem 0xf2300000-0xf23fffff]
Apr  3 14:41:51 Gentoo-Desktop kernel: [    1.977642] pci_bus 0000:1f: resource 4 [io  0x0000-0x0cf7]
Apr  3 14:41:51 Gentoo-Desktop kernel: [    1.977644] pci_bus 0000:1f: resource 5 [io  0x0d00-0xffff]
Apr  3 14:41:51 Gentoo-Desktop kernel: [    1.977647] pci_bus 0000:1f: resource 6 [mem 0x000a0000-0x000bffff]
Apr  3 14:41:51 Gentoo-Desktop kernel: [    1.977649] pci_bus 0000:1f: resource 7 [mem 0x000d4000-0x000d7fff]
Apr  3 14:41:51 Gentoo-Desktop kernel: [    1.977651] pci_bus 0000:1f: resource 8 [mem 0x000d8000-0x000dbfff]
Apr  3 14:41:51 Gentoo-Desktop kernel: [    1.977653] pci_bus 0000:1f: resource 9 [mem 0xc0000000-0xfebfffff]
Apr  3 14:41:51 Gentoo-Desktop kernel: [    1.977766] NET: Registered protocol family 2
Apr  3 14:41:51 Gentoo-Desktop kernel: [    1.977953] IP route cache hash table entries: 524288 (order: 10, 4194304 bytes)
Apr  3 14:41:51 Gentoo-Desktop kernel: [    1.978673] TCP established hash table entries: 262144 (order: 10, 4194304 bytes)
Apr  3 14:41:51 Gentoo-Desktop kernel: [    1.980307] TCP bind hash table entries: 65536 (order: 8, 1048576 bytes)
Apr  3 14:41:51 Gentoo-Desktop kernel: [    1.980811] TCP: Hash tables configured (established 262144 bind 65536)
Apr  3 14:41:51 Gentoo-Desktop kernel: [    1.980934] TCP reno registered
Apr  3 14:41:51 Gentoo-Desktop kernel: [    1.981055] UDP hash table entries: 8192 (order: 6, 262144 bytes)
Apr  3 14:41:51 Gentoo-Desktop kernel: [    1.981317] UDP-Lite hash table entries: 8192 (order: 6, 262144 bytes)
Apr  3 14:41:51 Gentoo-Desktop kernel: [    1.981673] NET: Registered protocol family 1
Apr  3 14:41:51 Gentoo-Desktop kernel: [    1.982021] pci 0000:01:00.0: Boot video device
Apr  3 14:41:51 Gentoo-Desktop kernel: [    1.982126] PCI: CLS 64 bytes, default 64
Apr  3 14:41:51 Gentoo-Desktop kernel: [    1.982143] PCI-DMA: Using software bounce buffering for IO (SWIOTLB)
Apr  3 14:41:51 Gentoo-Desktop kernel: [    1.982269] Placing 64MB software IO TLB between ffff8800b7a7c000 - ffff8800bba7c000
Apr  3 14:41:51 Gentoo-Desktop kernel: [    1.982406] software IO TLB at phys 0xb7a7c000 - 0xbba7c000
Apr  3 14:41:51 Gentoo-Desktop kernel: [    1.982541] Simple Boot Flag at 0x35 set to 0x1
Apr  3 14:41:51 Gentoo-Desktop kernel: [    2.007181] NTFS driver 2.1.30 [Flags: R/O].
Apr  3 14:41:51 Gentoo-Desktop kernel: [    2.007409] msgmni has been set to 19868
Apr  3 14:41:51 Gentoo-Desktop kernel: [    2.009042] Block layer SCSI generic (bsg) driver version 0.4 loaded (major 254)
Apr  3 14:41:51 Gentoo-Desktop kernel: [    2.009182] io scheduler noop registered
Apr  3 14:41:51 Gentoo-Desktop kernel: [    2.009303] io scheduler deadline registered
Apr  3 14:41:51 Gentoo-Desktop kernel: [    2.009460] io scheduler cfq registered (default)
Apr  3 14:41:51 Gentoo-Desktop kernel: [    2.010430] Real Time Clock Driver v1.12b
Apr  3 14:41:51 Gentoo-Desktop kernel: [    2.010621] Non-volatile memory driver v1.3
Apr  3 14:41:51 Gentoo-Desktop kernel: [    2.010826] Linux agpgart interface v0.103
Apr  3 14:41:51 Gentoo-Desktop kernel: [    2.011275] ALI M7101 PMU not found.
Apr  3 14:41:51 Gentoo-Desktop kernel: [    2.012067] ACPI: Deprecated procfs I/F for AC is loaded, please retry with CONFIG_ACPI_PROCFS_POWER cleared
Apr  3 14:41:51 Gentoo-Desktop kernel: [    2.012616] ACPI: AC Adapter [AC] (on-line)
Apr  3 14:41:51 Gentoo-Desktop kernel: [    2.013044] input: Lid Switch as /devices/LNXSYSTM:00/device:00/PNP0C0D:00/input/input0
Apr  3 14:41:51 Gentoo-Desktop kernel: [    2.013601] ACPI: Lid Switch [LID]
Apr  3 14:41:51 Gentoo-Desktop kernel: [    2.013823] input: Sleep Button as /devices/LNXSYSTM:00/device:00/PNP0C0E:00/input/input1
Apr  3 14:41:51 Gentoo-Desktop kernel: [    2.013966] ACPI: Sleep Button [SLPB]
Apr  3 14:41:51 Gentoo-Desktop kernel: [    2.014189] input: Power Button as /devices/LNXSYSTM:00/LNXPWRBN:00/input/input2
Apr  3 14:41:51 Gentoo-Desktop kernel: [    2.014332] ACPI: Power Button [PWRF]
Apr  3 14:41:51 Gentoo-Desktop kernel: [    2.024277] acpi device:04: registered as cooling_device0
Apr  3 14:41:51 Gentoo-Desktop kernel: [    2.024556] input: Video Bus as /devices/LNXSYSTM:00/device:00/PNP0A08:00/device:03/LNXVIDEO:00/input/input3
Apr  3 14:41:51 Gentoo-Desktop kernel: [    2.024704] ACPI: Video Device [VID] (multi-head: yes  rom: no  post: no)
Apr  3 14:41:51 Gentoo-Desktop kernel: [    2.026544] Monitor-Mwait will be used to enter C-1 state
Apr  3 14:41:51 Gentoo-Desktop kernel: [    2.026601] Monitor-Mwait will be used to enter C-2 state
Apr  3 14:41:51 Gentoo-Desktop kernel: [    2.026647] Monitor-Mwait will be used to enter C-3 state
Apr  3 14:41:51 Gentoo-Desktop kernel: [    2.026676] ACPI: acpi_idle registered with cpuidle
Apr  3 14:41:51 Gentoo-Desktop kernel: [    2.035547] thermal LNXTHERM:00: registered as thermal_zone0
Apr  3 14:41:51 Gentoo-Desktop kernel: [    2.035672] ACPI: Thermal Zone [THM0] (60 C)
Apr  3 14:41:51 Gentoo-Desktop kernel: [    2.035851] ioatdma: Intel(R) QuickData Technology Driver 4.00
Apr  3 14:41:51 Gentoo-Desktop kernel: [    2.040183] brd: module loaded
Apr  3 14:41:51 Gentoo-Desktop kernel: [    2.040359] MM: desc_per_page = 128
Apr  3 14:41:51 Gentoo-Desktop kernel: [    2.040741] nbd: registered device at major 43
Apr  3 14:41:51 Gentoo-Desktop kernel: [    2.043159] Uniform Multi-Platform E-IDE driver
Apr  3 14:41:51 Gentoo-Desktop kernel: [    2.043419] ide-gd driver 1.18
Apr  3 14:41:51 Gentoo-Desktop kernel: [    2.044105] ahci 0000:00:1f.2: version 3.0
Apr  3 14:41:51 Gentoo-Desktop kernel: [    2.044123] ahci 0000:00:1f.2: PCI INT B -> GSI 16 (level, low) -> IRQ 16
Apr  3 14:41:51 Gentoo-Desktop kernel: [    2.044311] ahci 0000:00:1f.2: irq 46 for MSI/MSI-X
Apr  3 14:41:51 Gentoo-Desktop kernel: [    2.044342] ahci: SSS flag set, parallel bus scan disabled
Apr  3 14:41:51 Gentoo-Desktop kernel: [    2.044507] ahci 0000:00:1f.2: AHCI 0001.0300 32 slots 6 ports 3 Gbps 0x33 impl SATA mode
Apr  3 14:41:51 Gentoo-Desktop kernel: [    2.044670] ahci 0000:00:1f.2: flags: 64bit ncq sntf ilck stag pm led clo pio slum part ems sxs apst 
Apr  3 14:41:51 Gentoo-Desktop start-stop-daemon: pam_unix(start-stop-daemon:session): session opened for user nobody by (uid=0)
Apr  3 14:41:51 Gentoo-Desktop acpid: starting up with proc fs
Apr  3 14:41:51 Gentoo-Desktop acpid: 4 rules loaded
Apr  3 14:41:51 Gentoo-Desktop acpid: waiting for events: event logging is off
Apr  3 14:41:51 Gentoo-Desktop kernel: [    2.044824] ahci 0000:00:1f.2: setting latency timer to 64
Apr  3 14:41:51 Gentoo-Desktop kernel: [    2.053214] ACPI: Deprecated procfs I/F for battery is loaded, please retry with CONFIG_ACPI_PROCFS_POWER cleared
Apr  3 14:41:51 Gentoo-Desktop kernel: [    2.053364] ACPI: Battery Slot [BAT0] (battery present)
Apr  3 14:41:51 Gentoo-Desktop kernel: [    2.098837] scsi0 : ahci
Apr  3 14:41:51 Gentoo-Desktop kernel: [    2.099147] scsi1 : ahci
Apr  3 14:41:51 Gentoo-Desktop kernel: [    2.099418] scsi2 : ahci
Apr  3 14:41:51 Gentoo-Desktop kernel: [    2.099690] scsi3 : ahci
Apr  3 14:41:51 Gentoo-Desktop kernel: [    2.099961] scsi4 : ahci
Apr  3 14:41:51 Gentoo-Desktop kernel: [    2.100234] scsi5 : ahci
Apr  3 14:41:51 Gentoo-Desktop kernel: [    2.100898] ata1: SATA max UDMA/133 abar m2048@0xf2627000 port 0xf2627100 irq 46
Apr  3 14:41:51 Gentoo-Desktop kernel: [    2.101039] ata2: SATA max UDMA/133 abar m2048@0xf2627000 port 0xf2627180 irq 46
Apr  3 14:41:51 Gentoo-Desktop kernel: [    2.101179] ata3: DUMMY
Apr  3 14:41:51 Gentoo-Desktop kernel: [    2.101297] ata4: DUMMY
Apr  3 14:41:51 Gentoo-Desktop kernel: [    2.101417] ata5: SATA max UDMA/133 abar m2048@0xf2627000 port 0xf2627300 irq 46
Apr  3 14:41:51 Gentoo-Desktop kernel: [    2.101560] ata6: SATA max UDMA/133 abar m2048@0xf2627000 port 0xf2627380 irq 46
Apr  3 14:41:51 Gentoo-Desktop kernel: [    2.101909] tun: Universal TUN/TAP device driver, 1.6
Apr  3 14:41:51 Gentoo-Desktop kernel: [    2.102031] tun: (C) 1999-2004 Max Krasnyansky <maxk@qualcomm.com>
Apr  3 14:41:51 Gentoo-Desktop kernel: [    2.102214] e1000: Intel(R) PRO/1000 Network Driver - version 7.3.21-k8-NAPI
Apr  3 14:41:51 Gentoo-Desktop kernel: [    2.102342] e1000: Copyright (c) 1999-2006 Intel Corporation.
Apr  3 14:41:51 Gentoo-Desktop kernel: [    2.102524] e1000e: Intel(R) PRO/1000 Network Driver - 1.5.1-k
Apr  3 14:41:51 Gentoo-Desktop kernel: [    2.102648] e1000e: Copyright(c) 1999 - 2011 Intel Corporation.
Apr  3 14:41:51 Gentoo-Desktop kernel: [    2.102798] e1000e 0000:00:19.0: PCI INT A -> GSI 20 (level, low) -> IRQ 20
Apr  3 14:41:51 Gentoo-Desktop kernel: [    2.102933] e1000e 0000:00:19.0: setting latency timer to 64
Apr  3 14:41:51 Gentoo-Desktop kernel: [    2.103061] e1000e 0000:00:19.0: irq 47 for MSI/MSI-X
Apr  3 14:41:51 Gentoo-Desktop kernel: [    2.294549] e1000e 0000:00:19.0: eth0: (PCI Express:2.5GT/s:Width x1) f0:de:f1:48:2b:18
Apr  3 14:41:51 Gentoo-Desktop kernel: [    2.294690] e1000e 0000:00:19.0: eth0: Intel(R) PRO/1000 Network Connection
Apr  3 14:41:51 Gentoo-Desktop kernel: [    2.294946] e1000e 0000:00:19.0: eth0: MAC: 9, PHY: 10, PBA No: A002FF-0FF
Apr  3 14:41:51 Gentoo-Desktop kernel: [    2.295135] Intel(R) Wireless WiFi Link AGN driver for Linux, in-tree:
Apr  3 14:41:51 Gentoo-Desktop kernel: [    2.295260] Copyright(c) 2003-2011 Intel Corporation
Apr  3 14:41:51 Gentoo-Desktop kernel: [    2.295431] iwlwifi 0000:03:00.0: PCI INT A -> GSI 17 (level, low) -> IRQ 17
Apr  3 14:41:51 Gentoo-Desktop kernel: [    2.295570] iwlwifi 0000:03:00.0: setting latency timer to 64
Apr  3 14:41:51 Gentoo-Desktop kernel: [    2.295587] iwlwifi 0000:03:00.0: pci_resource_len = 0x00002000
Apr  3 14:41:51 Gentoo-Desktop kernel: [    2.295711] iwlwifi 0000:03:00.0: pci_resource_base = ffffc90000028000
Apr  3 14:41:51 Gentoo-Desktop kernel: [    2.295837] iwlwifi 0000:03:00.0: HW Revision ID = 0x35
Apr  3 14:41:51 Gentoo-Desktop kernel: [    2.296115] iwlwifi 0000:03:00.0: irq 48 for MSI/MSI-X
Apr  3 14:41:51 Gentoo-Desktop kernel: [    2.296170] iwlwifi 0000:03:00.0: Detected Intel(R) Centrino(R) Advanced-N 6200 AGN, REV=0x74
Apr  3 14:41:51 Gentoo-Desktop kernel: [    2.296420] iwlwifi 0000:03:00.0: L1 Disabled; Enabling L0S
Apr  3 14:41:51 Gentoo-Desktop kernel: [    2.324400] iwlwifi 0000:03:00.0: device EEPROM VER=0x436, CALIB=0x6
Apr  3 14:41:51 Gentoo-Desktop kernel: [    2.324525] iwlwifi 0000:03:00.0: Device SKU: 0X1f0
Apr  3 14:41:51 Gentoo-Desktop kernel: [    2.324662] iwlwifi 0000:03:00.0: Tunable channels: 13 802.11bg, 24 802.11a channels
Apr  3 14:41:51 Gentoo-Desktop kernel: [    2.325111] ehci_hcd: USB 2.0 'Enhanced' Host Controller (EHCI) Driver
Apr  3 14:41:51 Gentoo-Desktop kernel: [    2.325255] ehci_hcd 0000:00:1a.0: power state changed by ACPI to D0
Apr  3 14:41:51 Gentoo-Desktop kernel: [    2.325382] ehci_hcd 0000:00:1a.0: power state changed by ACPI to D0
Apr  3 14:41:51 Gentoo-Desktop kernel: [    2.325513] ehci_hcd 0000:00:1a.0: PCI INT D -> GSI 23 (level, low) -> IRQ 23
Apr  3 14:41:51 Gentoo-Desktop kernel: [    2.325654] ehci_hcd 0000:00:1a.0: setting latency timer to 64
Apr  3 14:41:51 Gentoo-Desktop kernel: [    2.325662] ehci_hcd 0000:00:1a.0: EHCI Host Controller
Apr  3 14:41:51 Gentoo-Desktop kernel: [    2.325808] ehci_hcd 0000:00:1a.0: new USB bus registered, assigned bus number 1
Apr  3 14:41:51 Gentoo-Desktop kernel: [    2.325980] ehci_hcd 0000:00:1a.0: debug port 2
Apr  3 14:41:51 Gentoo-Desktop kernel: [    2.329992] ehci_hcd 0000:00:1a.0: cache line size of 64 is not supported
Apr  3 14:41:51 Gentoo-Desktop kernel: [    2.330019] ehci_hcd 0000:00:1a.0: irq 23, io mem 0xf2628000
Apr  3 14:41:51 Gentoo-Desktop kernel: [    2.347572] ehci_hcd 0000:00:1a.0: USB 2.0 started, EHCI 1.00
Apr  3 14:41:51 Gentoo-Desktop kernel: [    2.347718] usb usb1: New USB device found, idVendor=1d6b, idProduct=0002
Apr  3 14:41:51 Gentoo-Desktop kernel: [    2.347844] usb usb1: New USB device strings: Mfr=3, Product=2, SerialNumber=1
Apr  3 14:41:51 Gentoo-Desktop kernel: [    2.347984] usb usb1: Product: EHCI Host Controller
Apr  3 14:41:51 Gentoo-Desktop kernel: [    2.348109] usb usb1: Manufacturer: Linux 3.2.1-gentoo-r2 ehci_hcd
Apr  3 14:41:51 Gentoo-Desktop kernel: [    2.348234] usb usb1: SerialNumber: 0000:00:1a.0
Apr  3 14:41:51 Gentoo-Desktop kernel: [    2.348529] hub 1-0:1.0: USB hub found
Apr  3 14:41:51 Gentoo-Desktop kernel: [    2.348654] hub 1-0:1.0: 3 ports detected
Apr  3 14:41:51 Gentoo-Desktop kernel: [    2.348849] ehci_hcd 0000:00:1d.0: power state changed by ACPI to D0
Apr  3 14:41:51 Gentoo-Desktop kernel: [    2.348977] ehci_hcd 0000:00:1d.0: power state changed by ACPI to D0
Apr  3 14:41:51 Gentoo-Desktop start-stop-daemon: pam_unix(start-stop-daemon:session): session opened for user nobody by (uid=0)
Apr  3 14:41:51 Gentoo-Desktop kernel: [    2.349112] ehci_hcd 0000:00:1d.0: PCI INT D -> GSI 19 (level, low) -> IRQ 19
Apr  3 14:41:51 Gentoo-Desktop kernel: [    2.349253] ehci_hcd 0000:00:1d.0: setting latency timer to 64
Apr  3 14:41:51 Gentoo-Desktop kernel: [    2.349261] ehci_hcd 0000:00:1d.0: EHCI Host Controller
Apr  3 14:41:51 Gentoo-Desktop kernel: [    2.349390] ehci_hcd 0000:00:1d.0: new USB bus registered, assigned bus number 2
Apr  3 14:41:51 Gentoo-Desktop kernel: [    2.349561] ehci_hcd 0000:00:1d.0: debug port 2
Apr  3 14:41:51 Gentoo-Desktop kernel: [    2.353564] ehci_hcd 0000:00:1d.0: cache line size of 64 is not supported
Apr  3 14:41:51 Gentoo-Desktop kernel: [    2.353581] ehci_hcd 0000:00:1d.0: irq 19, io mem 0xf2628400
Apr  3 14:41:51 Gentoo-Desktop kernel: [    2.377527] ehci_hcd 0000:00:1d.0: USB 2.0 started, EHCI 1.00
Apr  3 14:41:51 Gentoo-Desktop kernel: [    2.377672] usb usb2: New USB device found, idVendor=1d6b, idProduct=0002
Apr  3 14:41:51 Gentoo-Desktop kernel: [    2.377799] usb usb2: New USB device strings: Mfr=3, Product=2, SerialNumber=1
Apr  3 14:41:51 Gentoo-Desktop kernel: [    2.377938] usb usb2: Product: EHCI Host Controller
Apr  3 14:41:51 Gentoo-Desktop kernel: [    2.378059] usb usb2: Manufacturer: Linux 3.2.1-gentoo-r2 ehci_hcd
Apr  3 14:41:51 Gentoo-Desktop kernel: [    2.378185] usb usb2: SerialNumber: 0000:00:1d.0
Apr  3 14:41:51 Gentoo-Desktop kernel: [    2.378475] hub 2-0:1.0: USB hub found
Apr  3 14:41:51 Gentoo-Desktop kernel: [    2.378598] hub 2-0:1.0: 3 ports detected
Apr  3 14:41:51 Gentoo-Desktop kernel: [    2.378838] ohci_hcd: USB 1.1 'Open' Host Controller (OHCI) Driver
Apr  3 14:41:51 Gentoo-Desktop kernel: [    2.379018] uhci_hcd: USB Universal Host Controller Interface driver
Apr  3 14:41:51 Gentoo-Desktop kernel: [    2.379245] xhci_hcd 0000:0f:00.0: PCI INT A -> GSI 18 (level, low) -> IRQ 18
Apr  3 14:41:51 Gentoo-Desktop kernel: [    2.379390] xhci_hcd 0000:0f:00.0: setting latency timer to 64
Apr  3 14:41:51 Gentoo-Desktop kernel: [    2.379398] xhci_hcd 0000:0f:00.0: xHCI Host Controller
Apr  3 14:41:51 Gentoo-Desktop kernel: [    2.379526] xhci_hcd 0000:0f:00.0: new USB bus registered, assigned bus number 3
Apr  3 14:41:51 Gentoo-Desktop kernel: [    2.380069] xhci_hcd 0000:0f:00.0: irq 18, io mem 0xf2200000
Apr  3 14:41:51 Gentoo-Desktop kernel: [    2.380268] xhci_hcd 0000:0f:00.0: irq 49 for MSI/MSI-X
Apr  3 14:41:51 Gentoo-Desktop kernel: [    2.380275] xhci_hcd 0000:0f:00.0: irq 50 for MSI/MSI-X
Apr  3 14:41:51 Gentoo-Desktop kernel: [    2.380281] xhci_hcd 0000:0f:00.0: irq 51 for MSI/MSI-X
Apr  3 14:41:51 Gentoo-Desktop kernel: [    2.380287] xhci_hcd 0000:0f:00.0: irq 52 for MSI/MSI-X
Apr  3 14:41:51 Gentoo-Desktop kernel: [    2.380294] xhci_hcd 0000:0f:00.0: irq 53 for MSI/MSI-X
Apr  3 14:41:51 Gentoo-Desktop kernel: [    2.380300] xhci_hcd 0000:0f:00.0: irq 54 for MSI/MSI-X
Apr  3 14:41:51 Gentoo-Desktop kernel: [    2.380306] xhci_hcd 0000:0f:00.0: irq 55 for MSI/MSI-X
Apr  3 14:41:51 Gentoo-Desktop kernel: [    2.380313] xhci_hcd 0000:0f:00.0: irq 56 for MSI/MSI-X
Apr  3 14:41:51 Gentoo-Desktop kernel: [    2.380562] usb usb3: New USB device found, idVendor=1d6b, idProduct=0002
Apr  3 14:41:51 Gentoo-Desktop kernel: [    2.380688] usb usb3: New USB device strings: Mfr=3, Product=2, SerialNumber=1
Apr  3 14:41:51 Gentoo-Desktop kernel: [    2.380824] usb usb3: Product: xHCI Host Controller
Apr  3 14:41:51 Gentoo-Desktop kernel: [    2.380944] usb usb3: Manufacturer: Linux 3.2.1-gentoo-r2 xhci_hcd
Apr  3 14:41:51 Gentoo-Desktop kernel: [    2.381071] usb usb3: SerialNumber: 0000:0f:00.0
Apr  3 14:41:51 Gentoo-Desktop kernel: [    2.381294] xHCI xhci_add_endpoint called for root hub
Apr  3 14:41:51 Gentoo-Desktop kernel: [    2.381296] xHCI xhci_check_bandwidth called for root hub
Apr  3 14:41:51 Gentoo-Desktop kernel: [    2.381367] hub 3-0:1.0: USB hub found
Apr  3 14:41:51 Gentoo-Desktop kernel: [    2.381498] hub 3-0:1.0: 2 ports detected
Apr  3 14:41:51 Gentoo-Desktop kernel: [    2.381706] xhci_hcd 0000:0f:00.0: xHCI Host Controller
Apr  3 14:41:51 Gentoo-Desktop kernel: [    2.381832] xhci_hcd 0000:0f:00.0: new USB bus registered, assigned bus number 4
Apr  3 14:41:51 Gentoo-Desktop kernel: [    2.383255] usb usb4: New USB device found, idVendor=1d6b, idProduct=0003
Apr  3 14:41:51 Gentoo-Desktop kernel: [    2.383381] usb usb4: New USB device strings: Mfr=3, Product=2, SerialNumber=1
Apr  3 14:41:51 Gentoo-Desktop kernel: [    2.383520] usb usb4: Product: xHCI Host Controller
Apr  3 14:41:51 Gentoo-Desktop kernel: [    2.383643] usb usb4: Manufacturer: Linux 3.2.1-gentoo-r2 xhci_hcd
Apr  3 14:41:51 Gentoo-Desktop kernel: [    2.383769] usb usb4: SerialNumber: 0000:0f:00.0
Apr  3 14:41:51 Gentoo-Desktop kernel: [    2.383984] xHCI xhci_add_endpoint called for root hub
Apr  3 14:41:51 Gentoo-Desktop kernel: [    2.383986] xHCI xhci_check_bandwidth called for root hub
Apr  3 14:41:51 Gentoo-Desktop kernel: [    2.384056] hub 4-0:1.0: USB hub found
Apr  3 14:41:51 Gentoo-Desktop kernel: [    2.384191] hub 4-0:1.0: 2 ports detected
Apr  3 14:41:51 Gentoo-Desktop kernel: [    2.447515] ata1: SATA link up 3.0 Gbps (SStatus 123 SControl 300)
Apr  3 14:41:51 Gentoo-Desktop kernel: [    2.453221] ata1.00: ACPI cmd ef/02:00:00:00:00:a0 (SET FEATURES) succeeded
Apr  3 14:41:51 Gentoo-Desktop kernel: [    2.453228] ata1.00: ACPI cmd f5/00:00:00:00:00:a0 (SECURITY FREEZE LOCK) filtered out
Apr  3 14:41:51 Gentoo-Desktop kernel: [    2.453377] ata1.00: ACPI cmd ef/10:03:00:00:00:a0 (SET FEATURES) filtered out
Apr  3 14:41:51 Gentoo-Desktop kernel: [    2.463712] ata1.00: ATA-9: Corsair Force 3 SSD, 1.2, max UDMA/133
Apr  3 14:41:51 Gentoo-Desktop kernel: [    2.463844] ata1.00: 468862128 sectors, multi 16: LBA48 NCQ (depth 31/32), AA
Apr  3 14:41:51 Gentoo-Desktop kernel: [    2.473303] ata1.00: ACPI cmd ef/02:00:00:00:00:a0 (SET FEATURES) succeeded
Apr  3 14:41:51 Gentoo-Desktop kernel: [    2.473309] ata1.00: ACPI cmd f5/00:00:00:00:00:a0 (SECURITY FREEZE LOCK) filtered out
Apr  3 14:41:51 Gentoo-Desktop kernel: [    2.473458] ata1.00: ACPI cmd ef/10:03:00:00:00:a0 (SET FEATURES) filtered out
Apr  3 14:41:51 Gentoo-Desktop kernel: [    2.483716] ata1.00: configured for UDMA/133
Apr  3 14:41:51 Gentoo-Desktop kernel: [    2.483969] scsi 0:0:0:0: Direct-Access     ATA      Corsair Force 3  1.2  PQ: 0 ANSI: 5
Apr  3 14:41:51 Gentoo-Desktop kernel: [    2.484348] sd 0:0:0:0: [sda] 468862128 512-byte logical blocks: (240 GB/223 GiB)
Apr  3 14:41:51 Gentoo-Desktop kernel: [    2.484542] sd 0:0:0:0: [sda] Write Protect is off
Apr  3 14:41:51 Gentoo-Desktop kernel: [    2.484671] sd 0:0:0:0: [sda] Mode Sense: 00 3a 00 00
Apr  3 14:41:51 Gentoo-Desktop kernel: [    2.484686] sd 0:0:0:0: [sda] Write cache: enabled, read cache: enabled, doesn't support DPO or FUA
Apr  3 14:41:51 Gentoo-Desktop kernel: [    2.485497]  sda: sda1 sda2 sda3 < sda5 sda6 sda7 >
Apr  3 14:41:51 Gentoo-Desktop kernel: [    2.486206] sd 0:0:0:0: [sda] Attached SCSI disk
Apr  3 14:41:51 Gentoo-Desktop kernel: [    2.557528] sl811: driver sl811-hcd, 19 May 2005
Apr  3 14:41:51 Gentoo-Desktop kernel: [    2.557694] Initializing USB Mass Storage driver...
Apr  3 14:41:51 Gentoo-Desktop kernel: [    2.557878] usbcore: registered new interface driver usb-storage
Apr  3 14:41:51 Gentoo-Desktop kernel: [    2.558002] USB Mass Storage support registered.
Apr  3 14:41:51 Gentoo-Desktop kernel: [    2.558169] usbcore: registered new interface driver ums-datafab
Apr  3 14:41:51 Gentoo-Desktop kernel: [    2.558340] usbcore: registered new interface driver ums-freecom
Apr  3 14:41:51 Gentoo-Desktop kernel: [    2.558508] usbcore: registered new interface driver ums-isd200
Apr  3 14:41:51 Gentoo-Desktop kernel: [    2.558681] usbcore: registered new interface driver ums-sddr09
Apr  3 14:41:51 Gentoo-Desktop kernel: [    2.558853] usbcore: registered new interface driver ums-sddr55
Apr  3 14:41:51 Gentoo-Desktop kernel: [    2.559023] usbcore: registered new interface driver ums-usbat
Apr  3 14:41:51 Gentoo-Desktop kernel: [    2.559276] i8042: PNP: PS/2 Controller [PNP0303:KBD,PNP0f13:MOU] at 0x60,0x64 irq 1,12
Apr  3 14:41:51 Gentoo-Desktop kernel: [    2.563028] serio: i8042 KBD port at 0x60,0x64 irq 1
Apr  3 14:41:51 Gentoo-Desktop kernel: [    2.563154] serio: i8042 AUX port at 0x60,0x64 irq 12
Apr  3 14:41:51 Gentoo-Desktop kernel: [    2.563473] mousedev: PS/2 mouse device common for all mice
Apr  3 14:41:51 Gentoo-Desktop kernel: [    2.564275] usbcore: registered new interface driver keyspan_remote
Apr  3 14:41:51 Gentoo-Desktop kernel: [    2.564502] input: PC Speaker as /devices/platform/pcspkr/input/input4
Apr  3 14:41:51 Gentoo-Desktop kernel: [    2.564755] i801_smbus 0000:00:1f.3: PCI INT A -> GSI 23 (level, low) -> IRQ 23
Apr  3 14:41:51 Gentoo-Desktop kernel: [    2.566826] cpuidle: using governor ladder
Apr  3 14:41:51 Gentoo-Desktop kernel: [    2.567212] input: AT Translated Set 2 keyboard as /devices/platform/i8042/serio0/input/input5
Apr  3 14:41:51 Gentoo-Desktop kernel: [    2.569812] cpuidle: using governor menu
Apr  3 14:41:51 Gentoo-Desktop kernel: [    2.570663] usbcore: registered new interface driver usbhid
Apr  3 14:41:51 Gentoo-Desktop kernel: [    2.570795] usbhid: USB HID core driver
Apr  3 14:41:51 Gentoo-Desktop kernel: [    2.571426] thinkpad_acpi: ThinkPad ACPI Extras v0.24
Apr  3 14:41:51 Gentoo-Desktop kernel: [    2.571558] thinkpad_acpi: http://ibm-acpi.sf.net/
Apr  3 14:41:51 Gentoo-Desktop kernel: [    2.571687] thinkpad_acpi: ThinkPad BIOS 6NET74WW (1.34 ), EC 6MHT43WW-1.18
Apr  3 14:41:51 Gentoo-Desktop kernel: [    2.571822] thinkpad_acpi: Lenovo ThinkPad W510, model 4876A54
Apr  3 14:41:51 Gentoo-Desktop kernel: [    2.573280] thinkpad_acpi: detected a 8-level brightness capable ThinkPad
Apr  3 14:41:51 Gentoo-Desktop kernel: [    2.573642] thinkpad_acpi: radio switch found; radios are enabled
Apr  3 14:41:51 Gentoo-Desktop kernel: [    2.576896] thinkpad_acpi: rfkill switch tpacpi_bluetooth_sw: radio is unblocked
Apr  3 14:41:51 Gentoo-Desktop kernel: [    2.577851] Registered led device: tpacpi::thinklight
Apr  3 14:41:51 Gentoo-Desktop kernel: [    2.578025] Registered led device: tpacpi::power
Apr  3 14:41:51 Gentoo-Desktop kernel: [    2.578161] Registered led device: tpacpi::standby
Apr  3 14:41:51 Gentoo-Desktop kernel: [    2.578325] Registered led device: tpacpi::thinkvantage
Apr  3 14:41:51 Gentoo-Desktop kernel: [    2.580108] thinkpad_acpi: Standard ACPI backlight interface available, not loading native one
Apr  3 14:41:51 Gentoo-Desktop kernel: [    2.580278] thinkpad_acpi: volume: disabled as there is no ALSA support in this kernel
Apr  3 14:41:51 Gentoo-Desktop kernel: [    2.580838] input: ThinkPad Extra Buttons as /devices/platform/thinkpad_acpi/input/input6
Apr  3 14:41:51 Gentoo-Desktop kernel: [    2.581353] Netfilter messages via NETLINK v0.30.
Apr  3 14:41:51 Gentoo-Desktop kernel: [    2.581546] nf_conntrack version 0.5.0 (16384 buckets, 65536 max)
Apr  3 14:41:51 Gentoo-Desktop kernel: [    2.581943] ctnetlink v0.93: registering with nfnetlink.
Apr  3 14:41:51 Gentoo-Desktop kernel: [    2.582203] xt_time: kernel timezone is -0000
Apr  3 14:41:51 Gentoo-Desktop kernel: [    2.582348] IPv4 over IPv4 tunneling driver
Apr  3 14:41:51 Gentoo-Desktop kernel: [    2.584471] TCP cubic registered
Apr  3 14:41:51 Gentoo-Desktop kernel: [    2.584600] Initializing XFRM netlink socket
Apr  3 14:41:51 Gentoo-Desktop kernel: [    2.584732] NET: Registered protocol family 17
Apr  3 14:41:51 Gentoo-Desktop kernel: [    2.584866] NET: Registered protocol family 15
Apr  3 14:41:51 Gentoo-Desktop kernel: [    2.584994] lib80211: common routines for IEEE802.11 drivers
Apr  3 14:41:51 Gentoo-Desktop kernel: [    2.585124] lib80211_crypt: registered algorithm 'NULL'
Apr  3 14:41:51 Gentoo-Desktop kernel: [    2.667581] usb 1-1: new high-speed USB device number 2 using ehci_hcd
Apr  3 14:41:51 Gentoo-Desktop kernel: [    2.818189] usb 1-1: New USB device found, idVendor=8087, idProduct=0020
Apr  3 14:41:51 Gentoo-Desktop kernel: [    2.818308] usb 1-1: New USB device strings: Mfr=0, Product=0, SerialNumber=0
Apr  3 14:41:51 Gentoo-Desktop kernel: [    2.819274] hub 1-1:1.0: USB hub found
Apr  3 14:41:51 Gentoo-Desktop kernel: [    2.819541] hub 1-1:1.0: 6 ports detected
Apr  3 14:41:51 Gentoo-Desktop kernel: [    2.827481] ata2: SATA link up 1.5 Gbps (SStatus 113 SControl 300)
Apr  3 14:41:51 Gentoo-Desktop kernel: [    2.830139] ata2.00: ACPI cmd e3/00:1f:00:00:00:a0 (IDLE) succeeded
Apr  3 14:41:51 Gentoo-Desktop kernel: [    2.830386] ata2.00: ACPI cmd e3/00:02:00:00:00:a0 (IDLE) succeeded
Apr  3 14:41:51 Gentoo-Desktop kernel: [    2.831944] ata2.00: ATAPI: HL-DT-STDVDRAM GT33N, LT20, max UDMA/66
Apr  3 14:41:51 Gentoo-Desktop kernel: [    2.834838] ata2.00: ACPI cmd e3/00:1f:00:00:00:a0 (IDLE) succeeded
Apr  3 14:41:51 Gentoo-Desktop kernel: [    2.835108] ata2.00: ACPI cmd e3/00:02:00:00:00:a0 (IDLE) succeeded
Apr  3 14:41:51 Gentoo-Desktop kernel: [    2.836677] ata2.00: configured for UDMA/66
Apr  3 14:41:51 Gentoo-Desktop kernel: [    2.838834] scsi 1:0:0:0: CD-ROM            HL-DT-ST DVDRAM GT33N     LT20 PQ: 0 ANSI: 5
Apr  3 14:41:51 Gentoo-Desktop kernel: [    2.937316] usb 2-1: new high-speed USB device number 2 using ehci_hcd
Apr  3 14:41:51 Gentoo-Desktop kernel: [    2.977263] Refined TSC clocksource calibration: 1728.873 MHz.
Apr  3 14:41:51 Gentoo-Desktop kernel: [    2.977398] Switching to clocksource tsc
Apr  3 14:41:51 Gentoo-Desktop kernel: [    3.087877] usb 2-1: New USB device found, idVendor=8087, idProduct=0020
Apr  3 14:41:51 Gentoo-Desktop kernel: [    3.087999] usb 2-1: New USB device strings: Mfr=0, Product=0, SerialNumber=0
Apr  3 14:41:51 Gentoo-Desktop kernel: [    3.088704] hub 2-1:1.0: USB hub found
Apr  3 14:41:51 Gentoo-Desktop kernel: [    3.088985] hub 2-1:1.0: 8 ports detected
Apr  3 14:41:51 Gentoo-Desktop kernel: [    3.167477] usb 1-1.2: new full-speed USB device number 3 using ehci_hcd
Apr  3 14:41:51 Gentoo-Desktop kernel: [    3.187354] ata5: SATA link down (SStatus 0 SControl 300)
Apr  3 14:41:51 Gentoo-Desktop kernel: [    3.457397] psmouse serio1: synaptics: Touchpad model: 1, fw: 7.2, id: 0x1c0b1, caps: 0xd047b3/0xb40000/0xa0000
Apr  3 14:41:51 Gentoo-Desktop kernel: [    3.457543] psmouse serio1: synaptics: serio: Synaptics pass-through port at isa0060/serio1/input0
Apr  3 14:41:51 Gentoo-Desktop kernel: [    3.513542] input: SynPS/2 Synaptics TouchPad as /devices/platform/i8042/serio1/input/input7
Apr  3 14:41:51 Gentoo-Desktop kernel: [    3.537235] ata6: SATA link down (SStatus 0 SControl 300)
Apr  3 14:41:51 Gentoo-Desktop kernel: [    3.537755] EXT4-fs (sda7): couldn't mount as ext3 due to feature incompatibilities
Apr  3 14:41:51 Gentoo-Desktop kernel: [    3.657147] EXT4-fs (sda7): couldn't mount as ext2 due to feature incompatibilities
Apr  3 14:41:51 Gentoo-Desktop kernel: [    3.667039] usb 1-1.2: device not accepting address 3, error -32
Apr  3 14:41:51 Gentoo-Desktop kernel: [    3.710790] EXT4-fs (sda7): mounted filesystem with ordered data mode. Opts: (null)
Apr  3 14:41:51 Gentoo-Desktop kernel: [    3.710942] VFS: Mounted root (ext4 filesystem) readonly on device 8:7.
Apr  3 14:41:51 Gentoo-Desktop kernel: [    3.711239] Freeing unused kernel memory: 516k freed
Apr  3 14:41:51 Gentoo-Desktop kernel: [    3.747022] usb 1-1.2: new full-speed USB device number 4 using ehci_hcd
Apr  3 14:41:51 Gentoo-Desktop kernel: [    3.826988] usb 1-1.2: device descriptor read/64, error -32
Apr  3 14:41:51 Gentoo-Desktop [    4.007333] udevd[1187]: starting version 171
Apr  3 14:41:51 Gentoo-Desktop kernel: [    4.016887] usb 1-1.2: device descriptor read/64, error -32
Apr  3 14:41:51 Gentoo-Desktop kernel: [    4.052977] iwlwifi 0000:03:00.0: loaded firmware version 9.221.4.1 build 25532
Apr  3 14:41:51 Gentoo-Desktop kernel: [    4.053850] Registered led device: phy0-led
Apr  3 14:41:51 Gentoo-Desktop kernel: [    4.053921] ieee80211 phy0: Selected rate control algorithm 'iwl-agn-rs'
Apr  3 14:41:51 Gentoo-Desktop kernel: [    4.152804] Disabling lock debugging due to kernel taint
Apr  3 14:41:51 Gentoo-Desktop kernel: [    4.152809] nvidia: module license 'NVIDIA' taints kernel.
Apr  3 14:41:51 Gentoo-Desktop kernel: [    4.187302] nvidia 0000:01:00.0: power state changed by ACPI to D0
Apr  3 14:41:51 Gentoo-Desktop kernel: [    4.187305] nvidia 0000:01:00.0: power state changed by ACPI to D0
Apr  3 14:41:51 Gentoo-Desktop kernel: [    4.187311] nvidia 0000:01:00.0: PCI INT A -> GSI 16 (level, low) -> IRQ 16
Apr  3 14:41:51 Gentoo-Desktop kernel: [    4.187317] nvidia 0000:01:00.0: setting latency timer to 64
Apr  3 14:41:51 Gentoo-Desktop kernel: [    4.187321] vgaarb: device changed decodes: PCI:0000:01:00.0,olddecodes=io+mem,decodes=none:owns=io+mem
Apr  3 14:41:51 Gentoo-Desktop kernel: [    4.187440] NVRM: loading NVIDIA UNIX x86_64 Kernel Module  290.10  Wed Nov 16 17:39:29 PST 2011
Apr  3 14:41:51 Gentoo-Desktop kernel: [    4.206989] usb 1-1.2: new full-speed USB device number 5 using ehci_hcd
Apr  3 14:41:51 Gentoo-Desktop kernel: [    4.237980] usb 1-1.2: device descriptor read/8, error -32
Apr  3 14:41:51 Gentoo-Desktop kernel: [    4.367915] usb 1-1.2: device descriptor read/8, error -32
Apr  3 14:41:51 Gentoo-Desktop kernel: [    4.556747] usb 1-1.2: new full-speed USB device number 6 using ehci_hcd
Apr  3 14:41:51 Gentoo-Desktop kernel: [    4.597472] usb 1-1.2: device descriptor read/8, error -32
Apr  3 14:41:51 Gentoo-Desktop kernel: [    4.727528] usb 1-1.2: device descriptor read/8, error -32
Apr  3 14:41:51 Gentoo-Desktop kernel: [    4.836625] hub 1-1:1.0: unable to enumerate USB device on port 2
Apr  3 14:41:51 Gentoo-Desktop kernel: [    4.916439] usb 1-1.3: new full-speed USB device number 7 using ehci_hcd
Apr  3 14:41:51 Gentoo-Desktop kernel: [    5.037628] usb 1-1.3: New USB device found, idVendor=147e, idProduct=2016
Apr  3 14:41:51 Gentoo-Desktop kernel: [    5.037631] usb 1-1.3: New USB device strings: Mfr=1, Product=2, SerialNumber=0
Apr  3 14:41:51 Gentoo-Desktop kernel: [    5.037634] usb 1-1.3: Product: Biometric Coprocessor
Apr  3 14:41:51 Gentoo-Desktop kernel: [    5.037636] usb 1-1.3: Manufacturer: UPEK
Apr  3 14:41:51 Gentoo-Desktop kernel: [    5.039262] WARNING! power/level is deprecated; use power/control instead
Apr  3 14:41:51 Gentoo-Desktop kernel: [    5.136338] usb 1-1.4: new full-speed USB device number 8 using ehci_hcd
Apr  3 14:41:51 Gentoo-Desktop kernel: [    5.270012] usb 1-1.4: New USB device found, idVendor=0a5c, idProduct=217f
Apr  3 14:41:51 Gentoo-Desktop kernel: [    5.270015] usb 1-1.4: New USB device strings: Mfr=1, Product=2, SerialNumber=3
Apr  3 14:41:51 Gentoo-Desktop kernel: [    5.270018] usb 1-1.4: Product: Broadcom Bluetooth Device
Apr  3 14:41:51 Gentoo-Desktop kernel: [    5.270020] usb 1-1.4: Manufacturer: Broadcom Corp
Apr  3 14:41:51 Gentoo-Desktop kernel: [    5.270022] usb 1-1.4: SerialNumber: 889FFAEC2161
Apr  3 14:41:51 Gentoo-Desktop kernel: [    5.356228] usb 1-1.6: new high-speed USB device number 9 using ehci_hcd
Apr  3 14:41:51 Gentoo-Desktop kernel: [    5.491665] usb 1-1.6: New USB device found, idVendor=17ef, idProduct=480f
Apr  3 14:41:51 Gentoo-Desktop kernel: [    5.491668] usb 1-1.6: New USB device strings: Mfr=1, Product=2, SerialNumber=0
Apr  3 14:41:51 Gentoo-Desktop kernel: [    5.491671] usb 1-1.6: Product: Integrated Camera
Apr  3 14:41:51 Gentoo-Desktop kernel: [    5.491673] usb 1-1.6: Manufacturer: Chicony Electronics Co., Ltd.
Apr  3 14:41:51 Gentoo-Desktop kernel: [    7.788745] EXT4-fs (sda7): re-mounted. Opts: discard,user_xattr
Apr  3 14:41:51 Gentoo-Desktop laptop-mode: Laptop mode 
Apr  3 14:41:51 Gentoo-Desktop laptop-mode: enabled, active
Apr  3 14:41:51 Gentoo-Desktop kernel: [    9.756294] e1000e 0000:00:19.0: PME# enabled
Apr  3 14:41:51 Gentoo-Desktop kernel: [    9.775757] ehci_hcd 0000:00:1d.0: PCI INT D disabled
Apr  3 14:41:51 Gentoo-Desktop kernel: [    9.775798] ehci_hcd 0000:00:1d.0: PME# enabled
Apr  3 14:41:51 Gentoo-Desktop kernel: [    9.793975] ehci_hcd 0000:00:1d.0: power state changed by ACPI to D3
Apr  3 14:41:51 Gentoo-Desktop kernel: [    9.808812] xhci_hcd 0000:0f:00.0: PME# enabled
Apr  3 14:41:51 Gentoo-Desktop kernel: [    9.942029] ehci_hcd 0000:00:1d.0: power state changed by ACPI to D0
Apr  3 14:41:51 Gentoo-Desktop kernel: [    9.953831] ehci_hcd 0000:00:1d.0: BAR 0: set to [mem 0xf2628400-0xf26287ff] (PCI address [0xf2628400-0xf26287ff])
Apr  3 14:41:51 Gentoo-Desktop kernel: [    9.953842] ehci_hcd 0000:00:1d.0: power state changed by ACPI to D0
Apr  3 14:41:51 Gentoo-Desktop kernel: [    9.953865] ehci_hcd 0000:00:1d.0: restoring config space at offset 0xf (was 0x400, writing 0x40b)
Apr  3 14:41:51 Gentoo-Desktop kernel: [    9.953889] ehci_hcd 0000:00:1d.0: restoring config space at offset 0x1 (was 0x2900000, writing 0x2900102)
Apr  3 14:41:51 Gentoo-Desktop kernel: [    9.953927] ehci_hcd 0000:00:1d.0: PME# disabled
Apr  3 14:41:51 Gentoo-Desktop kernel: [    9.953932] ehci_hcd 0000:00:1d.0: power state changed by ACPI to D0
Apr  3 14:41:51 Gentoo-Desktop kernel: [    9.953940] ehci_hcd 0000:00:1d.0: power state changed by ACPI to D0
Apr  3 14:41:51 Gentoo-Desktop kernel: [    9.953948] ehci_hcd 0000:00:1d.0: PCI INT D -> GSI 19 (level, low) -> IRQ 19
Apr  3 14:41:51 Gentoo-Desktop kernel: [    9.953958] ehci_hcd 0000:00:1d.0: setting latency timer to 64
Apr  3 14:41:52 Gentoo-Desktop kernel: [   10.083998] xhci_hcd 0000:0f:00.0: PME# disabled
Apr  3 14:41:52 Gentoo-Desktop kernel: [   10.084013] xhci_hcd 0000:0f:00.0: setting latency timer to 64
Apr  3 14:41:52 Gentoo-Desktop kernel: [   10.293491] IBM TrackPoint firmware: 0x0e, buttons: 3/3
Apr  3 14:41:52 Gentoo-Desktop kernel: [   10.576569] input: TPPS/2 IBM TrackPoint as /devices/platform/i8042/serio1/serio2/input/input8
Apr  3 14:41:54 Gentoo-Desktop acpid: client connected from 2575[0:0]
Apr  3 14:41:54 Gentoo-Desktop acpid: 1 client rule loaded
Apr  3 14:41:56 Gentoo-Desktop dbus[2479]: [system] Activating service name='org.freedesktop.ConsoleKit' (using servicehelper)
Apr  3 14:41:56 Gentoo-Desktop dbus[2479]: [system] Activating service name='org.freedesktop.Accounts' (using servicehelper)
Apr  3 14:41:56 Gentoo-Desktop dbus[2479]: [system] Successfully activated service 'org.freedesktop.Accounts'
Apr  3 14:41:56 Gentoo-Desktop dbus[2479]: [system] Activating service name='org.freedesktop.PolicyKit1' (using servicehelper)
Apr  3 14:41:56 Gentoo-Desktop polkitd[3180]: started daemon version 0.104 using authority implementation `local' version `0.104'
Apr  3 14:41:56 Gentoo-Desktop dbus[2479]: [system] Successfully activated service 'org.freedesktop.PolicyKit1'
Apr  3 14:41:56 Gentoo-Desktop accounts-daemon[3112]: started daemon version 0.6.15
Apr  3 14:41:56 Gentoo-Desktop dbus[2479]: [system] Successfully activated service 'org.freedesktop.ConsoleKit'
Apr  3 14:41:56 Gentoo-Desktop gdm-welcome][3108]: pam_unix(gdm-welcome:session): session opened for user gdm by (uid=0)
Apr  3 14:41:56 Gentoo-Desktop gnome-session[3191]: DEBUG(+): Enabling debugging
Apr  3 14:41:56 Gentoo-Desktop gnome-session[3191]: DEBUG(+): GsmXsmpServer: SESSION_MANAGER=local/Gentoo-Desktop:@/tmp/.ICE-unix/3191,unix/Gentoo-Desktop:/tmp/.ICE-unix/3191
Apr  3 14:41:56 Gentoo-Desktop gnome-session[3191]: DEBUG(+): GsmShell: Not connected to the shell
